2025-06-07 17:57:22.095 [INF] 开始解析XMind文件: C:\Users\miaoxu-jwk\Desktop\0522问卷调查新增内容.xmind
2025-06-07 17:57:22.117 [DBG] 接收到的字段值: {"类型":"功能测试","作者":"苗栩","标签":"20250410","优先级":"中","节点路径":"AAA","应用":"Target-LPS"}
2025-06-07 17:57:22.120 [DBG] 从文件系统读取内容: C:\Users\miaoxu-jwk\Desktop\0522问卷调查新增内容.xmind
2025-06-07 17:57:22.126 [DBG] 文件内容已缓存: C:\Users\miaoxu-jwk\Desktop\0522问卷调查新增内容.xmind
2025-06-07 17:57:22.128 [INF] 开始处理思维导图，根节点标题: 尽调问卷新增问卷项
2025-06-07 17:57:22.129 [DBG] 处理分支: 尽调问卷新增问卷项
2025-06-07 17:57:22.129 [DBG] 处理分支: 尽调问卷新增问卷项_微营销端
2025-06-07 17:57:22.129 [DBG] 处理分支: 尽调问卷新增问卷项_微营销端_代办列表
2025-06-07 17:57:22.129 [DBG] 处理分支: 尽调问卷新增问卷项_微营销端_代办列表_共富贷产品
2025-06-07 17:57:22.129 [DBG] 处理分支: 尽调问卷新增问卷项_微营销端_代办列表_共富贷产品_客户经理陈平安存在待简易尽调的数据
2025-06-07 17:57:22.129 [DBG] 处理分支: 尽调问卷新增问卷项_微营销端_代办列表_共富贷产品_客户经理陈平安存在待简易尽调的数据_点击待办列表待尽调的数据
2025-06-07 17:57:22.129 [DBG] 处理分支: 尽调问卷新增问卷项_微营销端_代办列表_共富贷产品_客户经理陈平安存在待简易尽调的数据_点击待办列表待尽调的数据_进入尽调页面
2025-06-07 17:57:22.129 [DBG] 处理分支: 尽调问卷新增问卷项_微营销端_代办列表_共富贷产品_客户经理陈平安存在待简易尽调的数据_点击待办列表待尽调的数据_进入尽调页面_信息检验页
2025-06-07 17:57:22.129 [DBG] 处理分支: 尽调问卷新增问卷项_微营销端_代办列表_共富贷产品_客户经理陈平安存在待简易尽调的数据_点击待办列表待尽调的数据_进入尽调页面_信息检验页_点击编辑
2025-06-07 17:57:22.129 [DBG] 处理分支: 尽调问卷新增问卷项_微营销端_代办列表_共富贷产品_客户经理陈平安存在待简易尽调的数据_点击待办列表待尽调的数据_进入尽调页面_信息检验页_点击编辑_补充借款人信息
2025-06-07 17:57:22.129 [DBG] 添加测试用例: 尽调问卷新增问卷项_微营销端_代办列表_共富贷产品_客户经理陈平安存在待简易尽调的数据_点击待办列表待尽调的数据_进入尽调页面_信息检验页_点击编辑_补充借款人信息
2025-06-07 17:57:22.129 [DBG] 处理分支: 尽调问卷新增问卷项_微营销端_代办列表_共富贷产品_客户经理陈平安存在待简易尽调的数据_点击待办列表待尽调的数据_进入尽调页面_信息检验页_点击编辑_上传合影
2025-06-07 17:57:22.129 [DBG] 添加测试用例: 尽调问卷新增问卷项_微营销端_代办列表_共富贷产品_客户经理陈平安存在待简易尽调的数据_点击待办列表待尽调的数据_进入尽调页面_信息检验页_点击编辑_上传合影
2025-06-07 17:57:22.129 [DBG] 处理分支: 尽调问卷新增问卷项_微营销端_代办列表_共富贷产品_客户经理陈平安存在待简易尽调的数据_点击待办列表待尽调的数据_进入尽调页面_信息检验页_点击编辑_点击下一步
2025-06-07 17:57:22.129 [DBG] 处理分支: 尽调问卷新增问卷项_微营销端_代办列表_共富贷产品_客户经理陈平安存在待简易尽调的数据_点击待办列表待尽调的数据_进入尽调页面_信息检验页_点击编辑_点击下一步_进入尽调问卷页
2025-06-07 17:57:22.139 [DBG] 处理分支: 尽调问卷新增问卷项_微营销端_代办列表_共富贷产品_客户经理陈平安存在待简易尽调的数据_点击待办列表待尽调的数据_进入尽调页面_信息检验页_点击编辑_点击下一步_进入尽调问卷页_点击 经营情况 模块进入子模块页面
2025-06-07 17:57:22.139 [DBG] 处理分支: 尽调问卷新增问卷项_微营销端_代办列表_共富贷产品_客户经理陈平安存在待简易尽调的数据_点击待办列表待尽调的数据_进入尽调页面_信息检验页_点击编辑_点击下一步_进入尽调问卷页_点击 经营情况 模块进入子模块页面_检查子模块存在经营核实tab标签
2025-06-07 17:57:22.139 [DBG] 处理分支: 尽调问卷新增问卷项_微营销端_代办列表_共富贷产品_客户经理陈平安存在待简易尽调的数据_点击待办列表待尽调的数据_进入尽调页面_信息检验页_点击编辑_点击下一步_进入尽调问卷页_点击 经营情况 模块进入子模块页面_检查子模块存在经营核实tab标签_点击顶部经营核实tab标签
2025-06-07 17:57:22.139 [DBG] 处理分支: 尽调问卷新增问卷项_微营销端_代办列表_共富贷产品_客户经理陈平安存在待简易尽调的数据_点击待办列表待尽调的数据_进入尽调页面_信息检验页_点击编辑_点击下一步_进入尽调问卷页_点击 经营情况 模块进入子模块页面_检查子模块存在经营核实tab标签_点击顶部经营核实tab标签_进入经营核实页面
2025-06-07 17:57:22.139 [DBG] 处理分支: 尽调问卷新增问卷项_微营销端_代办列表_共富贷产品_客户经理陈平安存在待简易尽调的数据_点击待办列表待尽调的数据_进入尽调页面_信息检验页_点击编辑_点击下一步_进入尽调问卷页_点击 经营情况 模块进入子模块页面_检查子模块存在经营核实tab标签_点击顶部经营核实tab标签_进入经营核实页面_显示问题
2025-06-07 17:57:22.139 [DBG] 处理分支: 尽调问卷新增问卷项_微营销端_代办列表_共富贷产品_客户经理陈平安存在待简易尽调的数据_点击待办列表待尽调的数据_进入尽调页面_信息检验页_点击编辑_点击下一步_进入尽调问卷页_点击 经营情况 模块进入子模块页面_检查子模块存在经营核实tab标签_点击顶部经营核实tab标签_进入经营核实页面_显示问题_1.借款人以及共借人担任法人或持股比例50%以上的企业是否有司法风险？
2025-06-07 17:57:22.139 [DBG] 处理分支: 尽调问卷新增问卷项_微营销端_代办列表_共富贷产品_客户经理陈平安存在待简易尽调的数据_点击待办列表待尽调的数据_进入尽调页面_信息检验页_点击编辑_点击下一步_进入尽调问卷页_点击 经营情况 模块进入子模块页面_检查子模块存在经营核实tab标签_点击顶部经营核实tab标签_进入经营核实页面_显示问题_1.借款人以及共借人担任法人或持股比例50%以上的企业是否有司法风险？_显示单选框是
2025-06-07 17:57:22.139 [DBG] 处理分支: 尽调问卷新增问卷项_微营销端_代办列表_共富贷产品_客户经理陈平安存在待简易尽调的数据_点击待办列表待尽调的数据_进入尽调页面_信息检验页_点击编辑_点击下一步_进入尽调问卷页_点击 经营情况 模块进入子模块页面_检查子模块存在经营核实tab标签_点击顶部经营核实tab标签_进入经营核实页面_显示问题_1.借款人以及共借人担任法人或持股比例50%以上的企业是否有司法风险？_显示单选框是_选中
2025-06-07 17:57:22.139 [DBG] 处理分支: 尽调问卷新增问卷项_微营销端_代办列表_共富贷产品_客户经理陈平安存在待简易尽调的数据_点击待办列表待尽调的数据_进入尽调页面_信息检验页_点击编辑_点击下一步_进入尽调问卷页_点击 经营情况 模块进入子模块页面_检查子模块存在经营核实tab标签_点击顶部经营核实tab标签_进入经营核实页面_显示问题_1.借款人以及共借人担任法人或持股比例50%以上的企业是否有司法风险？_显示单选框是_选中_显示1-1问题
2025-06-07 17:57:22.139 [DBG] 处理分支: 尽调问卷新增问卷项_微营销端_代办列表_共富贷产品_客户经理陈平安存在待简易尽调的数据_点击待办列表待尽调的数据_进入尽调页面_信息检验页_点击编辑_点击下一步_进入尽调问卷页_点击 经营情况 模块进入子模块页面_检查子模块存在经营核实tab标签_点击顶部经营核实tab标签_进入经营核实页面_显示问题_1.借款人以及共借人担任法人或持股比例50%以上的企业是否有司法风险？_显示单选框是_选中_显示1-1问题_司法风险说明（请输入文字描述）
2025-06-07 17:57:22.139 [DBG] 处理分支: 尽调问卷新增问卷项_微营销端_代办列表_共富贷产品_客户经理陈平安存在待简易尽调的数据_点击待办列表待尽调的数据_进入尽调页面_信息检验页_点击编辑_点击下一步_进入尽调问卷页_点击 经营情况 模块进入子模块页面_检查子模块存在经营核实tab标签_点击顶部经营核实tab标签_进入经营核实页面_显示问题_1.借款人以及共借人担任法人或持股比例50%以上的企业是否有司法风险？_显示单选框是_选中_显示1-1问题_司法风险说明（请输入文字描述）_多行文本输入
2025-06-07 17:57:22.139 [DBG] 处理分支: 尽调问卷新增问卷项_微营销端_代办列表_共富贷产品_客户经理陈平安存在待简易尽调的数据_点击待办列表待尽调的数据_进入尽调页面_信息检验页_点击编辑_点击下一步_进入尽调问卷页_点击 经营情况 模块进入子模块页面_检查子模块存在经营核实tab标签_点击顶部经营核实tab标签_进入经营核实页面_显示问题_1.借款人以及共借人担任法人或持股比例50%以上的企业是否有司法风险？_显示单选框是_选中_显示1-1问题_司法风险说明（请输入文字描述）_多行文本输入_不输入文本
2025-06-07 17:57:22.139 [DBG] 处理分支: 尽调问卷新增问卷项_微营销端_代办列表_共富贷产品_客户经理陈平安存在待简易尽调的数据_点击待办列表待尽调的数据_进入尽调页面_信息检验页_点击编辑_点击下一步_进入尽调问卷页_点击 经营情况 模块进入子模块页面_检查子模块存在经营核实tab标签_点击顶部经营核实tab标签_进入经营核实页面_显示问题_1.借款人以及共借人担任法人或持股比例50%以上的企业是否有司法风险？_显示单选框是_选中_显示1-1问题_司法风险说明（请输入文字描述）_多行文本输入_不输入文本_提示不能为空
2025-06-07 17:57:22.139 [DBG] 添加测试用例: 尽调问卷新增问卷项_微营销端_代办列表_共富贷产品_客户经理陈平安存在待简易尽调的数据_点击待办列表待尽调的数据_进入尽调页面_信息检验页_点击编辑_点击下一步_进入尽调问卷页_点击 经营情况 模块进入子模块页面_检查子模块存在经营核实tab标签_点击顶部经营核实tab标签_进入经营核实页面_显示问题_1.借款人以及共借人担任法人或持股比例50%以上的企业是否有司法风险？_显示单选框是_选中_显示1-1问题_司法风险说明（请输入文字描述）_多行文本输入_不输入文本_提示不能为空
2025-06-07 17:57:22.139 [DBG] 处理分支: 尽调问卷新增问卷项_微营销端_代办列表_共富贷产品_客户经理陈平安存在待简易尽调的数据_点击待办列表待尽调的数据_进入尽调页面_信息检验页_点击编辑_点击下一步_进入尽调问卷页_点击 经营情况 模块进入子模块页面_检查子模块存在经营核实tab标签_点击顶部经营核实tab标签_进入经营核实页面_显示问题_1.借款人以及共借人担任法人或持股比例50%以上的企业是否有司法风险？_显示单选框是_选中_显示1-1问题_司法风险说明（请输入文字描述）_多行文本输入_输入文本
2025-06-07 17:57:22.139 [DBG] 处理分支: 尽调问卷新增问卷项_微营销端_代办列表_共富贷产品_客户经理陈平安存在待简易尽调的数据_点击待办列表待尽调的数据_进入尽调页面_信息检验页_点击编辑_点击下一步_进入尽调问卷页_点击 经营情况 模块进入子模块页面_检查子模块存在经营核实tab标签_点击顶部经营核实tab标签_进入经营核实页面_显示问题_1.借款人以及共借人担任法人或持股比例50%以上的企业是否有司法风险？_显示单选框是_选中_显示1-1问题_司法风险说明（请输入文字描述）_多行文本输入_输入文本_200
2025-06-07 17:57:22.139 [DBG] 处理分支: 尽调问卷新增问卷项_微营销端_代办列表_共富贷产品_客户经理陈平安存在待简易尽调的数据_点击待办列表待尽调的数据_进入尽调页面_信息检验页_点击编辑_点击下一步_进入尽调问卷页_点击 经营情况 模块进入子模块页面_检查子模块存在经营核实tab标签_点击顶部经营核实tab标签_进入经营核实页面_显示问题_1.借款人以及共借人担任法人或持股比例50%以上的企业是否有司法风险？_显示单选框是_选中_显示1-1问题_司法风险说明（请输入文字描述）_多行文本输入_输入文本_200_不显示错误提示
2025-06-07 17:57:22.139 [DBG] 添加测试用例: 尽调问卷新增问卷项_微营销端_代办列表_共富贷产品_客户经理陈平安存在待简易尽调的数据_点击待办列表待尽调的数据_进入尽调页面_信息检验页_点击编辑_点击下一步_进入尽调问卷页_点击 经营情况 模块进入子模块页面_检查子模块存在经营核实tab标签_点击顶部经营核实tab标签_进入经营核实页面_显示问题_1.借款人以及共借人担任法人或持股比例50%以上的企业是否有司法风险？_显示单选框是_选中_显示1-1问题_司法风险说明（请输入文字描述）_多行文本输入_输入文本_200_不显示错误提示
2025-06-07 17:57:22.139 [DBG] 处理分支: 尽调问卷新增问卷项_微营销端_代办列表_共富贷产品_客户经理陈平安存在待简易尽调的数据_点击待办列表待尽调的数据_进入尽调页面_信息检验页_点击编辑_点击下一步_进入尽调问卷页_点击 经营情况 模块进入子模块页面_检查子模块存在经营核实tab标签_点击顶部经营核实tab标签_进入经营核实页面_显示问题_1.借款人以及共借人担任法人或持股比例50%以上的企业是否有司法风险？_显示单选框是_选中_显示1-1问题_司法风险说明（请输入文字描述）_多行文本输入_输入文本_201
2025-06-07 17:57:22.139 [DBG] 处理分支: 尽调问卷新增问卷项_微营销端_代办列表_共富贷产品_客户经理陈平安存在待简易尽调的数据_点击待办列表待尽调的数据_进入尽调页面_信息检验页_点击编辑_点击下一步_进入尽调问卷页_点击 经营情况 模块进入子模块页面_检查子模块存在经营核实tab标签_点击顶部经营核实tab标签_进入经营核实页面_显示问题_1.借款人以及共借人担任法人或持股比例50%以上的企业是否有司法风险？_显示单选框是_选中_显示1-1问题_司法风险说明（请输入文字描述）_多行文本输入_输入文本_201_提示超过上限
2025-06-07 17:57:22.139 [DBG] 添加测试用例: 尽调问卷新增问卷项_微营销端_代办列表_共富贷产品_客户经理陈平安存在待简易尽调的数据_点击待办列表待尽调的数据_进入尽调页面_信息检验页_点击编辑_点击下一步_进入尽调问卷页_点击 经营情况 模块进入子模块页面_检查子模块存在经营核实tab标签_点击顶部经营核实tab标签_进入经营核实页面_显示问题_1.借款人以及共借人担任法人或持股比例50%以上的企业是否有司法风险？_显示单选框是_选中_显示1-1问题_司法风险说明（请输入文字描述）_多行文本输入_输入文本_201_提示超过上限
2025-06-07 17:57:22.139 [DBG] 处理分支: 尽调问卷新增问卷项_微营销端_代办列表_共富贷产品_客户经理陈平安存在待简易尽调的数据_点击待办列表待尽调的数据_进入尽调页面_信息检验页_点击编辑_点击下一步_进入尽调问卷页_点击 经营情况 模块进入子模块页面_检查子模块存在经营核实tab标签_点击顶部经营核实tab标签_进入经营核实页面_显示问题_1.借款人以及共借人担任法人或持股比例50%以上的企业是否有司法风险？_显示单选框否
2025-06-07 17:57:22.139 [DBG] 处理分支: 尽调问卷新增问卷项_微营销端_代办列表_共富贷产品_客户经理陈平安存在待简易尽调的数据_点击待办列表待尽调的数据_进入尽调页面_信息检验页_点击编辑_点击下一步_进入尽调问卷页_点击 经营情况 模块进入子模块页面_检查子模块存在经营核实tab标签_点击顶部经营核实tab标签_进入经营核实页面_显示问题_1.借款人以及共借人担任法人或持股比例50%以上的企业是否有司法风险？_显示单选框否_选中
2025-06-07 17:57:22.139 [DBG] 处理分支: 尽调问卷新增问卷项_微营销端_代办列表_共富贷产品_客户经理陈平安存在待简易尽调的数据_点击待办列表待尽调的数据_进入尽调页面_信息检验页_点击编辑_点击下一步_进入尽调问卷页_点击 经营情况 模块进入子模块页面_检查子模块存在经营核实tab标签_点击顶部经营核实tab标签_进入经营核实页面_显示问题_1.借款人以及共借人担任法人或持股比例50%以上的企业是否有司法风险？_显示单选框否_选中_不显示1-1问题
2025-06-07 17:57:22.139 [DBG] 添加测试用例: 尽调问卷新增问卷项_微营销端_代办列表_共富贷产品_客户经理陈平安存在待简易尽调的数据_点击待办列表待尽调的数据_进入尽调页面_信息检验页_点击编辑_点击下一步_进入尽调问卷页_点击 经营情况 模块进入子模块页面_检查子模块存在经营核实tab标签_点击顶部经营核实tab标签_进入经营核实页面_显示问题_1.借款人以及共借人担任法人或持股比例50%以上的企业是否有司法风险？_显示单选框否_选中_不显示1-1问题
2025-06-07 17:57:22.140 [DBG] 处理分支: 尽调问卷新增问卷项_微营销端_代办列表_共富贷产品_客户经理陈平安存在待简易尽调的数据_点击待办列表待尽调的数据_进入尽调页面_信息检验页_点击编辑_点击下一步_进入尽调问卷页_点击 经营情况 模块进入子模块页面_检查子模块存在经营核实tab标签_点击顶部经营核实tab标签_进入经营核实页面_显示问题_1.借款人以及共借人担任法人或持股比例50%以上的企业是否有司法风险？_注意问题编号
2025-06-07 17:57:22.140 [DBG] 添加测试用例: 尽调问卷新增问卷项_微营销端_代办列表_共富贷产品_客户经理陈平安存在待简易尽调的数据_点击待办列表待尽调的数据_进入尽调页面_信息检验页_点击编辑_点击下一步_进入尽调问卷页_点击 经营情况 模块进入子模块页面_检查子模块存在经营核实tab标签_点击顶部经营核实tab标签_进入经营核实页面_显示问题_1.借款人以及共借人担任法人或持股比例50%以上的企业是否有司法风险？_注意问题编号
2025-06-07 17:57:22.140 [DBG] 处理分支: 尽调问卷新增问卷项_微营销端_代办列表_共富贷产品_客户经理陈平安存在待简易尽调的数据_点击待办列表待尽调的数据_进入尽调页面_信息检验页_点击编辑_点击下一步_进入尽调问卷页_点击 经营情况 模块进入子模块页面_检查子模块存在经营核实tab标签_点击顶部经营核实tab标签_进入经营核实页面_显示问题_2.借款人是否是本人实际在经营业务？是否存在代持执照，借用银行账户代走生意流水的情况？
2025-06-07 17:57:22.140 [DBG] 处理分支: 尽调问卷新增问卷项_微营销端_代办列表_共富贷产品_客户经理陈平安存在待简易尽调的数据_点击待办列表待尽调的数据_进入尽调页面_信息检验页_点击编辑_点击下一步_进入尽调问卷页_点击 经营情况 模块进入子模块页面_检查子模块存在经营核实tab标签_点击顶部经营核实tab标签_进入经营核实页面_显示问题_2.借款人是否是本人实际在经营业务？是否存在代持执照，借用银行账户代走生意流水的情况？_显示单选框是
2025-06-07 17:57:22.140 [DBG] 处理分支: 尽调问卷新增问卷项_微营销端_代办列表_共富贷产品_客户经理陈平安存在待简易尽调的数据_点击待办列表待尽调的数据_进入尽调页面_信息检验页_点击编辑_点击下一步_进入尽调问卷页_点击 经营情况 模块进入子模块页面_检查子模块存在经营核实tab标签_点击顶部经营核实tab标签_进入经营核实页面_显示问题_2.借款人是否是本人实际在经营业务？是否存在代持执照，借用银行账户代走生意流水的情况？_显示单选框是_选中
2025-06-07 17:57:22.140 [DBG] 处理分支: 尽调问卷新增问卷项_微营销端_代办列表_共富贷产品_客户经理陈平安存在待简易尽调的数据_点击待办列表待尽调的数据_进入尽调页面_信息检验页_点击编辑_点击下一步_进入尽调问卷页_点击 经营情况 模块进入子模块页面_检查子模块存在经营核实tab标签_点击顶部经营核实tab标签_进入经营核实页面_显示问题_2.借款人是否是本人实际在经营业务？是否存在代持执照，借用银行账户代走生意流水的情况？_显示单选框是_选中_显示2-1问题
2025-06-07 17:57:22.140 [DBG] 处理分支: 尽调问卷新增问卷项_微营销端_代办列表_共富贷产品_客户经理陈平安存在待简易尽调的数据_点击待办列表待尽调的数据_进入尽调页面_信息检验页_点击编辑_点击下一步_进入尽调问卷页_点击 经营情况 模块进入子模块页面_检查子模块存在经营核实tab标签_点击顶部经营核实tab标签_进入经营核实页面_显示问题_2.借款人是否是本人实际在经营业务？是否存在代持执照，借用银行账户代走生意流水的情况？_显示单选框是_选中_显示2-1问题_情况说明（请输入文字描述）
2025-06-07 17:57:22.140 [DBG] 处理分支: 尽调问卷新增问卷项_微营销端_代办列表_共富贷产品_客户经理陈平安存在待简易尽调的数据_点击待办列表待尽调的数据_进入尽调页面_信息检验页_点击编辑_点击下一步_进入尽调问卷页_点击 经营情况 模块进入子模块页面_检查子模块存在经营核实tab标签_点击顶部经营核实tab标签_进入经营核实页面_显示问题_2.借款人是否是本人实际在经营业务？是否存在代持执照，借用银行账户代走生意流水的情况？_显示单选框是_选中_显示2-1问题_情况说明（请输入文字描述）_多行文本输入
2025-06-07 17:57:22.140 [DBG] 处理分支: 尽调问卷新增问卷项_微营销端_代办列表_共富贷产品_客户经理陈平安存在待简易尽调的数据_点击待办列表待尽调的数据_进入尽调页面_信息检验页_点击编辑_点击下一步_进入尽调问卷页_点击 经营情况 模块进入子模块页面_检查子模块存在经营核实tab标签_点击顶部经营核实tab标签_进入经营核实页面_显示问题_2.借款人是否是本人实际在经营业务？是否存在代持执照，借用银行账户代走生意流水的情况？_显示单选框是_选中_显示2-1问题_情况说明（请输入文字描述）_多行文本输入_不输入文本
2025-06-07 17:57:22.140 [DBG] 处理分支: 尽调问卷新增问卷项_微营销端_代办列表_共富贷产品_客户经理陈平安存在待简易尽调的数据_点击待办列表待尽调的数据_进入尽调页面_信息检验页_点击编辑_点击下一步_进入尽调问卷页_点击 经营情况 模块进入子模块页面_检查子模块存在经营核实tab标签_点击顶部经营核实tab标签_进入经营核实页面_显示问题_2.借款人是否是本人实际在经营业务？是否存在代持执照，借用银行账户代走生意流水的情况？_显示单选框是_选中_显示2-1问题_情况说明（请输入文字描述）_多行文本输入_不输入文本_提示不能为空
2025-06-07 17:57:22.140 [DBG] 添加测试用例: 尽调问卷新增问卷项_微营销端_代办列表_共富贷产品_客户经理陈平安存在待简易尽调的数据_点击待办列表待尽调的数据_进入尽调页面_信息检验页_点击编辑_点击下一步_进入尽调问卷页_点击 经营情况 模块进入子模块页面_检查子模块存在经营核实tab标签_点击顶部经营核实tab标签_进入经营核实页面_显示问题_2.借款人是否是本人实际在经营业务？是否存在代持执照，借用银行账户代走生意流水的情况？_显示单选框是_选中_显示2-1问题_情况说明（请输入文字描述）_多行文本输入_不输入文本_提示不能为空
2025-06-07 17:57:22.140 [DBG] 处理分支: 尽调问卷新增问卷项_微营销端_代办列表_共富贷产品_客户经理陈平安存在待简易尽调的数据_点击待办列表待尽调的数据_进入尽调页面_信息检验页_点击编辑_点击下一步_进入尽调问卷页_点击 经营情况 模块进入子模块页面_检查子模块存在经营核实tab标签_点击顶部经营核实tab标签_进入经营核实页面_显示问题_2.借款人是否是本人实际在经营业务？是否存在代持执照，借用银行账户代走生意流水的情况？_显示单选框是_选中_显示2-1问题_情况说明（请输入文字描述）_多行文本输入_输入文本
2025-06-07 17:57:22.140 [DBG] 处理分支: 尽调问卷新增问卷项_微营销端_代办列表_共富贷产品_客户经理陈平安存在待简易尽调的数据_点击待办列表待尽调的数据_进入尽调页面_信息检验页_点击编辑_点击下一步_进入尽调问卷页_点击 经营情况 模块进入子模块页面_检查子模块存在经营核实tab标签_点击顶部经营核实tab标签_进入经营核实页面_显示问题_2.借款人是否是本人实际在经营业务？是否存在代持执照，借用银行账户代走生意流水的情况？_显示单选框是_选中_显示2-1问题_情况说明（请输入文字描述）_多行文本输入_输入文本_200
2025-06-07 17:57:22.140 [DBG] 处理分支: 尽调问卷新增问卷项_微营销端_代办列表_共富贷产品_客户经理陈平安存在待简易尽调的数据_点击待办列表待尽调的数据_进入尽调页面_信息检验页_点击编辑_点击下一步_进入尽调问卷页_点击 经营情况 模块进入子模块页面_检查子模块存在经营核实tab标签_点击顶部经营核实tab标签_进入经营核实页面_显示问题_2.借款人是否是本人实际在经营业务？是否存在代持执照，借用银行账户代走生意流水的情况？_显示单选框是_选中_显示2-1问题_情况说明（请输入文字描述）_多行文本输入_输入文本_200_不显示错误提示
2025-06-07 17:57:22.140 [DBG] 添加测试用例: 尽调问卷新增问卷项_微营销端_代办列表_共富贷产品_客户经理陈平安存在待简易尽调的数据_点击待办列表待尽调的数据_进入尽调页面_信息检验页_点击编辑_点击下一步_进入尽调问卷页_点击 经营情况 模块进入子模块页面_检查子模块存在经营核实tab标签_点击顶部经营核实tab标签_进入经营核实页面_显示问题_2.借款人是否是本人实际在经营业务？是否存在代持执照，借用银行账户代走生意流水的情况？_显示单选框是_选中_显示2-1问题_情况说明（请输入文字描述）_多行文本输入_输入文本_200_不显示错误提示
2025-06-07 17:57:22.140 [DBG] 处理分支: 尽调问卷新增问卷项_微营销端_代办列表_共富贷产品_客户经理陈平安存在待简易尽调的数据_点击待办列表待尽调的数据_进入尽调页面_信息检验页_点击编辑_点击下一步_进入尽调问卷页_点击 经营情况 模块进入子模块页面_检查子模块存在经营核实tab标签_点击顶部经营核实tab标签_进入经营核实页面_显示问题_2.借款人是否是本人实际在经营业务？是否存在代持执照，借用银行账户代走生意流水的情况？_显示单选框是_选中_显示2-1问题_情况说明（请输入文字描述）_多行文本输入_输入文本_201
2025-06-07 17:57:22.140 [DBG] 处理分支: 尽调问卷新增问卷项_微营销端_代办列表_共富贷产品_客户经理陈平安存在待简易尽调的数据_点击待办列表待尽调的数据_进入尽调页面_信息检验页_点击编辑_点击下一步_进入尽调问卷页_点击 经营情况 模块进入子模块页面_检查子模块存在经营核实tab标签_点击顶部经营核实tab标签_进入经营核实页面_显示问题_2.借款人是否是本人实际在经营业务？是否存在代持执照，借用银行账户代走生意流水的情况？_显示单选框是_选中_显示2-1问题_情况说明（请输入文字描述）_多行文本输入_输入文本_201_提示超过上限
2025-06-07 17:57:22.140 [DBG] 添加测试用例: 尽调问卷新增问卷项_微营销端_代办列表_共富贷产品_客户经理陈平安存在待简易尽调的数据_点击待办列表待尽调的数据_进入尽调页面_信息检验页_点击编辑_点击下一步_进入尽调问卷页_点击 经营情况 模块进入子模块页面_检查子模块存在经营核实tab标签_点击顶部经营核实tab标签_进入经营核实页面_显示问题_2.借款人是否是本人实际在经营业务？是否存在代持执照，借用银行账户代走生意流水的情况？_显示单选框是_选中_显示2-1问题_情况说明（请输入文字描述）_多行文本输入_输入文本_201_提示超过上限
2025-06-07 17:57:22.140 [DBG] 处理分支: 尽调问卷新增问卷项_微营销端_代办列表_共富贷产品_客户经理陈平安存在待简易尽调的数据_点击待办列表待尽调的数据_进入尽调页面_信息检验页_点击编辑_点击下一步_进入尽调问卷页_点击 经营情况 模块进入子模块页面_检查子模块存在经营核实tab标签_点击顶部经营核实tab标签_进入经营核实页面_显示问题_2.借款人是否是本人实际在经营业务？是否存在代持执照，借用银行账户代走生意流水的情况？_显示单选框否
2025-06-07 17:57:22.140 [DBG] 处理分支: 尽调问卷新增问卷项_微营销端_代办列表_共富贷产品_客户经理陈平安存在待简易尽调的数据_点击待办列表待尽调的数据_进入尽调页面_信息检验页_点击编辑_点击下一步_进入尽调问卷页_点击 经营情况 模块进入子模块页面_检查子模块存在经营核实tab标签_点击顶部经营核实tab标签_进入经营核实页面_显示问题_2.借款人是否是本人实际在经营业务？是否存在代持执照，借用银行账户代走生意流水的情况？_显示单选框否_选中
2025-06-07 17:57:22.140 [DBG] 处理分支: 尽调问卷新增问卷项_微营销端_代办列表_共富贷产品_客户经理陈平安存在待简易尽调的数据_点击待办列表待尽调的数据_进入尽调页面_信息检验页_点击编辑_点击下一步_进入尽调问卷页_点击 经营情况 模块进入子模块页面_检查子模块存在经营核实tab标签_点击顶部经营核实tab标签_进入经营核实页面_显示问题_2.借款人是否是本人实际在经营业务？是否存在代持执照，借用银行账户代走生意流水的情况？_显示单选框否_选中_不显示2-1问题
2025-06-07 17:57:22.140 [DBG] 添加测试用例: 尽调问卷新增问卷项_微营销端_代办列表_共富贷产品_客户经理陈平安存在待简易尽调的数据_点击待办列表待尽调的数据_进入尽调页面_信息检验页_点击编辑_点击下一步_进入尽调问卷页_点击 经营情况 模块进入子模块页面_检查子模块存在经营核实tab标签_点击顶部经营核实tab标签_进入经营核实页面_显示问题_2.借款人是否是本人实际在经营业务？是否存在代持执照，借用银行账户代走生意流水的情况？_显示单选框否_选中_不显示2-1问题
2025-06-07 17:57:22.140 [DBG] 处理分支: 尽调问卷新增问卷项_微营销端_代办列表_共富贷产品_客户经理陈平安存在待简易尽调的数据_点击待办列表待尽调的数据_进入尽调页面_信息检验页_点击编辑_点击下一步_进入尽调问卷页_点击 经营情况 模块进入子模块页面_检查子模块存在经营核实tab标签_点击顶部经营核实tab标签_进入经营核实页面_显示问题_2.借款人是否是本人实际在经营业务？是否存在代持执照，借用银行账户代走生意流水的情况？_注意问题编号
2025-06-07 17:57:22.140 [DBG] 添加测试用例: 尽调问卷新增问卷项_微营销端_代办列表_共富贷产品_客户经理陈平安存在待简易尽调的数据_点击待办列表待尽调的数据_进入尽调页面_信息检验页_点击编辑_点击下一步_进入尽调问卷页_点击 经营情况 模块进入子模块页面_检查子模块存在经营核实tab标签_点击顶部经营核实tab标签_进入经营核实页面_显示问题_2.借款人是否是本人实际在经营业务？是否存在代持执照，借用银行账户代走生意流水的情况？_注意问题编号
2025-06-07 17:57:22.140 [DBG] 处理分支: 尽调问卷新增问卷项_微营销端_代办列表_共富贷产品_客户经理陈平安存在待简易尽调的数据_点击待办列表待尽调的数据_进入尽调页面_信息检验页_点击编辑_点击下一步_进入尽调问卷页_点击 经营情况 模块进入子模块页面_检查子模块存在经营核实tab标签_点击顶部经营核实tab标签_进入经营核实页面_问卷必填信息输入完成后
2025-06-07 17:57:22.140 [DBG] 处理分支: 尽调问卷新增问卷项_微营销端_代办列表_共富贷产品_客户经理陈平安存在待简易尽调的数据_点击待办列表待尽调的数据_进入尽调页面_信息检验页_点击编辑_点击下一步_进入尽调问卷页_点击 经营情况 模块进入子模块页面_检查子模块存在经营核实tab标签_点击顶部经营核实tab标签_进入经营核实页面_问卷必填信息输入完成后_点击暂存按钮
2025-06-07 17:57:22.140 [DBG] 处理分支: 尽调问卷新增问卷项_微营销端_代办列表_共富贷产品_客户经理陈平安存在待简易尽调的数据_点击待办列表待尽调的数据_进入尽调页面_信息检验页_点击编辑_点击下一步_进入尽调问卷页_点击 经营情况 模块进入子模块页面_检查子模块存在经营核实tab标签_点击顶部经营核实tab标签_进入经营核实页面_问卷必填信息输入完成后_点击暂存按钮_返回尽调问卷页面
2025-06-07 17:57:22.140 [DBG] 处理分支: 尽调问卷新增问卷项_微营销端_代办列表_共富贷产品_客户经理陈平安存在待简易尽调的数据_点击待办列表待尽调的数据_进入尽调页面_信息检验页_点击编辑_点击下一步_进入尽调问卷页_点击 经营情况 模块进入子模块页面_检查子模块存在经营核实tab标签_点击顶部经营核实tab标签_进入经营核实页面_问卷必填信息输入完成后_点击暂存按钮_返回尽调问卷页面_再次点击
2025-06-07 17:57:22.140 [DBG] 处理分支: 尽调问卷新增问卷项_微营销端_代办列表_共富贷产品_客户经理陈平安存在待简易尽调的数据_点击待办列表待尽调的数据_进入尽调页面_信息检验页_点击编辑_点击下一步_进入尽调问卷页_点击 经营情况 模块进入子模块页面_检查子模块存在经营核实tab标签_点击顶部经营核实tab标签_进入经营核实页面_问卷必填信息输入完成后_点击暂存按钮_返回尽调问卷页面_再次点击_ 经营情况 模块进入经营核实tab页
2025-06-07 17:57:22.140 [DBG] 处理分支: 尽调问卷新增问卷项_微营销端_代办列表_共富贷产品_客户经理陈平安存在待简易尽调的数据_点击待办列表待尽调的数据_进入尽调页面_信息检验页_点击编辑_点击下一步_进入尽调问卷页_点击 经营情况 模块进入子模块页面_检查子模块存在经营核实tab标签_点击顶部经营核实tab标签_进入经营核实页面_问卷必填信息输入完成后_点击暂存按钮_返回尽调问卷页面_再次点击_ 经营情况 模块进入经营核实tab页_显示上次输入的内容
2025-06-07 17:57:22.140 [DBG] 添加测试用例: 尽调问卷新增问卷项_微营销端_代办列表_共富贷产品_客户经理陈平安存在待简易尽调的数据_点击待办列表待尽调的数据_进入尽调页面_信息检验页_点击编辑_点击下一步_进入尽调问卷页_点击 经营情况 模块进入子模块页面_检查子模块存在经营核实tab标签_点击顶部经营核实tab标签_进入经营核实页面_问卷必填信息输入完成后_点击暂存按钮_返回尽调问卷页面_再次点击_ 经营情况 模块进入经营核实tab页_显示上次输入的内容
2025-06-07 17:57:22.140 [DBG] 处理分支: 尽调问卷新增问卷项_微营销端_代办列表_共富贷产品_客户经理陈平安存在待简易尽调的数据_点击待办列表待尽调的数据_进入尽调页面_信息检验页_点击编辑_点击下一步_进入尽调问卷页_点击 经营情况 模块进入子模块页面_检查子模块存在经营核实tab标签_点击顶部经营核实tab标签_进入经营核实页面_问卷必填信息输入完成后_点击暂存按钮_经营核实tab显示✅ico
2025-06-07 17:57:22.140 [DBG] 添加测试用例: 尽调问卷新增问卷项_微营销端_代办列表_共富贷产品_客户经理陈平安存在待简易尽调的数据_点击待办列表待尽调的数据_进入尽调页面_信息检验页_点击编辑_点击下一步_进入尽调问卷页_点击 经营情况 模块进入子模块页面_检查子模块存在经营核实tab标签_点击顶部经营核实tab标签_进入经营核实页面_问卷必填信息输入完成后_点击暂存按钮_经营核实tab显示✅ico
2025-06-07 17:57:22.140 [DBG] 处理分支: 尽调问卷新增问卷项_微营销端_代办列表_共富贷产品_客户经理陈平安存在待简易尽调的数据_点击待办列表待尽调的数据_进入尽调页面_信息检验页_点击编辑_点击下一步_进入尽调问卷页_点击 经营情况 模块进入子模块页面_检查子模块存在经营核实tab标签_点击顶部经营核实tab标签_进入经营核实页面_问卷必填信息输入完成后_点击保存按钮
2025-06-07 17:57:22.140 [DBG] 处理分支: 尽调问卷新增问卷项_微营销端_代办列表_共富贷产品_客户经理陈平安存在待简易尽调的数据_点击待办列表待尽调的数据_进入尽调页面_信息检验页_点击编辑_点击下一步_进入尽调问卷页_点击 经营情况 模块进入子模块页面_检查子模块存在经营核实tab标签_点击顶部经营核实tab标签_进入经营核实页面_问卷必填信息输入完成后_点击保存按钮_会自动进入下一个问卷tab
2025-06-07 17:57:22.140 [DBG] 添加测试用例: 尽调问卷新增问卷项_微营销端_代办列表_共富贷产品_客户经理陈平安存在待简易尽调的数据_点击待办列表待尽调的数据_进入尽调页面_信息检验页_点击编辑_点击下一步_进入尽调问卷页_点击 经营情况 模块进入子模块页面_检查子模块存在经营核实tab标签_点击顶部经营核实tab标签_进入经营核实页面_问卷必填信息输入完成后_点击保存按钮_会自动进入下一个问卷tab
2025-06-07 17:57:22.140 [DBG] 处理分支: 尽调问卷新增问卷项_微营销端_代办列表_共富贷产品_客户经理陈平安存在待简易尽调的数据_点击待办列表待尽调的数据_进入尽调页面_信息检验页_点击编辑_点击下一步_进入尽调问卷页_点击 经营情况 模块进入子模块页面_检查子模块存在经营核实tab标签_点击顶部经营核实tab标签_进入经营核实页面_问卷必填信息输入完成后_返回尽调问卷页面
2025-06-07 17:57:22.140 [DBG] 处理分支: 尽调问卷新增问卷项_微营销端_代办列表_共富贷产品_客户经理陈平安存在待简易尽调的数据_点击待办列表待尽调的数据_进入尽调页面_信息检验页_点击编辑_点击下一步_进入尽调问卷页_点击 经营情况 模块进入子模块页面_检查子模块存在经营核实tab标签_点击顶部经营核实tab标签_进入经营核实页面_问卷必填信息输入完成后_返回尽调问卷页面_再次点击
2025-06-07 17:57:22.140 [DBG] 处理分支: 尽调问卷新增问卷项_微营销端_代办列表_共富贷产品_客户经理陈平安存在待简易尽调的数据_点击待办列表待尽调的数据_进入尽调页面_信息检验页_点击编辑_点击下一步_进入尽调问卷页_点击 经营情况 模块进入子模块页面_检查子模块存在经营核实tab标签_点击顶部经营核实tab标签_进入经营核实页面_问卷必填信息输入完成后_返回尽调问卷页面_再次点击_ 经营情况 模块进入经营核实tab页
2025-06-07 17:57:22.140 [DBG] 处理分支: 尽调问卷新增问卷项_微营销端_代办列表_共富贷产品_客户经理陈平安存在待简易尽调的数据_点击待办列表待尽调的数据_进入尽调页面_信息检验页_点击编辑_点击下一步_进入尽调问卷页_点击 经营情况 模块进入子模块页面_检查子模块存在经营核实tab标签_点击顶部经营核实tab标签_进入经营核实页面_问卷必填信息输入完成后_返回尽调问卷页面_再次点击_ 经营情况 模块进入经营核实tab页_显示上次输入的内容
2025-06-07 17:57:22.140 [DBG] 添加测试用例: 尽调问卷新增问卷项_微营销端_代办列表_共富贷产品_客户经理陈平安存在待简易尽调的数据_点击待办列表待尽调的数据_进入尽调页面_信息检验页_点击编辑_点击下一步_进入尽调问卷页_点击 经营情况 模块进入子模块页面_检查子模块存在经营核实tab标签_点击顶部经营核实tab标签_进入经营核实页面_问卷必填信息输入完成后_返回尽调问卷页面_再次点击_ 经营情况 模块进入经营核实tab页_显示上次输入的内容
2025-06-07 17:57:22.140 [DBG] 处理分支: 尽调问卷新增问卷项_微营销端_代办列表_共富贷产品_客户经理陈平安存在待简易尽调的数据_点击待办列表待尽调的数据_进入尽调页面_信息检验页_点击编辑_点击下一步_进入尽调问卷页_点击 经营情况 模块进入子模块页面_检查子模块存在经营核实tab标签_点击顶部经营核实tab标签_进入经营核实页面_问卷必填信息输入完成后_返回尽调问卷页面_经营核实模块卡片显示已完成4/4
2025-06-07 17:57:22.140 [DBG] 添加测试用例: 尽调问卷新增问卷项_微营销端_代办列表_共富贷产品_客户经理陈平安存在待简易尽调的数据_点击待办列表待尽调的数据_进入尽调页面_信息检验页_点击编辑_点击下一步_进入尽调问卷页_点击 经营情况 模块进入子模块页面_检查子模块存在经营核实tab标签_点击顶部经营核实tab标签_进入经营核实页面_问卷必填信息输入完成后_返回尽调问卷页面_经营核实模块卡片显示已完成4/4
2025-06-07 17:57:22.140 [DBG] 处理分支: 尽调问卷新增问卷项_微营销端_代办列表_共富贷产品_客户经理陈平安存在待财务尽调的数据
2025-06-07 17:57:22.140 [DBG] 处理分支: 尽调问卷新增问卷项_微营销端_代办列表_共富贷产品_客户经理陈平安存在待财务尽调的数据_同简易尽调测试流程
2025-06-07 17:57:22.140 [DBG] 添加测试用例: 尽调问卷新增问卷项_微营销端_代办列表_共富贷产品_客户经理陈平安存在待财务尽调的数据_同简易尽调测试流程
2025-06-07 17:57:22.141 [DBG] 处理分支: 尽调问卷新增问卷项_微营销端_代办列表_共富贷产品_客户经理陈平安存在待亲见的数据
2025-06-07 17:57:22.141 [DBG] 处理分支: 尽调问卷新增问卷项_微营销端_代办列表_共富贷产品_客户经理陈平安存在待亲见的数据_进入问卷页
2025-06-07 17:57:22.141 [DBG] 处理分支: 尽调问卷新增问卷项_微营销端_代办列表_共富贷产品_客户经理陈平安存在待亲见的数据_进入问卷页_显示
2025-06-07 17:57:22.141 [DBG] 处理分支: 尽调问卷新增问卷项_微营销端_代办列表_共富贷产品_客户经理陈平安存在待亲见的数据_进入问卷页_显示_借款人是否是本人实际在经营业务？是否存在代持执照，借用银行账户代走生意流水的情况？
2025-06-07 17:57:22.141 [DBG] 处理分支: 尽调问卷新增问卷项_微营销端_代办列表_共富贷产品_客户经理陈平安存在待亲见的数据_进入问卷页_显示_借款人是否是本人实际在经营业务？是否存在代持执照，借用银行账户代走生意流水的情况？_显示单选框是
2025-06-07 17:57:22.141 [DBG] 处理分支: 尽调问卷新增问卷项_微营销端_代办列表_共富贷产品_客户经理陈平安存在待亲见的数据_进入问卷页_显示_借款人是否是本人实际在经营业务？是否存在代持执照，借用银行账户代走生意流水的情况？_显示单选框是_选中
2025-06-07 17:57:22.141 [DBG] 处理分支: 尽调问卷新增问卷项_微营销端_代办列表_共富贷产品_客户经理陈平安存在待亲见的数据_进入问卷页_显示_借款人是否是本人实际在经营业务？是否存在代持执照，借用银行账户代走生意流水的情况？_显示单选框是_选中_显示问题
2025-06-07 17:57:22.141 [DBG] 处理分支: 尽调问卷新增问卷项_微营销端_代办列表_共富贷产品_客户经理陈平安存在待亲见的数据_进入问卷页_显示_借款人是否是本人实际在经营业务？是否存在代持执照，借用银行账户代走生意流水的情况？_显示单选框是_选中_显示问题_情况说明（请输入文字描述）
2025-06-07 17:57:22.141 [DBG] 处理分支: 尽调问卷新增问卷项_微营销端_代办列表_共富贷产品_客户经理陈平安存在待亲见的数据_进入问卷页_显示_借款人是否是本人实际在经营业务？是否存在代持执照，借用银行账户代走生意流水的情况？_显示单选框是_选中_显示问题_情况说明（请输入文字描述）_多行文本输入
2025-06-07 17:57:22.141 [DBG] 处理分支: 尽调问卷新增问卷项_微营销端_代办列表_共富贷产品_客户经理陈平安存在待亲见的数据_进入问卷页_显示_借款人是否是本人实际在经营业务？是否存在代持执照，借用银行账户代走生意流水的情况？_显示单选框是_选中_显示问题_情况说明（请输入文字描述）_多行文本输入_不输入文本
2025-06-07 17:57:22.141 [DBG] 处理分支: 尽调问卷新增问卷项_微营销端_代办列表_共富贷产品_客户经理陈平安存在待亲见的数据_进入问卷页_显示_借款人是否是本人实际在经营业务？是否存在代持执照，借用银行账户代走生意流水的情况？_显示单选框是_选中_显示问题_情况说明（请输入文字描述）_多行文本输入_不输入文本_提示不能为空
2025-06-07 17:57:22.141 [DBG] 添加测试用例: 尽调问卷新增问卷项_微营销端_代办列表_共富贷产品_客户经理陈平安存在待亲见的数据_进入问卷页_显示_借款人是否是本人实际在经营业务？是否存在代持执照，借用银行账户代走生意流水的情况？_显示单选框是_选中_显示问题_情况说明（请输入文字描述）_多行文本输入_不输入文本_提示不能为空
2025-06-07 17:57:22.141 [DBG] 处理分支: 尽调问卷新增问卷项_微营销端_代办列表_共富贷产品_客户经理陈平安存在待亲见的数据_进入问卷页_显示_借款人是否是本人实际在经营业务？是否存在代持执照，借用银行账户代走生意流水的情况？_显示单选框是_选中_显示问题_情况说明（请输入文字描述）_多行文本输入_输入文本
2025-06-07 17:57:22.141 [DBG] 处理分支: 尽调问卷新增问卷项_微营销端_代办列表_共富贷产品_客户经理陈平安存在待亲见的数据_进入问卷页_显示_借款人是否是本人实际在经营业务？是否存在代持执照，借用银行账户代走生意流水的情况？_显示单选框是_选中_显示问题_情况说明（请输入文字描述）_多行文本输入_输入文本_200
2025-06-07 17:57:22.141 [DBG] 处理分支: 尽调问卷新增问卷项_微营销端_代办列表_共富贷产品_客户经理陈平安存在待亲见的数据_进入问卷页_显示_借款人是否是本人实际在经营业务？是否存在代持执照，借用银行账户代走生意流水的情况？_显示单选框是_选中_显示问题_情况说明（请输入文字描述）_多行文本输入_输入文本_200_不显示错误提示
2025-06-07 17:57:22.141 [DBG] 添加测试用例: 尽调问卷新增问卷项_微营销端_代办列表_共富贷产品_客户经理陈平安存在待亲见的数据_进入问卷页_显示_借款人是否是本人实际在经营业务？是否存在代持执照，借用银行账户代走生意流水的情况？_显示单选框是_选中_显示问题_情况说明（请输入文字描述）_多行文本输入_输入文本_200_不显示错误提示
2025-06-07 17:57:22.141 [DBG] 处理分支: 尽调问卷新增问卷项_微营销端_代办列表_共富贷产品_客户经理陈平安存在待亲见的数据_进入问卷页_显示_借款人是否是本人实际在经营业务？是否存在代持执照，借用银行账户代走生意流水的情况？_显示单选框是_选中_显示问题_情况说明（请输入文字描述）_多行文本输入_输入文本_201
2025-06-07 17:57:22.141 [DBG] 处理分支: 尽调问卷新增问卷项_微营销端_代办列表_共富贷产品_客户经理陈平安存在待亲见的数据_进入问卷页_显示_借款人是否是本人实际在经营业务？是否存在代持执照，借用银行账户代走生意流水的情况？_显示单选框是_选中_显示问题_情况说明（请输入文字描述）_多行文本输入_输入文本_201_提示超过上限
2025-06-07 17:57:22.141 [DBG] 添加测试用例: 尽调问卷新增问卷项_微营销端_代办列表_共富贷产品_客户经理陈平安存在待亲见的数据_进入问卷页_显示_借款人是否是本人实际在经营业务？是否存在代持执照，借用银行账户代走生意流水的情况？_显示单选框是_选中_显示问题_情况说明（请输入文字描述）_多行文本输入_输入文本_201_提示超过上限
2025-06-07 17:57:22.141 [DBG] 处理分支: 尽调问卷新增问卷项_微营销端_代办列表_共富贷产品_客户经理陈平安存在待亲见的数据_进入问卷页_显示_借款人是否是本人实际在经营业务？是否存在代持执照，借用银行账户代走生意流水的情况？_显示单选框否
2025-06-07 17:57:22.141 [DBG] 处理分支: 尽调问卷新增问卷项_微营销端_代办列表_共富贷产品_客户经理陈平安存在待亲见的数据_进入问卷页_显示_借款人是否是本人实际在经营业务？是否存在代持执照，借用银行账户代走生意流水的情况？_显示单选框否_选中
2025-06-07 17:57:22.141 [DBG] 处理分支: 尽调问卷新增问卷项_微营销端_代办列表_共富贷产品_客户经理陈平安存在待亲见的数据_进入问卷页_显示_借款人是否是本人实际在经营业务？是否存在代持执照，借用银行账户代走生意流水的情况？_显示单选框否_选中_不显示问题
2025-06-07 17:57:22.141 [DBG] 添加测试用例: 尽调问卷新增问卷项_微营销端_代办列表_共富贷产品_客户经理陈平安存在待亲见的数据_进入问卷页_显示_借款人是否是本人实际在经营业务？是否存在代持执照，借用银行账户代走生意流水的情况？_显示单选框否_选中_不显示问题
2025-06-07 17:57:22.141 [DBG] 处理分支: 尽调问卷新增问卷项_微营销端_代办列表_共富贷产品_客户经理陈平安存在待亲见的数据_进入问卷页_显示_借款人是否是本人实际在经营业务？是否存在代持执照，借用银行账户代走生意流水的情况？_此问题为问卷最后一个问题
2025-06-07 17:57:22.141 [DBG] 添加测试用例: 尽调问卷新增问卷项_微营销端_代办列表_共富贷产品_客户经理陈平安存在待亲见的数据_进入问卷页_显示_借款人是否是本人实际在经营业务？是否存在代持执照，借用银行账户代走生意流水的情况？_此问题为问卷最后一个问题
2025-06-07 17:57:22.141 [DBG] 处理分支: 尽调问卷新增问卷项_微营销端_代办列表_共富贷经营贷产品
2025-06-07 17:57:22.141 [DBG] 处理分支: 尽调问卷新增问卷项_微营销端_代办列表_共富贷经营贷产品_客户经理陈平安存在待简易尽调的数据
2025-06-07 17:57:22.141 [DBG] 处理分支: 尽调问卷新增问卷项_微营销端_代办列表_共富贷经营贷产品_客户经理陈平安存在待简易尽调的数据_同共富贷产品简易尽调测试流程
2025-06-07 17:57:22.141 [DBG] 添加测试用例: 尽调问卷新增问卷项_微营销端_代办列表_共富贷经营贷产品_客户经理陈平安存在待简易尽调的数据_同共富贷产品简易尽调测试流程
2025-06-07 17:57:22.141 [DBG] 处理分支: 尽调问卷新增问卷项_微营销端_代办列表_共富贷经营贷产品_客户经理陈平安存在待财务尽调的数据
2025-06-07 17:57:22.141 [DBG] 处理分支: 尽调问卷新增问卷项_微营销端_代办列表_共富贷经营贷产品_客户经理陈平安存在待财务尽调的数据_同共富贷产品财务尽调测试流程
2025-06-07 17:57:22.141 [DBG] 添加测试用例: 尽调问卷新增问卷项_微营销端_代办列表_共富贷经营贷产品_客户经理陈平安存在待财务尽调的数据_同共富贷产品财务尽调测试流程
2025-06-07 17:57:22.141 [DBG] 处理分支: 尽调问卷新增问卷项_微营销端_代办列表_共富贷经营贷产品_客户经理陈平安存在待亲见的数据
2025-06-07 17:57:22.141 [DBG] 处理分支: 尽调问卷新增问卷项_微营销端_代办列表_共富贷经营贷产品_客户经理陈平安存在待亲见的数据_同共富贷产品亲见测试流程
2025-06-07 17:57:22.141 [DBG] 添加测试用例: 尽调问卷新增问卷项_微营销端_代办列表_共富贷经营贷产品_客户经理陈平安存在待亲见的数据_同共富贷产品亲见测试流程
2025-06-07 17:57:22.141 [INF] 思维导图处理完成，共生成 26 个测试用例
2025-06-07 18:07:58.991 [INF] 开始解析XMind文件: C:\Users\miaoxu-jwk\Desktop\0522问卷调查新增内容.xmind
2025-06-07 18:07:59.011 [DBG] 接收到的字段值: {"类型":"功能测试","作者":"苗栩","标签":"20250410","优先级":"中","节点路径":"AAA","应用":"Target-LPS"}
2025-06-07 18:07:59.013 [DBG] 从文件系统读取内容: C:\Users\miaoxu-jwk\Desktop\0522问卷调查新增内容.xmind
2025-06-07 18:07:59.021 [DBG] 文件内容已缓存: C:\Users\miaoxu-jwk\Desktop\0522问卷调查新增内容.xmind
2025-06-07 18:07:59.023 [INF] 开始处理思维导图，根节点标题: 尽调问卷新增问卷项
2025-06-07 18:07:59.024 [DBG] 处理分支: 尽调问卷新增问卷项
2025-06-07 18:07:59.024 [DBG] 处理分支: 尽调问卷新增问卷项_微营销端
2025-06-07 18:07:59.024 [DBG] 处理分支: 尽调问卷新增问卷项_微营销端_代办列表
2025-06-07 18:07:59.024 [DBG] 处理分支: 尽调问卷新增问卷项_微营销端_代办列表_共富贷产品
2025-06-07 18:07:59.024 [DBG] 处理分支: 尽调问卷新增问卷项_微营销端_代办列表_共富贷产品_客户经理陈平安存在待简易尽调的数据
2025-06-07 18:07:59.024 [DBG] 处理分支: 尽调问卷新增问卷项_微营销端_代办列表_共富贷产品_客户经理陈平安存在待简易尽调的数据_点击待办列表待尽调的数据
2025-06-07 18:07:59.024 [DBG] 处理分支: 尽调问卷新增问卷项_微营销端_代办列表_共富贷产品_客户经理陈平安存在待简易尽调的数据_点击待办列表待尽调的数据_进入尽调页面
2025-06-07 18:07:59.024 [DBG] 处理分支: 尽调问卷新增问卷项_微营销端_代办列表_共富贷产品_客户经理陈平安存在待简易尽调的数据_点击待办列表待尽调的数据_进入尽调页面_信息检验页
2025-06-07 18:07:59.024 [DBG] 处理分支: 尽调问卷新增问卷项_微营销端_代办列表_共富贷产品_客户经理陈平安存在待简易尽调的数据_点击待办列表待尽调的数据_进入尽调页面_信息检验页_点击编辑
2025-06-07 18:07:59.024 [DBG] 处理分支: 尽调问卷新增问卷项_微营销端_代办列表_共富贷产品_客户经理陈平安存在待简易尽调的数据_点击待办列表待尽调的数据_进入尽调页面_信息检验页_点击编辑_补充借款人信息
2025-06-07 18:07:59.024 [DBG] 添加测试用例: 尽调问卷新增问卷项_微营销端_代办列表_共富贷产品_客户经理陈平安存在待简易尽调的数据_点击待办列表待尽调的数据_进入尽调页面_信息检验页_点击编辑_补充借款人信息
2025-06-07 18:07:59.024 [DBG] 处理分支: 尽调问卷新增问卷项_微营销端_代办列表_共富贷产品_客户经理陈平安存在待简易尽调的数据_点击待办列表待尽调的数据_进入尽调页面_信息检验页_点击编辑_上传合影
2025-06-07 18:07:59.024 [DBG] 添加测试用例: 尽调问卷新增问卷项_微营销端_代办列表_共富贷产品_客户经理陈平安存在待简易尽调的数据_点击待办列表待尽调的数据_进入尽调页面_信息检验页_点击编辑_上传合影
2025-06-07 18:07:59.024 [DBG] 处理分支: 尽调问卷新增问卷项_微营销端_代办列表_共富贷产品_客户经理陈平安存在待简易尽调的数据_点击待办列表待尽调的数据_进入尽调页面_信息检验页_点击编辑_点击下一步
2025-06-07 18:07:59.024 [DBG] 处理分支: 尽调问卷新增问卷项_微营销端_代办列表_共富贷产品_客户经理陈平安存在待简易尽调的数据_点击待办列表待尽调的数据_进入尽调页面_信息检验页_点击编辑_点击下一步_进入尽调问卷页
2025-06-07 18:07:59.024 [DBG] 处理分支: 尽调问卷新增问卷项_微营销端_代办列表_共富贷产品_客户经理陈平安存在待简易尽调的数据_点击待办列表待尽调的数据_进入尽调页面_信息检验页_点击编辑_点击下一步_进入尽调问卷页_点击 经营情况 模块进入子模块页面
2025-06-07 18:07:59.024 [DBG] 处理分支: 尽调问卷新增问卷项_微营销端_代办列表_共富贷产品_客户经理陈平安存在待简易尽调的数据_点击待办列表待尽调的数据_进入尽调页面_信息检验页_点击编辑_点击下一步_进入尽调问卷页_点击 经营情况 模块进入子模块页面_检查子模块存在经营核实tab标签
2025-06-07 18:07:59.024 [DBG] 处理分支: 尽调问卷新增问卷项_微营销端_代办列表_共富贷产品_客户经理陈平安存在待简易尽调的数据_点击待办列表待尽调的数据_进入尽调页面_信息检验页_点击编辑_点击下一步_进入尽调问卷页_点击 经营情况 模块进入子模块页面_检查子模块存在经营核实tab标签_点击顶部经营核实tab标签
2025-06-07 18:07:59.024 [DBG] 处理分支: 尽调问卷新增问卷项_微营销端_代办列表_共富贷产品_客户经理陈平安存在待简易尽调的数据_点击待办列表待尽调的数据_进入尽调页面_信息检验页_点击编辑_点击下一步_进入尽调问卷页_点击 经营情况 模块进入子模块页面_检查子模块存在经营核实tab标签_点击顶部经营核实tab标签_进入经营核实页面
2025-06-07 18:07:59.024 [DBG] 处理分支: 尽调问卷新增问卷项_微营销端_代办列表_共富贷产品_客户经理陈平安存在待简易尽调的数据_点击待办列表待尽调的数据_进入尽调页面_信息检验页_点击编辑_点击下一步_进入尽调问卷页_点击 经营情况 模块进入子模块页面_检查子模块存在经营核实tab标签_点击顶部经营核实tab标签_进入经营核实页面_显示问题
2025-06-07 18:07:59.024 [DBG] 处理分支: 尽调问卷新增问卷项_微营销端_代办列表_共富贷产品_客户经理陈平安存在待简易尽调的数据_点击待办列表待尽调的数据_进入尽调页面_信息检验页_点击编辑_点击下一步_进入尽调问卷页_点击 经营情况 模块进入子模块页面_检查子模块存在经营核实tab标签_点击顶部经营核实tab标签_进入经营核实页面_显示问题_1.借款人以及共借人担任法人或持股比例50%以上的企业是否有司法风险？
2025-06-07 18:07:59.024 [DBG] 处理分支: 尽调问卷新增问卷项_微营销端_代办列表_共富贷产品_客户经理陈平安存在待简易尽调的数据_点击待办列表待尽调的数据_进入尽调页面_信息检验页_点击编辑_点击下一步_进入尽调问卷页_点击 经营情况 模块进入子模块页面_检查子模块存在经营核实tab标签_点击顶部经营核实tab标签_进入经营核实页面_显示问题_1.借款人以及共借人担任法人或持股比例50%以上的企业是否有司法风险？_显示单选框是
2025-06-07 18:07:59.024 [DBG] 处理分支: 尽调问卷新增问卷项_微营销端_代办列表_共富贷产品_客户经理陈平安存在待简易尽调的数据_点击待办列表待尽调的数据_进入尽调页面_信息检验页_点击编辑_点击下一步_进入尽调问卷页_点击 经营情况 模块进入子模块页面_检查子模块存在经营核实tab标签_点击顶部经营核实tab标签_进入经营核实页面_显示问题_1.借款人以及共借人担任法人或持股比例50%以上的企业是否有司法风险？_显示单选框是_选中
2025-06-07 18:07:59.024 [DBG] 处理分支: 尽调问卷新增问卷项_微营销端_代办列表_共富贷产品_客户经理陈平安存在待简易尽调的数据_点击待办列表待尽调的数据_进入尽调页面_信息检验页_点击编辑_点击下一步_进入尽调问卷页_点击 经营情况 模块进入子模块页面_检查子模块存在经营核实tab标签_点击顶部经营核实tab标签_进入经营核实页面_显示问题_1.借款人以及共借人担任法人或持股比例50%以上的企业是否有司法风险？_显示单选框是_选中_显示1-1问题
2025-06-07 18:07:59.024 [DBG] 处理分支: 尽调问卷新增问卷项_微营销端_代办列表_共富贷产品_客户经理陈平安存在待简易尽调的数据_点击待办列表待尽调的数据_进入尽调页面_信息检验页_点击编辑_点击下一步_进入尽调问卷页_点击 经营情况 模块进入子模块页面_检查子模块存在经营核实tab标签_点击顶部经营核实tab标签_进入经营核实页面_显示问题_1.借款人以及共借人担任法人或持股比例50%以上的企业是否有司法风险？_显示单选框是_选中_显示1-1问题_司法风险说明（请输入文字描述）
2025-06-07 18:07:59.024 [DBG] 处理分支: 尽调问卷新增问卷项_微营销端_代办列表_共富贷产品_客户经理陈平安存在待简易尽调的数据_点击待办列表待尽调的数据_进入尽调页面_信息检验页_点击编辑_点击下一步_进入尽调问卷页_点击 经营情况 模块进入子模块页面_检查子模块存在经营核实tab标签_点击顶部经营核实tab标签_进入经营核实页面_显示问题_1.借款人以及共借人担任法人或持股比例50%以上的企业是否有司法风险？_显示单选框是_选中_显示1-1问题_司法风险说明（请输入文字描述）_多行文本输入
2025-06-07 18:07:59.024 [DBG] 处理分支: 尽调问卷新增问卷项_微营销端_代办列表_共富贷产品_客户经理陈平安存在待简易尽调的数据_点击待办列表待尽调的数据_进入尽调页面_信息检验页_点击编辑_点击下一步_进入尽调问卷页_点击 经营情况 模块进入子模块页面_检查子模块存在经营核实tab标签_点击顶部经营核实tab标签_进入经营核实页面_显示问题_1.借款人以及共借人担任法人或持股比例50%以上的企业是否有司法风险？_显示单选框是_选中_显示1-1问题_司法风险说明（请输入文字描述）_多行文本输入_不输入文本
2025-06-07 18:07:59.024 [DBG] 处理分支: 尽调问卷新增问卷项_微营销端_代办列表_共富贷产品_客户经理陈平安存在待简易尽调的数据_点击待办列表待尽调的数据_进入尽调页面_信息检验页_点击编辑_点击下一步_进入尽调问卷页_点击 经营情况 模块进入子模块页面_检查子模块存在经营核实tab标签_点击顶部经营核实tab标签_进入经营核实页面_显示问题_1.借款人以及共借人担任法人或持股比例50%以上的企业是否有司法风险？_显示单选框是_选中_显示1-1问题_司法风险说明（请输入文字描述）_多行文本输入_不输入文本_提示不能为空
2025-06-07 18:07:59.025 [DBG] 添加测试用例: 尽调问卷新增问卷项_微营销端_代办列表_共富贷产品_客户经理陈平安存在待简易尽调的数据_点击待办列表待尽调的数据_进入尽调页面_信息检验页_点击编辑_点击下一步_进入尽调问卷页_点击 经营情况 模块进入子模块页面_检查子模块存在经营核实tab标签_点击顶部经营核实tab标签_进入经营核实页面_显示问题_1.借款人以及共借人担任法人或持股比例50%以上的企业是否有司法风险？_显示单选框是_选中_显示1-1问题_司法风险说明（请输入文字描述）_多行文本输入_不输入文本_提示不能为空
2025-06-07 18:07:59.025 [DBG] 处理分支: 尽调问卷新增问卷项_微营销端_代办列表_共富贷产品_客户经理陈平安存在待简易尽调的数据_点击待办列表待尽调的数据_进入尽调页面_信息检验页_点击编辑_点击下一步_进入尽调问卷页_点击 经营情况 模块进入子模块页面_检查子模块存在经营核实tab标签_点击顶部经营核实tab标签_进入经营核实页面_显示问题_1.借款人以及共借人担任法人或持股比例50%以上的企业是否有司法风险？_显示单选框是_选中_显示1-1问题_司法风险说明（请输入文字描述）_多行文本输入_输入文本
2025-06-07 18:07:59.025 [DBG] 处理分支: 尽调问卷新增问卷项_微营销端_代办列表_共富贷产品_客户经理陈平安存在待简易尽调的数据_点击待办列表待尽调的数据_进入尽调页面_信息检验页_点击编辑_点击下一步_进入尽调问卷页_点击 经营情况 模块进入子模块页面_检查子模块存在经营核实tab标签_点击顶部经营核实tab标签_进入经营核实页面_显示问题_1.借款人以及共借人担任法人或持股比例50%以上的企业是否有司法风险？_显示单选框是_选中_显示1-1问题_司法风险说明（请输入文字描述）_多行文本输入_输入文本_200
2025-06-07 18:07:59.025 [DBG] 处理分支: 尽调问卷新增问卷项_微营销端_代办列表_共富贷产品_客户经理陈平安存在待简易尽调的数据_点击待办列表待尽调的数据_进入尽调页面_信息检验页_点击编辑_点击下一步_进入尽调问卷页_点击 经营情况 模块进入子模块页面_检查子模块存在经营核实tab标签_点击顶部经营核实tab标签_进入经营核实页面_显示问题_1.借款人以及共借人担任法人或持股比例50%以上的企业是否有司法风险？_显示单选框是_选中_显示1-1问题_司法风险说明（请输入文字描述）_多行文本输入_输入文本_200_不显示错误提示
2025-06-07 18:07:59.025 [DBG] 添加测试用例: 尽调问卷新增问卷项_微营销端_代办列表_共富贷产品_客户经理陈平安存在待简易尽调的数据_点击待办列表待尽调的数据_进入尽调页面_信息检验页_点击编辑_点击下一步_进入尽调问卷页_点击 经营情况 模块进入子模块页面_检查子模块存在经营核实tab标签_点击顶部经营核实tab标签_进入经营核实页面_显示问题_1.借款人以及共借人担任法人或持股比例50%以上的企业是否有司法风险？_显示单选框是_选中_显示1-1问题_司法风险说明（请输入文字描述）_多行文本输入_输入文本_200_不显示错误提示
2025-06-07 18:07:59.025 [DBG] 处理分支: 尽调问卷新增问卷项_微营销端_代办列表_共富贷产品_客户经理陈平安存在待简易尽调的数据_点击待办列表待尽调的数据_进入尽调页面_信息检验页_点击编辑_点击下一步_进入尽调问卷页_点击 经营情况 模块进入子模块页面_检查子模块存在经营核实tab标签_点击顶部经营核实tab标签_进入经营核实页面_显示问题_1.借款人以及共借人担任法人或持股比例50%以上的企业是否有司法风险？_显示单选框是_选中_显示1-1问题_司法风险说明（请输入文字描述）_多行文本输入_输入文本_201
2025-06-07 18:07:59.025 [DBG] 处理分支: 尽调问卷新增问卷项_微营销端_代办列表_共富贷产品_客户经理陈平安存在待简易尽调的数据_点击待办列表待尽调的数据_进入尽调页面_信息检验页_点击编辑_点击下一步_进入尽调问卷页_点击 经营情况 模块进入子模块页面_检查子模块存在经营核实tab标签_点击顶部经营核实tab标签_进入经营核实页面_显示问题_1.借款人以及共借人担任法人或持股比例50%以上的企业是否有司法风险？_显示单选框是_选中_显示1-1问题_司法风险说明（请输入文字描述）_多行文本输入_输入文本_201_提示超过上限
2025-06-07 18:07:59.025 [DBG] 添加测试用例: 尽调问卷新增问卷项_微营销端_代办列表_共富贷产品_客户经理陈平安存在待简易尽调的数据_点击待办列表待尽调的数据_进入尽调页面_信息检验页_点击编辑_点击下一步_进入尽调问卷页_点击 经营情况 模块进入子模块页面_检查子模块存在经营核实tab标签_点击顶部经营核实tab标签_进入经营核实页面_显示问题_1.借款人以及共借人担任法人或持股比例50%以上的企业是否有司法风险？_显示单选框是_选中_显示1-1问题_司法风险说明（请输入文字描述）_多行文本输入_输入文本_201_提示超过上限
2025-06-07 18:07:59.025 [DBG] 处理分支: 尽调问卷新增问卷项_微营销端_代办列表_共富贷产品_客户经理陈平安存在待简易尽调的数据_点击待办列表待尽调的数据_进入尽调页面_信息检验页_点击编辑_点击下一步_进入尽调问卷页_点击 经营情况 模块进入子模块页面_检查子模块存在经营核实tab标签_点击顶部经营核实tab标签_进入经营核实页面_显示问题_1.借款人以及共借人担任法人或持股比例50%以上的企业是否有司法风险？_显示单选框否
2025-06-07 18:07:59.025 [DBG] 处理分支: 尽调问卷新增问卷项_微营销端_代办列表_共富贷产品_客户经理陈平安存在待简易尽调的数据_点击待办列表待尽调的数据_进入尽调页面_信息检验页_点击编辑_点击下一步_进入尽调问卷页_点击 经营情况 模块进入子模块页面_检查子模块存在经营核实tab标签_点击顶部经营核实tab标签_进入经营核实页面_显示问题_1.借款人以及共借人担任法人或持股比例50%以上的企业是否有司法风险？_显示单选框否_选中
2025-06-07 18:07:59.025 [DBG] 处理分支: 尽调问卷新增问卷项_微营销端_代办列表_共富贷产品_客户经理陈平安存在待简易尽调的数据_点击待办列表待尽调的数据_进入尽调页面_信息检验页_点击编辑_点击下一步_进入尽调问卷页_点击 经营情况 模块进入子模块页面_检查子模块存在经营核实tab标签_点击顶部经营核实tab标签_进入经营核实页面_显示问题_1.借款人以及共借人担任法人或持股比例50%以上的企业是否有司法风险？_显示单选框否_选中_不显示1-1问题
2025-06-07 18:07:59.025 [DBG] 添加测试用例: 尽调问卷新增问卷项_微营销端_代办列表_共富贷产品_客户经理陈平安存在待简易尽调的数据_点击待办列表待尽调的数据_进入尽调页面_信息检验页_点击编辑_点击下一步_进入尽调问卷页_点击 经营情况 模块进入子模块页面_检查子模块存在经营核实tab标签_点击顶部经营核实tab标签_进入经营核实页面_显示问题_1.借款人以及共借人担任法人或持股比例50%以上的企业是否有司法风险？_显示单选框否_选中_不显示1-1问题
2025-06-07 18:07:59.025 [DBG] 处理分支: 尽调问卷新增问卷项_微营销端_代办列表_共富贷产品_客户经理陈平安存在待简易尽调的数据_点击待办列表待尽调的数据_进入尽调页面_信息检验页_点击编辑_点击下一步_进入尽调问卷页_点击 经营情况 模块进入子模块页面_检查子模块存在经营核实tab标签_点击顶部经营核实tab标签_进入经营核实页面_显示问题_1.借款人以及共借人担任法人或持股比例50%以上的企业是否有司法风险？_注意问题编号
2025-06-07 18:07:59.025 [DBG] 添加测试用例: 尽调问卷新增问卷项_微营销端_代办列表_共富贷产品_客户经理陈平安存在待简易尽调的数据_点击待办列表待尽调的数据_进入尽调页面_信息检验页_点击编辑_点击下一步_进入尽调问卷页_点击 经营情况 模块进入子模块页面_检查子模块存在经营核实tab标签_点击顶部经营核实tab标签_进入经营核实页面_显示问题_1.借款人以及共借人担任法人或持股比例50%以上的企业是否有司法风险？_注意问题编号
2025-06-07 18:07:59.025 [DBG] 处理分支: 尽调问卷新增问卷项_微营销端_代办列表_共富贷产品_客户经理陈平安存在待简易尽调的数据_点击待办列表待尽调的数据_进入尽调页面_信息检验页_点击编辑_点击下一步_进入尽调问卷页_点击 经营情况 模块进入子模块页面_检查子模块存在经营核实tab标签_点击顶部经营核实tab标签_进入经营核实页面_显示问题_2.借款人是否是本人实际在经营业务？是否存在代持执照，借用银行账户代走生意流水的情况？
2025-06-07 18:07:59.025 [DBG] 处理分支: 尽调问卷新增问卷项_微营销端_代办列表_共富贷产品_客户经理陈平安存在待简易尽调的数据_点击待办列表待尽调的数据_进入尽调页面_信息检验页_点击编辑_点击下一步_进入尽调问卷页_点击 经营情况 模块进入子模块页面_检查子模块存在经营核实tab标签_点击顶部经营核实tab标签_进入经营核实页面_显示问题_2.借款人是否是本人实际在经营业务？是否存在代持执照，借用银行账户代走生意流水的情况？_显示单选框是
2025-06-07 18:07:59.025 [DBG] 处理分支: 尽调问卷新增问卷项_微营销端_代办列表_共富贷产品_客户经理陈平安存在待简易尽调的数据_点击待办列表待尽调的数据_进入尽调页面_信息检验页_点击编辑_点击下一步_进入尽调问卷页_点击 经营情况 模块进入子模块页面_检查子模块存在经营核实tab标签_点击顶部经营核实tab标签_进入经营核实页面_显示问题_2.借款人是否是本人实际在经营业务？是否存在代持执照，借用银行账户代走生意流水的情况？_显示单选框是_选中
2025-06-07 18:07:59.025 [DBG] 处理分支: 尽调问卷新增问卷项_微营销端_代办列表_共富贷产品_客户经理陈平安存在待简易尽调的数据_点击待办列表待尽调的数据_进入尽调页面_信息检验页_点击编辑_点击下一步_进入尽调问卷页_点击 经营情况 模块进入子模块页面_检查子模块存在经营核实tab标签_点击顶部经营核实tab标签_进入经营核实页面_显示问题_2.借款人是否是本人实际在经营业务？是否存在代持执照，借用银行账户代走生意流水的情况？_显示单选框是_选中_显示2-1问题
2025-06-07 18:07:59.025 [DBG] 处理分支: 尽调问卷新增问卷项_微营销端_代办列表_共富贷产品_客户经理陈平安存在待简易尽调的数据_点击待办列表待尽调的数据_进入尽调页面_信息检验页_点击编辑_点击下一步_进入尽调问卷页_点击 经营情况 模块进入子模块页面_检查子模块存在经营核实tab标签_点击顶部经营核实tab标签_进入经营核实页面_显示问题_2.借款人是否是本人实际在经营业务？是否存在代持执照，借用银行账户代走生意流水的情况？_显示单选框是_选中_显示2-1问题_情况说明（请输入文字描述）
2025-06-07 18:07:59.025 [DBG] 处理分支: 尽调问卷新增问卷项_微营销端_代办列表_共富贷产品_客户经理陈平安存在待简易尽调的数据_点击待办列表待尽调的数据_进入尽调页面_信息检验页_点击编辑_点击下一步_进入尽调问卷页_点击 经营情况 模块进入子模块页面_检查子模块存在经营核实tab标签_点击顶部经营核实tab标签_进入经营核实页面_显示问题_2.借款人是否是本人实际在经营业务？是否存在代持执照，借用银行账户代走生意流水的情况？_显示单选框是_选中_显示2-1问题_情况说明（请输入文字描述）_多行文本输入
2025-06-07 18:07:59.025 [DBG] 处理分支: 尽调问卷新增问卷项_微营销端_代办列表_共富贷产品_客户经理陈平安存在待简易尽调的数据_点击待办列表待尽调的数据_进入尽调页面_信息检验页_点击编辑_点击下一步_进入尽调问卷页_点击 经营情况 模块进入子模块页面_检查子模块存在经营核实tab标签_点击顶部经营核实tab标签_进入经营核实页面_显示问题_2.借款人是否是本人实际在经营业务？是否存在代持执照，借用银行账户代走生意流水的情况？_显示单选框是_选中_显示2-1问题_情况说明（请输入文字描述）_多行文本输入_不输入文本
2025-06-07 18:07:59.025 [DBG] 处理分支: 尽调问卷新增问卷项_微营销端_代办列表_共富贷产品_客户经理陈平安存在待简易尽调的数据_点击待办列表待尽调的数据_进入尽调页面_信息检验页_点击编辑_点击下一步_进入尽调问卷页_点击 经营情况 模块进入子模块页面_检查子模块存在经营核实tab标签_点击顶部经营核实tab标签_进入经营核实页面_显示问题_2.借款人是否是本人实际在经营业务？是否存在代持执照，借用银行账户代走生意流水的情况？_显示单选框是_选中_显示2-1问题_情况说明（请输入文字描述）_多行文本输入_不输入文本_提示不能为空
2025-06-07 18:07:59.025 [DBG] 添加测试用例: 尽调问卷新增问卷项_微营销端_代办列表_共富贷产品_客户经理陈平安存在待简易尽调的数据_点击待办列表待尽调的数据_进入尽调页面_信息检验页_点击编辑_点击下一步_进入尽调问卷页_点击 经营情况 模块进入子模块页面_检查子模块存在经营核实tab标签_点击顶部经营核实tab标签_进入经营核实页面_显示问题_2.借款人是否是本人实际在经营业务？是否存在代持执照，借用银行账户代走生意流水的情况？_显示单选框是_选中_显示2-1问题_情况说明（请输入文字描述）_多行文本输入_不输入文本_提示不能为空
2025-06-07 18:07:59.025 [DBG] 处理分支: 尽调问卷新增问卷项_微营销端_代办列表_共富贷产品_客户经理陈平安存在待简易尽调的数据_点击待办列表待尽调的数据_进入尽调页面_信息检验页_点击编辑_点击下一步_进入尽调问卷页_点击 经营情况 模块进入子模块页面_检查子模块存在经营核实tab标签_点击顶部经营核实tab标签_进入经营核实页面_显示问题_2.借款人是否是本人实际在经营业务？是否存在代持执照，借用银行账户代走生意流水的情况？_显示单选框是_选中_显示2-1问题_情况说明（请输入文字描述）_多行文本输入_输入文本
2025-06-07 18:07:59.025 [DBG] 处理分支: 尽调问卷新增问卷项_微营销端_代办列表_共富贷产品_客户经理陈平安存在待简易尽调的数据_点击待办列表待尽调的数据_进入尽调页面_信息检验页_点击编辑_点击下一步_进入尽调问卷页_点击 经营情况 模块进入子模块页面_检查子模块存在经营核实tab标签_点击顶部经营核实tab标签_进入经营核实页面_显示问题_2.借款人是否是本人实际在经营业务？是否存在代持执照，借用银行账户代走生意流水的情况？_显示单选框是_选中_显示2-1问题_情况说明（请输入文字描述）_多行文本输入_输入文本_200
2025-06-07 18:07:59.025 [DBG] 处理分支: 尽调问卷新增问卷项_微营销端_代办列表_共富贷产品_客户经理陈平安存在待简易尽调的数据_点击待办列表待尽调的数据_进入尽调页面_信息检验页_点击编辑_点击下一步_进入尽调问卷页_点击 经营情况 模块进入子模块页面_检查子模块存在经营核实tab标签_点击顶部经营核实tab标签_进入经营核实页面_显示问题_2.借款人是否是本人实际在经营业务？是否存在代持执照，借用银行账户代走生意流水的情况？_显示单选框是_选中_显示2-1问题_情况说明（请输入文字描述）_多行文本输入_输入文本_200_不显示错误提示
2025-06-07 18:07:59.025 [DBG] 添加测试用例: 尽调问卷新增问卷项_微营销端_代办列表_共富贷产品_客户经理陈平安存在待简易尽调的数据_点击待办列表待尽调的数据_进入尽调页面_信息检验页_点击编辑_点击下一步_进入尽调问卷页_点击 经营情况 模块进入子模块页面_检查子模块存在经营核实tab标签_点击顶部经营核实tab标签_进入经营核实页面_显示问题_2.借款人是否是本人实际在经营业务？是否存在代持执照，借用银行账户代走生意流水的情况？_显示单选框是_选中_显示2-1问题_情况说明（请输入文字描述）_多行文本输入_输入文本_200_不显示错误提示
2025-06-07 18:07:59.025 [DBG] 处理分支: 尽调问卷新增问卷项_微营销端_代办列表_共富贷产品_客户经理陈平安存在待简易尽调的数据_点击待办列表待尽调的数据_进入尽调页面_信息检验页_点击编辑_点击下一步_进入尽调问卷页_点击 经营情况 模块进入子模块页面_检查子模块存在经营核实tab标签_点击顶部经营核实tab标签_进入经营核实页面_显示问题_2.借款人是否是本人实际在经营业务？是否存在代持执照，借用银行账户代走生意流水的情况？_显示单选框是_选中_显示2-1问题_情况说明（请输入文字描述）_多行文本输入_输入文本_201
2025-06-07 18:07:59.025 [DBG] 处理分支: 尽调问卷新增问卷项_微营销端_代办列表_共富贷产品_客户经理陈平安存在待简易尽调的数据_点击待办列表待尽调的数据_进入尽调页面_信息检验页_点击编辑_点击下一步_进入尽调问卷页_点击 经营情况 模块进入子模块页面_检查子模块存在经营核实tab标签_点击顶部经营核实tab标签_进入经营核实页面_显示问题_2.借款人是否是本人实际在经营业务？是否存在代持执照，借用银行账户代走生意流水的情况？_显示单选框是_选中_显示2-1问题_情况说明（请输入文字描述）_多行文本输入_输入文本_201_提示超过上限
2025-06-07 18:07:59.025 [DBG] 添加测试用例: 尽调问卷新增问卷项_微营销端_代办列表_共富贷产品_客户经理陈平安存在待简易尽调的数据_点击待办列表待尽调的数据_进入尽调页面_信息检验页_点击编辑_点击下一步_进入尽调问卷页_点击 经营情况 模块进入子模块页面_检查子模块存在经营核实tab标签_点击顶部经营核实tab标签_进入经营核实页面_显示问题_2.借款人是否是本人实际在经营业务？是否存在代持执照，借用银行账户代走生意流水的情况？_显示单选框是_选中_显示2-1问题_情况说明（请输入文字描述）_多行文本输入_输入文本_201_提示超过上限
2025-06-07 18:07:59.025 [DBG] 处理分支: 尽调问卷新增问卷项_微营销端_代办列表_共富贷产品_客户经理陈平安存在待简易尽调的数据_点击待办列表待尽调的数据_进入尽调页面_信息检验页_点击编辑_点击下一步_进入尽调问卷页_点击 经营情况 模块进入子模块页面_检查子模块存在经营核实tab标签_点击顶部经营核实tab标签_进入经营核实页面_显示问题_2.借款人是否是本人实际在经营业务？是否存在代持执照，借用银行账户代走生意流水的情况？_显示单选框否
2025-06-07 18:07:59.025 [DBG] 处理分支: 尽调问卷新增问卷项_微营销端_代办列表_共富贷产品_客户经理陈平安存在待简易尽调的数据_点击待办列表待尽调的数据_进入尽调页面_信息检验页_点击编辑_点击下一步_进入尽调问卷页_点击 经营情况 模块进入子模块页面_检查子模块存在经营核实tab标签_点击顶部经营核实tab标签_进入经营核实页面_显示问题_2.借款人是否是本人实际在经营业务？是否存在代持执照，借用银行账户代走生意流水的情况？_显示单选框否_选中
2025-06-07 18:07:59.025 [DBG] 处理分支: 尽调问卷新增问卷项_微营销端_代办列表_共富贷产品_客户经理陈平安存在待简易尽调的数据_点击待办列表待尽调的数据_进入尽调页面_信息检验页_点击编辑_点击下一步_进入尽调问卷页_点击 经营情况 模块进入子模块页面_检查子模块存在经营核实tab标签_点击顶部经营核实tab标签_进入经营核实页面_显示问题_2.借款人是否是本人实际在经营业务？是否存在代持执照，借用银行账户代走生意流水的情况？_显示单选框否_选中_不显示2-1问题
2025-06-07 18:07:59.025 [DBG] 添加测试用例: 尽调问卷新增问卷项_微营销端_代办列表_共富贷产品_客户经理陈平安存在待简易尽调的数据_点击待办列表待尽调的数据_进入尽调页面_信息检验页_点击编辑_点击下一步_进入尽调问卷页_点击 经营情况 模块进入子模块页面_检查子模块存在经营核实tab标签_点击顶部经营核实tab标签_进入经营核实页面_显示问题_2.借款人是否是本人实际在经营业务？是否存在代持执照，借用银行账户代走生意流水的情况？_显示单选框否_选中_不显示2-1问题
2025-06-07 18:07:59.025 [DBG] 处理分支: 尽调问卷新增问卷项_微营销端_代办列表_共富贷产品_客户经理陈平安存在待简易尽调的数据_点击待办列表待尽调的数据_进入尽调页面_信息检验页_点击编辑_点击下一步_进入尽调问卷页_点击 经营情况 模块进入子模块页面_检查子模块存在经营核实tab标签_点击顶部经营核实tab标签_进入经营核实页面_显示问题_2.借款人是否是本人实际在经营业务？是否存在代持执照，借用银行账户代走生意流水的情况？_注意问题编号
2025-06-07 18:07:59.025 [DBG] 添加测试用例: 尽调问卷新增问卷项_微营销端_代办列表_共富贷产品_客户经理陈平安存在待简易尽调的数据_点击待办列表待尽调的数据_进入尽调页面_信息检验页_点击编辑_点击下一步_进入尽调问卷页_点击 经营情况 模块进入子模块页面_检查子模块存在经营核实tab标签_点击顶部经营核实tab标签_进入经营核实页面_显示问题_2.借款人是否是本人实际在经营业务？是否存在代持执照，借用银行账户代走生意流水的情况？_注意问题编号
2025-06-07 18:07:59.025 [DBG] 处理分支: 尽调问卷新增问卷项_微营销端_代办列表_共富贷产品_客户经理陈平安存在待简易尽调的数据_点击待办列表待尽调的数据_进入尽调页面_信息检验页_点击编辑_点击下一步_进入尽调问卷页_点击 经营情况 模块进入子模块页面_检查子模块存在经营核实tab标签_点击顶部经营核实tab标签_进入经营核实页面_问卷必填信息输入完成后
2025-06-07 18:07:59.025 [DBG] 处理分支: 尽调问卷新增问卷项_微营销端_代办列表_共富贷产品_客户经理陈平安存在待简易尽调的数据_点击待办列表待尽调的数据_进入尽调页面_信息检验页_点击编辑_点击下一步_进入尽调问卷页_点击 经营情况 模块进入子模块页面_检查子模块存在经营核实tab标签_点击顶部经营核实tab标签_进入经营核实页面_问卷必填信息输入完成后_点击暂存按钮
2025-06-07 18:07:59.025 [DBG] 处理分支: 尽调问卷新增问卷项_微营销端_代办列表_共富贷产品_客户经理陈平安存在待简易尽调的数据_点击待办列表待尽调的数据_进入尽调页面_信息检验页_点击编辑_点击下一步_进入尽调问卷页_点击 经营情况 模块进入子模块页面_检查子模块存在经营核实tab标签_点击顶部经营核实tab标签_进入经营核实页面_问卷必填信息输入完成后_点击暂存按钮_返回尽调问卷页面
2025-06-07 18:07:59.025 [DBG] 处理分支: 尽调问卷新增问卷项_微营销端_代办列表_共富贷产品_客户经理陈平安存在待简易尽调的数据_点击待办列表待尽调的数据_进入尽调页面_信息检验页_点击编辑_点击下一步_进入尽调问卷页_点击 经营情况 模块进入子模块页面_检查子模块存在经营核实tab标签_点击顶部经营核实tab标签_进入经营核实页面_问卷必填信息输入完成后_点击暂存按钮_返回尽调问卷页面_再次点击
2025-06-07 18:07:59.025 [DBG] 处理分支: 尽调问卷新增问卷项_微营销端_代办列表_共富贷产品_客户经理陈平安存在待简易尽调的数据_点击待办列表待尽调的数据_进入尽调页面_信息检验页_点击编辑_点击下一步_进入尽调问卷页_点击 经营情况 模块进入子模块页面_检查子模块存在经营核实tab标签_点击顶部经营核实tab标签_进入经营核实页面_问卷必填信息输入完成后_点击暂存按钮_返回尽调问卷页面_再次点击_ 经营情况 模块进入经营核实tab页
2025-06-07 18:07:59.025 [DBG] 处理分支: 尽调问卷新增问卷项_微营销端_代办列表_共富贷产品_客户经理陈平安存在待简易尽调的数据_点击待办列表待尽调的数据_进入尽调页面_信息检验页_点击编辑_点击下一步_进入尽调问卷页_点击 经营情况 模块进入子模块页面_检查子模块存在经营核实tab标签_点击顶部经营核实tab标签_进入经营核实页面_问卷必填信息输入完成后_点击暂存按钮_返回尽调问卷页面_再次点击_ 经营情况 模块进入经营核实tab页_显示上次输入的内容
2025-06-07 18:07:59.025 [DBG] 添加测试用例: 尽调问卷新增问卷项_微营销端_代办列表_共富贷产品_客户经理陈平安存在待简易尽调的数据_点击待办列表待尽调的数据_进入尽调页面_信息检验页_点击编辑_点击下一步_进入尽调问卷页_点击 经营情况 模块进入子模块页面_检查子模块存在经营核实tab标签_点击顶部经营核实tab标签_进入经营核实页面_问卷必填信息输入完成后_点击暂存按钮_返回尽调问卷页面_再次点击_ 经营情况 模块进入经营核实tab页_显示上次输入的内容
2025-06-07 18:07:59.025 [DBG] 处理分支: 尽调问卷新增问卷项_微营销端_代办列表_共富贷产品_客户经理陈平安存在待简易尽调的数据_点击待办列表待尽调的数据_进入尽调页面_信息检验页_点击编辑_点击下一步_进入尽调问卷页_点击 经营情况 模块进入子模块页面_检查子模块存在经营核实tab标签_点击顶部经营核实tab标签_进入经营核实页面_问卷必填信息输入完成后_点击暂存按钮_经营核实tab显示✅ico
2025-06-07 18:07:59.025 [DBG] 添加测试用例: 尽调问卷新增问卷项_微营销端_代办列表_共富贷产品_客户经理陈平安存在待简易尽调的数据_点击待办列表待尽调的数据_进入尽调页面_信息检验页_点击编辑_点击下一步_进入尽调问卷页_点击 经营情况 模块进入子模块页面_检查子模块存在经营核实tab标签_点击顶部经营核实tab标签_进入经营核实页面_问卷必填信息输入完成后_点击暂存按钮_经营核实tab显示✅ico
2025-06-07 18:07:59.034 [DBG] 处理分支: 尽调问卷新增问卷项_微营销端_代办列表_共富贷产品_客户经理陈平安存在待简易尽调的数据_点击待办列表待尽调的数据_进入尽调页面_信息检验页_点击编辑_点击下一步_进入尽调问卷页_点击 经营情况 模块进入子模块页面_检查子模块存在经营核实tab标签_点击顶部经营核实tab标签_进入经营核实页面_问卷必填信息输入完成后_点击保存按钮
2025-06-07 18:07:59.034 [DBG] 处理分支: 尽调问卷新增问卷项_微营销端_代办列表_共富贷产品_客户经理陈平安存在待简易尽调的数据_点击待办列表待尽调的数据_进入尽调页面_信息检验页_点击编辑_点击下一步_进入尽调问卷页_点击 经营情况 模块进入子模块页面_检查子模块存在经营核实tab标签_点击顶部经营核实tab标签_进入经营核实页面_问卷必填信息输入完成后_点击保存按钮_会自动进入下一个问卷tab
2025-06-07 18:07:59.034 [DBG] 添加测试用例: 尽调问卷新增问卷项_微营销端_代办列表_共富贷产品_客户经理陈平安存在待简易尽调的数据_点击待办列表待尽调的数据_进入尽调页面_信息检验页_点击编辑_点击下一步_进入尽调问卷页_点击 经营情况 模块进入子模块页面_检查子模块存在经营核实tab标签_点击顶部经营核实tab标签_进入经营核实页面_问卷必填信息输入完成后_点击保存按钮_会自动进入下一个问卷tab
2025-06-07 18:07:59.034 [DBG] 处理分支: 尽调问卷新增问卷项_微营销端_代办列表_共富贷产品_客户经理陈平安存在待简易尽调的数据_点击待办列表待尽调的数据_进入尽调页面_信息检验页_点击编辑_点击下一步_进入尽调问卷页_点击 经营情况 模块进入子模块页面_检查子模块存在经营核实tab标签_点击顶部经营核实tab标签_进入经营核实页面_问卷必填信息输入完成后_返回尽调问卷页面
2025-06-07 18:07:59.034 [DBG] 处理分支: 尽调问卷新增问卷项_微营销端_代办列表_共富贷产品_客户经理陈平安存在待简易尽调的数据_点击待办列表待尽调的数据_进入尽调页面_信息检验页_点击编辑_点击下一步_进入尽调问卷页_点击 经营情况 模块进入子模块页面_检查子模块存在经营核实tab标签_点击顶部经营核实tab标签_进入经营核实页面_问卷必填信息输入完成后_返回尽调问卷页面_再次点击
2025-06-07 18:07:59.034 [DBG] 处理分支: 尽调问卷新增问卷项_微营销端_代办列表_共富贷产品_客户经理陈平安存在待简易尽调的数据_点击待办列表待尽调的数据_进入尽调页面_信息检验页_点击编辑_点击下一步_进入尽调问卷页_点击 经营情况 模块进入子模块页面_检查子模块存在经营核实tab标签_点击顶部经营核实tab标签_进入经营核实页面_问卷必填信息输入完成后_返回尽调问卷页面_再次点击_ 经营情况 模块进入经营核实tab页
2025-06-07 18:07:59.034 [DBG] 处理分支: 尽调问卷新增问卷项_微营销端_代办列表_共富贷产品_客户经理陈平安存在待简易尽调的数据_点击待办列表待尽调的数据_进入尽调页面_信息检验页_点击编辑_点击下一步_进入尽调问卷页_点击 经营情况 模块进入子模块页面_检查子模块存在经营核实tab标签_点击顶部经营核实tab标签_进入经营核实页面_问卷必填信息输入完成后_返回尽调问卷页面_再次点击_ 经营情况 模块进入经营核实tab页_显示上次输入的内容
2025-06-07 18:07:59.035 [DBG] 添加测试用例: 尽调问卷新增问卷项_微营销端_代办列表_共富贷产品_客户经理陈平安存在待简易尽调的数据_点击待办列表待尽调的数据_进入尽调页面_信息检验页_点击编辑_点击下一步_进入尽调问卷页_点击 经营情况 模块进入子模块页面_检查子模块存在经营核实tab标签_点击顶部经营核实tab标签_进入经营核实页面_问卷必填信息输入完成后_返回尽调问卷页面_再次点击_ 经营情况 模块进入经营核实tab页_显示上次输入的内容
2025-06-07 18:07:59.035 [DBG] 处理分支: 尽调问卷新增问卷项_微营销端_代办列表_共富贷产品_客户经理陈平安存在待简易尽调的数据_点击待办列表待尽调的数据_进入尽调页面_信息检验页_点击编辑_点击下一步_进入尽调问卷页_点击 经营情况 模块进入子模块页面_检查子模块存在经营核实tab标签_点击顶部经营核实tab标签_进入经营核实页面_问卷必填信息输入完成后_返回尽调问卷页面_经营核实模块卡片显示已完成4/4
2025-06-07 18:07:59.035 [DBG] 添加测试用例: 尽调问卷新增问卷项_微营销端_代办列表_共富贷产品_客户经理陈平安存在待简易尽调的数据_点击待办列表待尽调的数据_进入尽调页面_信息检验页_点击编辑_点击下一步_进入尽调问卷页_点击 经营情况 模块进入子模块页面_检查子模块存在经营核实tab标签_点击顶部经营核实tab标签_进入经营核实页面_问卷必填信息输入完成后_返回尽调问卷页面_经营核实模块卡片显示已完成4/4
2025-06-07 18:07:59.035 [DBG] 处理分支: 尽调问卷新增问卷项_微营销端_代办列表_共富贷产品_客户经理陈平安存在待财务尽调的数据
2025-06-07 18:07:59.035 [DBG] 处理分支: 尽调问卷新增问卷项_微营销端_代办列表_共富贷产品_客户经理陈平安存在待财务尽调的数据_同简易尽调测试流程
2025-06-07 18:07:59.035 [DBG] 添加测试用例: 尽调问卷新增问卷项_微营销端_代办列表_共富贷产品_客户经理陈平安存在待财务尽调的数据_同简易尽调测试流程
2025-06-07 18:07:59.035 [DBG] 处理分支: 尽调问卷新增问卷项_微营销端_代办列表_共富贷产品_客户经理陈平安存在待亲见的数据
2025-06-07 18:07:59.035 [DBG] 处理分支: 尽调问卷新增问卷项_微营销端_代办列表_共富贷产品_客户经理陈平安存在待亲见的数据_进入问卷页
2025-06-07 18:07:59.035 [DBG] 处理分支: 尽调问卷新增问卷项_微营销端_代办列表_共富贷产品_客户经理陈平安存在待亲见的数据_进入问卷页_显示
2025-06-07 18:07:59.035 [DBG] 处理分支: 尽调问卷新增问卷项_微营销端_代办列表_共富贷产品_客户经理陈平安存在待亲见的数据_进入问卷页_显示_借款人是否是本人实际在经营业务？是否存在代持执照，借用银行账户代走生意流水的情况？
2025-06-07 18:07:59.035 [DBG] 处理分支: 尽调问卷新增问卷项_微营销端_代办列表_共富贷产品_客户经理陈平安存在待亲见的数据_进入问卷页_显示_借款人是否是本人实际在经营业务？是否存在代持执照，借用银行账户代走生意流水的情况？_显示单选框是
2025-06-07 18:07:59.035 [DBG] 处理分支: 尽调问卷新增问卷项_微营销端_代办列表_共富贷产品_客户经理陈平安存在待亲见的数据_进入问卷页_显示_借款人是否是本人实际在经营业务？是否存在代持执照，借用银行账户代走生意流水的情况？_显示单选框是_选中
2025-06-07 18:07:59.035 [DBG] 处理分支: 尽调问卷新增问卷项_微营销端_代办列表_共富贷产品_客户经理陈平安存在待亲见的数据_进入问卷页_显示_借款人是否是本人实际在经营业务？是否存在代持执照，借用银行账户代走生意流水的情况？_显示单选框是_选中_显示问题
2025-06-07 18:07:59.035 [DBG] 处理分支: 尽调问卷新增问卷项_微营销端_代办列表_共富贷产品_客户经理陈平安存在待亲见的数据_进入问卷页_显示_借款人是否是本人实际在经营业务？是否存在代持执照，借用银行账户代走生意流水的情况？_显示单选框是_选中_显示问题_情况说明（请输入文字描述）
2025-06-07 18:07:59.035 [DBG] 处理分支: 尽调问卷新增问卷项_微营销端_代办列表_共富贷产品_客户经理陈平安存在待亲见的数据_进入问卷页_显示_借款人是否是本人实际在经营业务？是否存在代持执照，借用银行账户代走生意流水的情况？_显示单选框是_选中_显示问题_情况说明（请输入文字描述）_多行文本输入
2025-06-07 18:07:59.035 [DBG] 处理分支: 尽调问卷新增问卷项_微营销端_代办列表_共富贷产品_客户经理陈平安存在待亲见的数据_进入问卷页_显示_借款人是否是本人实际在经营业务？是否存在代持执照，借用银行账户代走生意流水的情况？_显示单选框是_选中_显示问题_情况说明（请输入文字描述）_多行文本输入_不输入文本
2025-06-07 18:07:59.035 [DBG] 处理分支: 尽调问卷新增问卷项_微营销端_代办列表_共富贷产品_客户经理陈平安存在待亲见的数据_进入问卷页_显示_借款人是否是本人实际在经营业务？是否存在代持执照，借用银行账户代走生意流水的情况？_显示单选框是_选中_显示问题_情况说明（请输入文字描述）_多行文本输入_不输入文本_提示不能为空
2025-06-07 18:07:59.035 [DBG] 添加测试用例: 尽调问卷新增问卷项_微营销端_代办列表_共富贷产品_客户经理陈平安存在待亲见的数据_进入问卷页_显示_借款人是否是本人实际在经营业务？是否存在代持执照，借用银行账户代走生意流水的情况？_显示单选框是_选中_显示问题_情况说明（请输入文字描述）_多行文本输入_不输入文本_提示不能为空
2025-06-07 18:07:59.035 [DBG] 处理分支: 尽调问卷新增问卷项_微营销端_代办列表_共富贷产品_客户经理陈平安存在待亲见的数据_进入问卷页_显示_借款人是否是本人实际在经营业务？是否存在代持执照，借用银行账户代走生意流水的情况？_显示单选框是_选中_显示问题_情况说明（请输入文字描述）_多行文本输入_输入文本
2025-06-07 18:07:59.035 [DBG] 处理分支: 尽调问卷新增问卷项_微营销端_代办列表_共富贷产品_客户经理陈平安存在待亲见的数据_进入问卷页_显示_借款人是否是本人实际在经营业务？是否存在代持执照，借用银行账户代走生意流水的情况？_显示单选框是_选中_显示问题_情况说明（请输入文字描述）_多行文本输入_输入文本_200
2025-06-07 18:07:59.035 [DBG] 处理分支: 尽调问卷新增问卷项_微营销端_代办列表_共富贷产品_客户经理陈平安存在待亲见的数据_进入问卷页_显示_借款人是否是本人实际在经营业务？是否存在代持执照，借用银行账户代走生意流水的情况？_显示单选框是_选中_显示问题_情况说明（请输入文字描述）_多行文本输入_输入文本_200_不显示错误提示
2025-06-07 18:07:59.035 [DBG] 添加测试用例: 尽调问卷新增问卷项_微营销端_代办列表_共富贷产品_客户经理陈平安存在待亲见的数据_进入问卷页_显示_借款人是否是本人实际在经营业务？是否存在代持执照，借用银行账户代走生意流水的情况？_显示单选框是_选中_显示问题_情况说明（请输入文字描述）_多行文本输入_输入文本_200_不显示错误提示
2025-06-07 18:07:59.035 [DBG] 处理分支: 尽调问卷新增问卷项_微营销端_代办列表_共富贷产品_客户经理陈平安存在待亲见的数据_进入问卷页_显示_借款人是否是本人实际在经营业务？是否存在代持执照，借用银行账户代走生意流水的情况？_显示单选框是_选中_显示问题_情况说明（请输入文字描述）_多行文本输入_输入文本_201
2025-06-07 18:07:59.035 [DBG] 处理分支: 尽调问卷新增问卷项_微营销端_代办列表_共富贷产品_客户经理陈平安存在待亲见的数据_进入问卷页_显示_借款人是否是本人实际在经营业务？是否存在代持执照，借用银行账户代走生意流水的情况？_显示单选框是_选中_显示问题_情况说明（请输入文字描述）_多行文本输入_输入文本_201_提示超过上限
2025-06-07 18:07:59.035 [DBG] 添加测试用例: 尽调问卷新增问卷项_微营销端_代办列表_共富贷产品_客户经理陈平安存在待亲见的数据_进入问卷页_显示_借款人是否是本人实际在经营业务？是否存在代持执照，借用银行账户代走生意流水的情况？_显示单选框是_选中_显示问题_情况说明（请输入文字描述）_多行文本输入_输入文本_201_提示超过上限
2025-06-07 18:07:59.035 [DBG] 处理分支: 尽调问卷新增问卷项_微营销端_代办列表_共富贷产品_客户经理陈平安存在待亲见的数据_进入问卷页_显示_借款人是否是本人实际在经营业务？是否存在代持执照，借用银行账户代走生意流水的情况？_显示单选框否
2025-06-07 18:07:59.035 [DBG] 处理分支: 尽调问卷新增问卷项_微营销端_代办列表_共富贷产品_客户经理陈平安存在待亲见的数据_进入问卷页_显示_借款人是否是本人实际在经营业务？是否存在代持执照，借用银行账户代走生意流水的情况？_显示单选框否_选中
2025-06-07 18:07:59.035 [DBG] 处理分支: 尽调问卷新增问卷项_微营销端_代办列表_共富贷产品_客户经理陈平安存在待亲见的数据_进入问卷页_显示_借款人是否是本人实际在经营业务？是否存在代持执照，借用银行账户代走生意流水的情况？_显示单选框否_选中_不显示问题
2025-06-07 18:07:59.035 [DBG] 添加测试用例: 尽调问卷新增问卷项_微营销端_代办列表_共富贷产品_客户经理陈平安存在待亲见的数据_进入问卷页_显示_借款人是否是本人实际在经营业务？是否存在代持执照，借用银行账户代走生意流水的情况？_显示单选框否_选中_不显示问题
2025-06-07 18:07:59.035 [DBG] 处理分支: 尽调问卷新增问卷项_微营销端_代办列表_共富贷产品_客户经理陈平安存在待亲见的数据_进入问卷页_显示_借款人是否是本人实际在经营业务？是否存在代持执照，借用银行账户代走生意流水的情况？_此问题为问卷最后一个问题
2025-06-07 18:07:59.035 [DBG] 添加测试用例: 尽调问卷新增问卷项_微营销端_代办列表_共富贷产品_客户经理陈平安存在待亲见的数据_进入问卷页_显示_借款人是否是本人实际在经营业务？是否存在代持执照，借用银行账户代走生意流水的情况？_此问题为问卷最后一个问题
2025-06-07 18:07:59.035 [DBG] 处理分支: 尽调问卷新增问卷项_微营销端_代办列表_共富贷经营贷产品
2025-06-07 18:07:59.035 [DBG] 处理分支: 尽调问卷新增问卷项_微营销端_代办列表_共富贷经营贷产品_客户经理陈平安存在待简易尽调的数据
2025-06-07 18:07:59.035 [DBG] 处理分支: 尽调问卷新增问卷项_微营销端_代办列表_共富贷经营贷产品_客户经理陈平安存在待简易尽调的数据_同共富贷产品简易尽调测试流程
2025-06-07 18:07:59.035 [DBG] 添加测试用例: 尽调问卷新增问卷项_微营销端_代办列表_共富贷经营贷产品_客户经理陈平安存在待简易尽调的数据_同共富贷产品简易尽调测试流程
2025-06-07 18:07:59.035 [DBG] 处理分支: 尽调问卷新增问卷项_微营销端_代办列表_共富贷经营贷产品_客户经理陈平安存在待财务尽调的数据
2025-06-07 18:07:59.035 [DBG] 处理分支: 尽调问卷新增问卷项_微营销端_代办列表_共富贷经营贷产品_客户经理陈平安存在待财务尽调的数据_同共富贷产品财务尽调测试流程
2025-06-07 18:07:59.035 [DBG] 添加测试用例: 尽调问卷新增问卷项_微营销端_代办列表_共富贷经营贷产品_客户经理陈平安存在待财务尽调的数据_同共富贷产品财务尽调测试流程
2025-06-07 18:07:59.035 [DBG] 处理分支: 尽调问卷新增问卷项_微营销端_代办列表_共富贷经营贷产品_客户经理陈平安存在待亲见的数据
2025-06-07 18:07:59.035 [DBG] 处理分支: 尽调问卷新增问卷项_微营销端_代办列表_共富贷经营贷产品_客户经理陈平安存在待亲见的数据_同共富贷产品亲见测试流程
2025-06-07 18:07:59.035 [DBG] 添加测试用例: 尽调问卷新增问卷项_微营销端_代办列表_共富贷经营贷产品_客户经理陈平安存在待亲见的数据_同共富贷产品亲见测试流程
2025-06-07 18:07:59.036 [INF] 思维导图处理完成，共生成 26 个测试用例
2025-06-07 18:08:05.628 [INF] 开始解析XMind文件: C:\Users\miaoxu-jwk\Desktop\0522问卷调查新增内容.xmind
2025-06-07 18:08:05.628 [DBG] 接收到的字段值: {"类型":"功能测试","作者":"苗栩","标签":"20250410","优先级":"中","节点路径":"AAA","应用":"Target-LPS"}
2025-06-07 18:08:05.628 [DBG] 从缓存中获取文件内容: C:\Users\miaoxu-jwk\Desktop\0522问卷调查新增内容.xmind
2025-06-07 18:08:05.629 [INF] 开始处理思维导图，根节点标题: 尽调问卷新增问卷项
2025-06-07 18:08:05.629 [DBG] 处理分支: 尽调问卷新增问卷项
2025-06-07 18:08:05.629 [DBG] 处理分支: 尽调问卷新增问卷项_微营销端
2025-06-07 18:08:05.629 [DBG] 处理分支: 尽调问卷新增问卷项_微营销端_代办列表
2025-06-07 18:08:05.629 [DBG] 处理分支: 尽调问卷新增问卷项_微营销端_代办列表_共富贷产品
2025-06-07 18:08:05.629 [DBG] 处理分支: 尽调问卷新增问卷项_微营销端_代办列表_共富贷产品_客户经理陈平安存在待简易尽调的数据
2025-06-07 18:08:05.629 [DBG] 处理分支: 尽调问卷新增问卷项_微营销端_代办列表_共富贷产品_客户经理陈平安存在待简易尽调的数据_点击待办列表待尽调的数据
2025-06-07 18:08:05.629 [DBG] 处理分支: 尽调问卷新增问卷项_微营销端_代办列表_共富贷产品_客户经理陈平安存在待简易尽调的数据_点击待办列表待尽调的数据_进入尽调页面
2025-06-07 18:08:05.629 [DBG] 处理分支: 尽调问卷新增问卷项_微营销端_代办列表_共富贷产品_客户经理陈平安存在待简易尽调的数据_点击待办列表待尽调的数据_进入尽调页面_信息检验页
2025-06-07 18:08:05.629 [DBG] 处理分支: 尽调问卷新增问卷项_微营销端_代办列表_共富贷产品_客户经理陈平安存在待简易尽调的数据_点击待办列表待尽调的数据_进入尽调页面_信息检验页_点击编辑
2025-06-07 18:08:05.629 [DBG] 处理分支: 尽调问卷新增问卷项_微营销端_代办列表_共富贷产品_客户经理陈平安存在待简易尽调的数据_点击待办列表待尽调的数据_进入尽调页面_信息检验页_点击编辑_补充借款人信息
2025-06-07 18:08:05.629 [DBG] 添加测试用例: 尽调问卷新增问卷项_微营销端_代办列表_共富贷产品_客户经理陈平安存在待简易尽调的数据_点击待办列表待尽调的数据_进入尽调页面_信息检验页_点击编辑_补充借款人信息
2025-06-07 18:08:05.629 [DBG] 处理分支: 尽调问卷新增问卷项_微营销端_代办列表_共富贷产品_客户经理陈平安存在待简易尽调的数据_点击待办列表待尽调的数据_进入尽调页面_信息检验页_点击编辑_上传合影
2025-06-07 18:08:05.629 [DBG] 添加测试用例: 尽调问卷新增问卷项_微营销端_代办列表_共富贷产品_客户经理陈平安存在待简易尽调的数据_点击待办列表待尽调的数据_进入尽调页面_信息检验页_点击编辑_上传合影
2025-06-07 18:08:05.629 [DBG] 处理分支: 尽调问卷新增问卷项_微营销端_代办列表_共富贷产品_客户经理陈平安存在待简易尽调的数据_点击待办列表待尽调的数据_进入尽调页面_信息检验页_点击编辑_点击下一步
2025-06-07 18:08:05.629 [DBG] 处理分支: 尽调问卷新增问卷项_微营销端_代办列表_共富贷产品_客户经理陈平安存在待简易尽调的数据_点击待办列表待尽调的数据_进入尽调页面_信息检验页_点击编辑_点击下一步_进入尽调问卷页
2025-06-07 18:08:05.629 [DBG] 处理分支: 尽调问卷新增问卷项_微营销端_代办列表_共富贷产品_客户经理陈平安存在待简易尽调的数据_点击待办列表待尽调的数据_进入尽调页面_信息检验页_点击编辑_点击下一步_进入尽调问卷页_点击 经营情况 模块进入子模块页面
2025-06-07 18:08:05.629 [DBG] 处理分支: 尽调问卷新增问卷项_微营销端_代办列表_共富贷产品_客户经理陈平安存在待简易尽调的数据_点击待办列表待尽调的数据_进入尽调页面_信息检验页_点击编辑_点击下一步_进入尽调问卷页_点击 经营情况 模块进入子模块页面_检查子模块存在经营核实tab标签
2025-06-07 18:08:05.629 [DBG] 处理分支: 尽调问卷新增问卷项_微营销端_代办列表_共富贷产品_客户经理陈平安存在待简易尽调的数据_点击待办列表待尽调的数据_进入尽调页面_信息检验页_点击编辑_点击下一步_进入尽调问卷页_点击 经营情况 模块进入子模块页面_检查子模块存在经营核实tab标签_点击顶部经营核实tab标签
2025-06-07 18:08:05.629 [DBG] 处理分支: 尽调问卷新增问卷项_微营销端_代办列表_共富贷产品_客户经理陈平安存在待简易尽调的数据_点击待办列表待尽调的数据_进入尽调页面_信息检验页_点击编辑_点击下一步_进入尽调问卷页_点击 经营情况 模块进入子模块页面_检查子模块存在经营核实tab标签_点击顶部经营核实tab标签_进入经营核实页面
2025-06-07 18:08:05.629 [DBG] 处理分支: 尽调问卷新增问卷项_微营销端_代办列表_共富贷产品_客户经理陈平安存在待简易尽调的数据_点击待办列表待尽调的数据_进入尽调页面_信息检验页_点击编辑_点击下一步_进入尽调问卷页_点击 经营情况 模块进入子模块页面_检查子模块存在经营核实tab标签_点击顶部经营核实tab标签_进入经营核实页面_显示问题
2025-06-07 18:08:05.629 [DBG] 处理分支: 尽调问卷新增问卷项_微营销端_代办列表_共富贷产品_客户经理陈平安存在待简易尽调的数据_点击待办列表待尽调的数据_进入尽调页面_信息检验页_点击编辑_点击下一步_进入尽调问卷页_点击 经营情况 模块进入子模块页面_检查子模块存在经营核实tab标签_点击顶部经营核实tab标签_进入经营核实页面_显示问题_1.借款人以及共借人担任法人或持股比例50%以上的企业是否有司法风险？
2025-06-07 18:08:05.629 [DBG] 处理分支: 尽调问卷新增问卷项_微营销端_代办列表_共富贷产品_客户经理陈平安存在待简易尽调的数据_点击待办列表待尽调的数据_进入尽调页面_信息检验页_点击编辑_点击下一步_进入尽调问卷页_点击 经营情况 模块进入子模块页面_检查子模块存在经营核实tab标签_点击顶部经营核实tab标签_进入经营核实页面_显示问题_1.借款人以及共借人担任法人或持股比例50%以上的企业是否有司法风险？_显示单选框是
2025-06-07 18:08:05.629 [DBG] 处理分支: 尽调问卷新增问卷项_微营销端_代办列表_共富贷产品_客户经理陈平安存在待简易尽调的数据_点击待办列表待尽调的数据_进入尽调页面_信息检验页_点击编辑_点击下一步_进入尽调问卷页_点击 经营情况 模块进入子模块页面_检查子模块存在经营核实tab标签_点击顶部经营核实tab标签_进入经营核实页面_显示问题_1.借款人以及共借人担任法人或持股比例50%以上的企业是否有司法风险？_显示单选框是_选中
2025-06-07 18:08:05.629 [DBG] 处理分支: 尽调问卷新增问卷项_微营销端_代办列表_共富贷产品_客户经理陈平安存在待简易尽调的数据_点击待办列表待尽调的数据_进入尽调页面_信息检验页_点击编辑_点击下一步_进入尽调问卷页_点击 经营情况 模块进入子模块页面_检查子模块存在经营核实tab标签_点击顶部经营核实tab标签_进入经营核实页面_显示问题_1.借款人以及共借人担任法人或持股比例50%以上的企业是否有司法风险？_显示单选框是_选中_显示1-1问题
2025-06-07 18:08:05.629 [DBG] 处理分支: 尽调问卷新增问卷项_微营销端_代办列表_共富贷产品_客户经理陈平安存在待简易尽调的数据_点击待办列表待尽调的数据_进入尽调页面_信息检验页_点击编辑_点击下一步_进入尽调问卷页_点击 经营情况 模块进入子模块页面_检查子模块存在经营核实tab标签_点击顶部经营核实tab标签_进入经营核实页面_显示问题_1.借款人以及共借人担任法人或持股比例50%以上的企业是否有司法风险？_显示单选框是_选中_显示1-1问题_司法风险说明（请输入文字描述）
2025-06-07 18:08:05.629 [DBG] 处理分支: 尽调问卷新增问卷项_微营销端_代办列表_共富贷产品_客户经理陈平安存在待简易尽调的数据_点击待办列表待尽调的数据_进入尽调页面_信息检验页_点击编辑_点击下一步_进入尽调问卷页_点击 经营情况 模块进入子模块页面_检查子模块存在经营核实tab标签_点击顶部经营核实tab标签_进入经营核实页面_显示问题_1.借款人以及共借人担任法人或持股比例50%以上的企业是否有司法风险？_显示单选框是_选中_显示1-1问题_司法风险说明（请输入文字描述）_多行文本输入
2025-06-07 18:08:05.629 [DBG] 处理分支: 尽调问卷新增问卷项_微营销端_代办列表_共富贷产品_客户经理陈平安存在待简易尽调的数据_点击待办列表待尽调的数据_进入尽调页面_信息检验页_点击编辑_点击下一步_进入尽调问卷页_点击 经营情况 模块进入子模块页面_检查子模块存在经营核实tab标签_点击顶部经营核实tab标签_进入经营核实页面_显示问题_1.借款人以及共借人担任法人或持股比例50%以上的企业是否有司法风险？_显示单选框是_选中_显示1-1问题_司法风险说明（请输入文字描述）_多行文本输入_不输入文本
2025-06-07 18:08:05.629 [DBG] 处理分支: 尽调问卷新增问卷项_微营销端_代办列表_共富贷产品_客户经理陈平安存在待简易尽调的数据_点击待办列表待尽调的数据_进入尽调页面_信息检验页_点击编辑_点击下一步_进入尽调问卷页_点击 经营情况 模块进入子模块页面_检查子模块存在经营核实tab标签_点击顶部经营核实tab标签_进入经营核实页面_显示问题_1.借款人以及共借人担任法人或持股比例50%以上的企业是否有司法风险？_显示单选框是_选中_显示1-1问题_司法风险说明（请输入文字描述）_多行文本输入_不输入文本_提示不能为空
2025-06-07 18:08:05.629 [DBG] 添加测试用例: 尽调问卷新增问卷项_微营销端_代办列表_共富贷产品_客户经理陈平安存在待简易尽调的数据_点击待办列表待尽调的数据_进入尽调页面_信息检验页_点击编辑_点击下一步_进入尽调问卷页_点击 经营情况 模块进入子模块页面_检查子模块存在经营核实tab标签_点击顶部经营核实tab标签_进入经营核实页面_显示问题_1.借款人以及共借人担任法人或持股比例50%以上的企业是否有司法风险？_显示单选框是_选中_显示1-1问题_司法风险说明（请输入文字描述）_多行文本输入_不输入文本_提示不能为空
2025-06-07 18:08:05.629 [DBG] 处理分支: 尽调问卷新增问卷项_微营销端_代办列表_共富贷产品_客户经理陈平安存在待简易尽调的数据_点击待办列表待尽调的数据_进入尽调页面_信息检验页_点击编辑_点击下一步_进入尽调问卷页_点击 经营情况 模块进入子模块页面_检查子模块存在经营核实tab标签_点击顶部经营核实tab标签_进入经营核实页面_显示问题_1.借款人以及共借人担任法人或持股比例50%以上的企业是否有司法风险？_显示单选框是_选中_显示1-1问题_司法风险说明（请输入文字描述）_多行文本输入_输入文本
2025-06-07 18:08:05.629 [DBG] 处理分支: 尽调问卷新增问卷项_微营销端_代办列表_共富贷产品_客户经理陈平安存在待简易尽调的数据_点击待办列表待尽调的数据_进入尽调页面_信息检验页_点击编辑_点击下一步_进入尽调问卷页_点击 经营情况 模块进入子模块页面_检查子模块存在经营核实tab标签_点击顶部经营核实tab标签_进入经营核实页面_显示问题_1.借款人以及共借人担任法人或持股比例50%以上的企业是否有司法风险？_显示单选框是_选中_显示1-1问题_司法风险说明（请输入文字描述）_多行文本输入_输入文本_200
2025-06-07 18:08:05.629 [DBG] 处理分支: 尽调问卷新增问卷项_微营销端_代办列表_共富贷产品_客户经理陈平安存在待简易尽调的数据_点击待办列表待尽调的数据_进入尽调页面_信息检验页_点击编辑_点击下一步_进入尽调问卷页_点击 经营情况 模块进入子模块页面_检查子模块存在经营核实tab标签_点击顶部经营核实tab标签_进入经营核实页面_显示问题_1.借款人以及共借人担任法人或持股比例50%以上的企业是否有司法风险？_显示单选框是_选中_显示1-1问题_司法风险说明（请输入文字描述）_多行文本输入_输入文本_200_不显示错误提示
2025-06-07 18:08:05.629 [DBG] 添加测试用例: 尽调问卷新增问卷项_微营销端_代办列表_共富贷产品_客户经理陈平安存在待简易尽调的数据_点击待办列表待尽调的数据_进入尽调页面_信息检验页_点击编辑_点击下一步_进入尽调问卷页_点击 经营情况 模块进入子模块页面_检查子模块存在经营核实tab标签_点击顶部经营核实tab标签_进入经营核实页面_显示问题_1.借款人以及共借人担任法人或持股比例50%以上的企业是否有司法风险？_显示单选框是_选中_显示1-1问题_司法风险说明（请输入文字描述）_多行文本输入_输入文本_200_不显示错误提示
2025-06-07 18:08:05.630 [DBG] 处理分支: 尽调问卷新增问卷项_微营销端_代办列表_共富贷产品_客户经理陈平安存在待简易尽调的数据_点击待办列表待尽调的数据_进入尽调页面_信息检验页_点击编辑_点击下一步_进入尽调问卷页_点击 经营情况 模块进入子模块页面_检查子模块存在经营核实tab标签_点击顶部经营核实tab标签_进入经营核实页面_显示问题_1.借款人以及共借人担任法人或持股比例50%以上的企业是否有司法风险？_显示单选框是_选中_显示1-1问题_司法风险说明（请输入文字描述）_多行文本输入_输入文本_201
2025-06-07 18:08:05.630 [DBG] 处理分支: 尽调问卷新增问卷项_微营销端_代办列表_共富贷产品_客户经理陈平安存在待简易尽调的数据_点击待办列表待尽调的数据_进入尽调页面_信息检验页_点击编辑_点击下一步_进入尽调问卷页_点击 经营情况 模块进入子模块页面_检查子模块存在经营核实tab标签_点击顶部经营核实tab标签_进入经营核实页面_显示问题_1.借款人以及共借人担任法人或持股比例50%以上的企业是否有司法风险？_显示单选框是_选中_显示1-1问题_司法风险说明（请输入文字描述）_多行文本输入_输入文本_201_提示超过上限
2025-06-07 18:08:05.630 [DBG] 添加测试用例: 尽调问卷新增问卷项_微营销端_代办列表_共富贷产品_客户经理陈平安存在待简易尽调的数据_点击待办列表待尽调的数据_进入尽调页面_信息检验页_点击编辑_点击下一步_进入尽调问卷页_点击 经营情况 模块进入子模块页面_检查子模块存在经营核实tab标签_点击顶部经营核实tab标签_进入经营核实页面_显示问题_1.借款人以及共借人担任法人或持股比例50%以上的企业是否有司法风险？_显示单选框是_选中_显示1-1问题_司法风险说明（请输入文字描述）_多行文本输入_输入文本_201_提示超过上限
2025-06-07 18:08:05.630 [DBG] 处理分支: 尽调问卷新增问卷项_微营销端_代办列表_共富贷产品_客户经理陈平安存在待简易尽调的数据_点击待办列表待尽调的数据_进入尽调页面_信息检验页_点击编辑_点击下一步_进入尽调问卷页_点击 经营情况 模块进入子模块页面_检查子模块存在经营核实tab标签_点击顶部经营核实tab标签_进入经营核实页面_显示问题_1.借款人以及共借人担任法人或持股比例50%以上的企业是否有司法风险？_显示单选框否
2025-06-07 18:08:05.630 [DBG] 处理分支: 尽调问卷新增问卷项_微营销端_代办列表_共富贷产品_客户经理陈平安存在待简易尽调的数据_点击待办列表待尽调的数据_进入尽调页面_信息检验页_点击编辑_点击下一步_进入尽调问卷页_点击 经营情况 模块进入子模块页面_检查子模块存在经营核实tab标签_点击顶部经营核实tab标签_进入经营核实页面_显示问题_1.借款人以及共借人担任法人或持股比例50%以上的企业是否有司法风险？_显示单选框否_选中
2025-06-07 18:08:05.630 [DBG] 处理分支: 尽调问卷新增问卷项_微营销端_代办列表_共富贷产品_客户经理陈平安存在待简易尽调的数据_点击待办列表待尽调的数据_进入尽调页面_信息检验页_点击编辑_点击下一步_进入尽调问卷页_点击 经营情况 模块进入子模块页面_检查子模块存在经营核实tab标签_点击顶部经营核实tab标签_进入经营核实页面_显示问题_1.借款人以及共借人担任法人或持股比例50%以上的企业是否有司法风险？_显示单选框否_选中_不显示1-1问题
2025-06-07 18:08:05.630 [DBG] 添加测试用例: 尽调问卷新增问卷项_微营销端_代办列表_共富贷产品_客户经理陈平安存在待简易尽调的数据_点击待办列表待尽调的数据_进入尽调页面_信息检验页_点击编辑_点击下一步_进入尽调问卷页_点击 经营情况 模块进入子模块页面_检查子模块存在经营核实tab标签_点击顶部经营核实tab标签_进入经营核实页面_显示问题_1.借款人以及共借人担任法人或持股比例50%以上的企业是否有司法风险？_显示单选框否_选中_不显示1-1问题
2025-06-07 18:08:05.630 [DBG] 处理分支: 尽调问卷新增问卷项_微营销端_代办列表_共富贷产品_客户经理陈平安存在待简易尽调的数据_点击待办列表待尽调的数据_进入尽调页面_信息检验页_点击编辑_点击下一步_进入尽调问卷页_点击 经营情况 模块进入子模块页面_检查子模块存在经营核实tab标签_点击顶部经营核实tab标签_进入经营核实页面_显示问题_1.借款人以及共借人担任法人或持股比例50%以上的企业是否有司法风险？_注意问题编号
2025-06-07 18:08:05.630 [DBG] 添加测试用例: 尽调问卷新增问卷项_微营销端_代办列表_共富贷产品_客户经理陈平安存在待简易尽调的数据_点击待办列表待尽调的数据_进入尽调页面_信息检验页_点击编辑_点击下一步_进入尽调问卷页_点击 经营情况 模块进入子模块页面_检查子模块存在经营核实tab标签_点击顶部经营核实tab标签_进入经营核实页面_显示问题_1.借款人以及共借人担任法人或持股比例50%以上的企业是否有司法风险？_注意问题编号
2025-06-07 18:08:05.630 [DBG] 处理分支: 尽调问卷新增问卷项_微营销端_代办列表_共富贷产品_客户经理陈平安存在待简易尽调的数据_点击待办列表待尽调的数据_进入尽调页面_信息检验页_点击编辑_点击下一步_进入尽调问卷页_点击 经营情况 模块进入子模块页面_检查子模块存在经营核实tab标签_点击顶部经营核实tab标签_进入经营核实页面_显示问题_2.借款人是否是本人实际在经营业务？是否存在代持执照，借用银行账户代走生意流水的情况？
2025-06-07 18:08:05.630 [DBG] 处理分支: 尽调问卷新增问卷项_微营销端_代办列表_共富贷产品_客户经理陈平安存在待简易尽调的数据_点击待办列表待尽调的数据_进入尽调页面_信息检验页_点击编辑_点击下一步_进入尽调问卷页_点击 经营情况 模块进入子模块页面_检查子模块存在经营核实tab标签_点击顶部经营核实tab标签_进入经营核实页面_显示问题_2.借款人是否是本人实际在经营业务？是否存在代持执照，借用银行账户代走生意流水的情况？_显示单选框是
2025-06-07 18:08:05.630 [DBG] 处理分支: 尽调问卷新增问卷项_微营销端_代办列表_共富贷产品_客户经理陈平安存在待简易尽调的数据_点击待办列表待尽调的数据_进入尽调页面_信息检验页_点击编辑_点击下一步_进入尽调问卷页_点击 经营情况 模块进入子模块页面_检查子模块存在经营核实tab标签_点击顶部经营核实tab标签_进入经营核实页面_显示问题_2.借款人是否是本人实际在经营业务？是否存在代持执照，借用银行账户代走生意流水的情况？_显示单选框是_选中
2025-06-07 18:08:05.630 [DBG] 处理分支: 尽调问卷新增问卷项_微营销端_代办列表_共富贷产品_客户经理陈平安存在待简易尽调的数据_点击待办列表待尽调的数据_进入尽调页面_信息检验页_点击编辑_点击下一步_进入尽调问卷页_点击 经营情况 模块进入子模块页面_检查子模块存在经营核实tab标签_点击顶部经营核实tab标签_进入经营核实页面_显示问题_2.借款人是否是本人实际在经营业务？是否存在代持执照，借用银行账户代走生意流水的情况？_显示单选框是_选中_显示2-1问题
2025-06-07 18:08:05.630 [DBG] 处理分支: 尽调问卷新增问卷项_微营销端_代办列表_共富贷产品_客户经理陈平安存在待简易尽调的数据_点击待办列表待尽调的数据_进入尽调页面_信息检验页_点击编辑_点击下一步_进入尽调问卷页_点击 经营情况 模块进入子模块页面_检查子模块存在经营核实tab标签_点击顶部经营核实tab标签_进入经营核实页面_显示问题_2.借款人是否是本人实际在经营业务？是否存在代持执照，借用银行账户代走生意流水的情况？_显示单选框是_选中_显示2-1问题_情况说明（请输入文字描述）
2025-06-07 18:08:05.630 [DBG] 处理分支: 尽调问卷新增问卷项_微营销端_代办列表_共富贷产品_客户经理陈平安存在待简易尽调的数据_点击待办列表待尽调的数据_进入尽调页面_信息检验页_点击编辑_点击下一步_进入尽调问卷页_点击 经营情况 模块进入子模块页面_检查子模块存在经营核实tab标签_点击顶部经营核实tab标签_进入经营核实页面_显示问题_2.借款人是否是本人实际在经营业务？是否存在代持执照，借用银行账户代走生意流水的情况？_显示单选框是_选中_显示2-1问题_情况说明（请输入文字描述）_多行文本输入
2025-06-07 18:08:05.630 [DBG] 处理分支: 尽调问卷新增问卷项_微营销端_代办列表_共富贷产品_客户经理陈平安存在待简易尽调的数据_点击待办列表待尽调的数据_进入尽调页面_信息检验页_点击编辑_点击下一步_进入尽调问卷页_点击 经营情况 模块进入子模块页面_检查子模块存在经营核实tab标签_点击顶部经营核实tab标签_进入经营核实页面_显示问题_2.借款人是否是本人实际在经营业务？是否存在代持执照，借用银行账户代走生意流水的情况？_显示单选框是_选中_显示2-1问题_情况说明（请输入文字描述）_多行文本输入_不输入文本
2025-06-07 18:08:05.630 [DBG] 处理分支: 尽调问卷新增问卷项_微营销端_代办列表_共富贷产品_客户经理陈平安存在待简易尽调的数据_点击待办列表待尽调的数据_进入尽调页面_信息检验页_点击编辑_点击下一步_进入尽调问卷页_点击 经营情况 模块进入子模块页面_检查子模块存在经营核实tab标签_点击顶部经营核实tab标签_进入经营核实页面_显示问题_2.借款人是否是本人实际在经营业务？是否存在代持执照，借用银行账户代走生意流水的情况？_显示单选框是_选中_显示2-1问题_情况说明（请输入文字描述）_多行文本输入_不输入文本_提示不能为空
2025-06-07 18:08:05.630 [DBG] 添加测试用例: 尽调问卷新增问卷项_微营销端_代办列表_共富贷产品_客户经理陈平安存在待简易尽调的数据_点击待办列表待尽调的数据_进入尽调页面_信息检验页_点击编辑_点击下一步_进入尽调问卷页_点击 经营情况 模块进入子模块页面_检查子模块存在经营核实tab标签_点击顶部经营核实tab标签_进入经营核实页面_显示问题_2.借款人是否是本人实际在经营业务？是否存在代持执照，借用银行账户代走生意流水的情况？_显示单选框是_选中_显示2-1问题_情况说明（请输入文字描述）_多行文本输入_不输入文本_提示不能为空
2025-06-07 18:08:05.630 [DBG] 处理分支: 尽调问卷新增问卷项_微营销端_代办列表_共富贷产品_客户经理陈平安存在待简易尽调的数据_点击待办列表待尽调的数据_进入尽调页面_信息检验页_点击编辑_点击下一步_进入尽调问卷页_点击 经营情况 模块进入子模块页面_检查子模块存在经营核实tab标签_点击顶部经营核实tab标签_进入经营核实页面_显示问题_2.借款人是否是本人实际在经营业务？是否存在代持执照，借用银行账户代走生意流水的情况？_显示单选框是_选中_显示2-1问题_情况说明（请输入文字描述）_多行文本输入_输入文本
2025-06-07 18:08:05.630 [DBG] 处理分支: 尽调问卷新增问卷项_微营销端_代办列表_共富贷产品_客户经理陈平安存在待简易尽调的数据_点击待办列表待尽调的数据_进入尽调页面_信息检验页_点击编辑_点击下一步_进入尽调问卷页_点击 经营情况 模块进入子模块页面_检查子模块存在经营核实tab标签_点击顶部经营核实tab标签_进入经营核实页面_显示问题_2.借款人是否是本人实际在经营业务？是否存在代持执照，借用银行账户代走生意流水的情况？_显示单选框是_选中_显示2-1问题_情况说明（请输入文字描述）_多行文本输入_输入文本_200
2025-06-07 18:08:05.630 [DBG] 处理分支: 尽调问卷新增问卷项_微营销端_代办列表_共富贷产品_客户经理陈平安存在待简易尽调的数据_点击待办列表待尽调的数据_进入尽调页面_信息检验页_点击编辑_点击下一步_进入尽调问卷页_点击 经营情况 模块进入子模块页面_检查子模块存在经营核实tab标签_点击顶部经营核实tab标签_进入经营核实页面_显示问题_2.借款人是否是本人实际在经营业务？是否存在代持执照，借用银行账户代走生意流水的情况？_显示单选框是_选中_显示2-1问题_情况说明（请输入文字描述）_多行文本输入_输入文本_200_不显示错误提示
2025-06-07 18:08:05.630 [DBG] 添加测试用例: 尽调问卷新增问卷项_微营销端_代办列表_共富贷产品_客户经理陈平安存在待简易尽调的数据_点击待办列表待尽调的数据_进入尽调页面_信息检验页_点击编辑_点击下一步_进入尽调问卷页_点击 经营情况 模块进入子模块页面_检查子模块存在经营核实tab标签_点击顶部经营核实tab标签_进入经营核实页面_显示问题_2.借款人是否是本人实际在经营业务？是否存在代持执照，借用银行账户代走生意流水的情况？_显示单选框是_选中_显示2-1问题_情况说明（请输入文字描述）_多行文本输入_输入文本_200_不显示错误提示
2025-06-07 18:08:05.630 [DBG] 处理分支: 尽调问卷新增问卷项_微营销端_代办列表_共富贷产品_客户经理陈平安存在待简易尽调的数据_点击待办列表待尽调的数据_进入尽调页面_信息检验页_点击编辑_点击下一步_进入尽调问卷页_点击 经营情况 模块进入子模块页面_检查子模块存在经营核实tab标签_点击顶部经营核实tab标签_进入经营核实页面_显示问题_2.借款人是否是本人实际在经营业务？是否存在代持执照，借用银行账户代走生意流水的情况？_显示单选框是_选中_显示2-1问题_情况说明（请输入文字描述）_多行文本输入_输入文本_201
2025-06-07 18:08:05.630 [DBG] 处理分支: 尽调问卷新增问卷项_微营销端_代办列表_共富贷产品_客户经理陈平安存在待简易尽调的数据_点击待办列表待尽调的数据_进入尽调页面_信息检验页_点击编辑_点击下一步_进入尽调问卷页_点击 经营情况 模块进入子模块页面_检查子模块存在经营核实tab标签_点击顶部经营核实tab标签_进入经营核实页面_显示问题_2.借款人是否是本人实际在经营业务？是否存在代持执照，借用银行账户代走生意流水的情况？_显示单选框是_选中_显示2-1问题_情况说明（请输入文字描述）_多行文本输入_输入文本_201_提示超过上限
2025-06-07 18:08:05.630 [DBG] 添加测试用例: 尽调问卷新增问卷项_微营销端_代办列表_共富贷产品_客户经理陈平安存在待简易尽调的数据_点击待办列表待尽调的数据_进入尽调页面_信息检验页_点击编辑_点击下一步_进入尽调问卷页_点击 经营情况 模块进入子模块页面_检查子模块存在经营核实tab标签_点击顶部经营核实tab标签_进入经营核实页面_显示问题_2.借款人是否是本人实际在经营业务？是否存在代持执照，借用银行账户代走生意流水的情况？_显示单选框是_选中_显示2-1问题_情况说明（请输入文字描述）_多行文本输入_输入文本_201_提示超过上限
2025-06-07 18:08:05.630 [DBG] 处理分支: 尽调问卷新增问卷项_微营销端_代办列表_共富贷产品_客户经理陈平安存在待简易尽调的数据_点击待办列表待尽调的数据_进入尽调页面_信息检验页_点击编辑_点击下一步_进入尽调问卷页_点击 经营情况 模块进入子模块页面_检查子模块存在经营核实tab标签_点击顶部经营核实tab标签_进入经营核实页面_显示问题_2.借款人是否是本人实际在经营业务？是否存在代持执照，借用银行账户代走生意流水的情况？_显示单选框否
2025-06-07 18:08:05.630 [DBG] 处理分支: 尽调问卷新增问卷项_微营销端_代办列表_共富贷产品_客户经理陈平安存在待简易尽调的数据_点击待办列表待尽调的数据_进入尽调页面_信息检验页_点击编辑_点击下一步_进入尽调问卷页_点击 经营情况 模块进入子模块页面_检查子模块存在经营核实tab标签_点击顶部经营核实tab标签_进入经营核实页面_显示问题_2.借款人是否是本人实际在经营业务？是否存在代持执照，借用银行账户代走生意流水的情况？_显示单选框否_选中
2025-06-07 18:08:05.630 [DBG] 处理分支: 尽调问卷新增问卷项_微营销端_代办列表_共富贷产品_客户经理陈平安存在待简易尽调的数据_点击待办列表待尽调的数据_进入尽调页面_信息检验页_点击编辑_点击下一步_进入尽调问卷页_点击 经营情况 模块进入子模块页面_检查子模块存在经营核实tab标签_点击顶部经营核实tab标签_进入经营核实页面_显示问题_2.借款人是否是本人实际在经营业务？是否存在代持执照，借用银行账户代走生意流水的情况？_显示单选框否_选中_不显示2-1问题
2025-06-07 18:08:05.630 [DBG] 添加测试用例: 尽调问卷新增问卷项_微营销端_代办列表_共富贷产品_客户经理陈平安存在待简易尽调的数据_点击待办列表待尽调的数据_进入尽调页面_信息检验页_点击编辑_点击下一步_进入尽调问卷页_点击 经营情况 模块进入子模块页面_检查子模块存在经营核实tab标签_点击顶部经营核实tab标签_进入经营核实页面_显示问题_2.借款人是否是本人实际在经营业务？是否存在代持执照，借用银行账户代走生意流水的情况？_显示单选框否_选中_不显示2-1问题
2025-06-07 18:08:05.630 [DBG] 处理分支: 尽调问卷新增问卷项_微营销端_代办列表_共富贷产品_客户经理陈平安存在待简易尽调的数据_点击待办列表待尽调的数据_进入尽调页面_信息检验页_点击编辑_点击下一步_进入尽调问卷页_点击 经营情况 模块进入子模块页面_检查子模块存在经营核实tab标签_点击顶部经营核实tab标签_进入经营核实页面_显示问题_2.借款人是否是本人实际在经营业务？是否存在代持执照，借用银行账户代走生意流水的情况？_注意问题编号
2025-06-07 18:08:05.630 [DBG] 添加测试用例: 尽调问卷新增问卷项_微营销端_代办列表_共富贷产品_客户经理陈平安存在待简易尽调的数据_点击待办列表待尽调的数据_进入尽调页面_信息检验页_点击编辑_点击下一步_进入尽调问卷页_点击 经营情况 模块进入子模块页面_检查子模块存在经营核实tab标签_点击顶部经营核实tab标签_进入经营核实页面_显示问题_2.借款人是否是本人实际在经营业务？是否存在代持执照，借用银行账户代走生意流水的情况？_注意问题编号
2025-06-07 18:08:05.630 [DBG] 处理分支: 尽调问卷新增问卷项_微营销端_代办列表_共富贷产品_客户经理陈平安存在待简易尽调的数据_点击待办列表待尽调的数据_进入尽调页面_信息检验页_点击编辑_点击下一步_进入尽调问卷页_点击 经营情况 模块进入子模块页面_检查子模块存在经营核实tab标签_点击顶部经营核实tab标签_进入经营核实页面_问卷必填信息输入完成后
2025-06-07 18:08:05.630 [DBG] 处理分支: 尽调问卷新增问卷项_微营销端_代办列表_共富贷产品_客户经理陈平安存在待简易尽调的数据_点击待办列表待尽调的数据_进入尽调页面_信息检验页_点击编辑_点击下一步_进入尽调问卷页_点击 经营情况 模块进入子模块页面_检查子模块存在经营核实tab标签_点击顶部经营核实tab标签_进入经营核实页面_问卷必填信息输入完成后_点击暂存按钮
2025-06-07 18:08:05.630 [DBG] 处理分支: 尽调问卷新增问卷项_微营销端_代办列表_共富贷产品_客户经理陈平安存在待简易尽调的数据_点击待办列表待尽调的数据_进入尽调页面_信息检验页_点击编辑_点击下一步_进入尽调问卷页_点击 经营情况 模块进入子模块页面_检查子模块存在经营核实tab标签_点击顶部经营核实tab标签_进入经营核实页面_问卷必填信息输入完成后_点击暂存按钮_返回尽调问卷页面
2025-06-07 18:08:05.630 [DBG] 处理分支: 尽调问卷新增问卷项_微营销端_代办列表_共富贷产品_客户经理陈平安存在待简易尽调的数据_点击待办列表待尽调的数据_进入尽调页面_信息检验页_点击编辑_点击下一步_进入尽调问卷页_点击 经营情况 模块进入子模块页面_检查子模块存在经营核实tab标签_点击顶部经营核实tab标签_进入经营核实页面_问卷必填信息输入完成后_点击暂存按钮_返回尽调问卷页面_再次点击
2025-06-07 18:08:05.630 [DBG] 处理分支: 尽调问卷新增问卷项_微营销端_代办列表_共富贷产品_客户经理陈平安存在待简易尽调的数据_点击待办列表待尽调的数据_进入尽调页面_信息检验页_点击编辑_点击下一步_进入尽调问卷页_点击 经营情况 模块进入子模块页面_检查子模块存在经营核实tab标签_点击顶部经营核实tab标签_进入经营核实页面_问卷必填信息输入完成后_点击暂存按钮_返回尽调问卷页面_再次点击_ 经营情况 模块进入经营核实tab页
2025-06-07 18:08:05.630 [DBG] 处理分支: 尽调问卷新增问卷项_微营销端_代办列表_共富贷产品_客户经理陈平安存在待简易尽调的数据_点击待办列表待尽调的数据_进入尽调页面_信息检验页_点击编辑_点击下一步_进入尽调问卷页_点击 经营情况 模块进入子模块页面_检查子模块存在经营核实tab标签_点击顶部经营核实tab标签_进入经营核实页面_问卷必填信息输入完成后_点击暂存按钮_返回尽调问卷页面_再次点击_ 经营情况 模块进入经营核实tab页_显示上次输入的内容
2025-06-07 18:08:05.630 [DBG] 添加测试用例: 尽调问卷新增问卷项_微营销端_代办列表_共富贷产品_客户经理陈平安存在待简易尽调的数据_点击待办列表待尽调的数据_进入尽调页面_信息检验页_点击编辑_点击下一步_进入尽调问卷页_点击 经营情况 模块进入子模块页面_检查子模块存在经营核实tab标签_点击顶部经营核实tab标签_进入经营核实页面_问卷必填信息输入完成后_点击暂存按钮_返回尽调问卷页面_再次点击_ 经营情况 模块进入经营核实tab页_显示上次输入的内容
2025-06-07 18:08:05.630 [DBG] 处理分支: 尽调问卷新增问卷项_微营销端_代办列表_共富贷产品_客户经理陈平安存在待简易尽调的数据_点击待办列表待尽调的数据_进入尽调页面_信息检验页_点击编辑_点击下一步_进入尽调问卷页_点击 经营情况 模块进入子模块页面_检查子模块存在经营核实tab标签_点击顶部经营核实tab标签_进入经营核实页面_问卷必填信息输入完成后_点击暂存按钮_经营核实tab显示✅ico
2025-06-07 18:08:05.630 [DBG] 添加测试用例: 尽调问卷新增问卷项_微营销端_代办列表_共富贷产品_客户经理陈平安存在待简易尽调的数据_点击待办列表待尽调的数据_进入尽调页面_信息检验页_点击编辑_点击下一步_进入尽调问卷页_点击 经营情况 模块进入子模块页面_检查子模块存在经营核实tab标签_点击顶部经营核实tab标签_进入经营核实页面_问卷必填信息输入完成后_点击暂存按钮_经营核实tab显示✅ico
2025-06-07 18:08:05.630 [DBG] 处理分支: 尽调问卷新增问卷项_微营销端_代办列表_共富贷产品_客户经理陈平安存在待简易尽调的数据_点击待办列表待尽调的数据_进入尽调页面_信息检验页_点击编辑_点击下一步_进入尽调问卷页_点击 经营情况 模块进入子模块页面_检查子模块存在经营核实tab标签_点击顶部经营核实tab标签_进入经营核实页面_问卷必填信息输入完成后_点击保存按钮
2025-06-07 18:08:05.630 [DBG] 处理分支: 尽调问卷新增问卷项_微营销端_代办列表_共富贷产品_客户经理陈平安存在待简易尽调的数据_点击待办列表待尽调的数据_进入尽调页面_信息检验页_点击编辑_点击下一步_进入尽调问卷页_点击 经营情况 模块进入子模块页面_检查子模块存在经营核实tab标签_点击顶部经营核实tab标签_进入经营核实页面_问卷必填信息输入完成后_点击保存按钮_会自动进入下一个问卷tab
2025-06-07 18:08:05.630 [DBG] 添加测试用例: 尽调问卷新增问卷项_微营销端_代办列表_共富贷产品_客户经理陈平安存在待简易尽调的数据_点击待办列表待尽调的数据_进入尽调页面_信息检验页_点击编辑_点击下一步_进入尽调问卷页_点击 经营情况 模块进入子模块页面_检查子模块存在经营核实tab标签_点击顶部经营核实tab标签_进入经营核实页面_问卷必填信息输入完成后_点击保存按钮_会自动进入下一个问卷tab
2025-06-07 18:08:05.630 [DBG] 处理分支: 尽调问卷新增问卷项_微营销端_代办列表_共富贷产品_客户经理陈平安存在待简易尽调的数据_点击待办列表待尽调的数据_进入尽调页面_信息检验页_点击编辑_点击下一步_进入尽调问卷页_点击 经营情况 模块进入子模块页面_检查子模块存在经营核实tab标签_点击顶部经营核实tab标签_进入经营核实页面_问卷必填信息输入完成后_返回尽调问卷页面
2025-06-07 18:08:05.630 [DBG] 处理分支: 尽调问卷新增问卷项_微营销端_代办列表_共富贷产品_客户经理陈平安存在待简易尽调的数据_点击待办列表待尽调的数据_进入尽调页面_信息检验页_点击编辑_点击下一步_进入尽调问卷页_点击 经营情况 模块进入子模块页面_检查子模块存在经营核实tab标签_点击顶部经营核实tab标签_进入经营核实页面_问卷必填信息输入完成后_返回尽调问卷页面_再次点击
2025-06-07 18:08:05.630 [DBG] 处理分支: 尽调问卷新增问卷项_微营销端_代办列表_共富贷产品_客户经理陈平安存在待简易尽调的数据_点击待办列表待尽调的数据_进入尽调页面_信息检验页_点击编辑_点击下一步_进入尽调问卷页_点击 经营情况 模块进入子模块页面_检查子模块存在经营核实tab标签_点击顶部经营核实tab标签_进入经营核实页面_问卷必填信息输入完成后_返回尽调问卷页面_再次点击_ 经营情况 模块进入经营核实tab页
2025-06-07 18:08:05.630 [DBG] 处理分支: 尽调问卷新增问卷项_微营销端_代办列表_共富贷产品_客户经理陈平安存在待简易尽调的数据_点击待办列表待尽调的数据_进入尽调页面_信息检验页_点击编辑_点击下一步_进入尽调问卷页_点击 经营情况 模块进入子模块页面_检查子模块存在经营核实tab标签_点击顶部经营核实tab标签_进入经营核实页面_问卷必填信息输入完成后_返回尽调问卷页面_再次点击_ 经营情况 模块进入经营核实tab页_显示上次输入的内容
2025-06-07 18:08:05.630 [DBG] 添加测试用例: 尽调问卷新增问卷项_微营销端_代办列表_共富贷产品_客户经理陈平安存在待简易尽调的数据_点击待办列表待尽调的数据_进入尽调页面_信息检验页_点击编辑_点击下一步_进入尽调问卷页_点击 经营情况 模块进入子模块页面_检查子模块存在经营核实tab标签_点击顶部经营核实tab标签_进入经营核实页面_问卷必填信息输入完成后_返回尽调问卷页面_再次点击_ 经营情况 模块进入经营核实tab页_显示上次输入的内容
2025-06-07 18:08:05.630 [DBG] 处理分支: 尽调问卷新增问卷项_微营销端_代办列表_共富贷产品_客户经理陈平安存在待简易尽调的数据_点击待办列表待尽调的数据_进入尽调页面_信息检验页_点击编辑_点击下一步_进入尽调问卷页_点击 经营情况 模块进入子模块页面_检查子模块存在经营核实tab标签_点击顶部经营核实tab标签_进入经营核实页面_问卷必填信息输入完成后_返回尽调问卷页面_经营核实模块卡片显示已完成4/4
2025-06-07 18:08:05.630 [DBG] 添加测试用例: 尽调问卷新增问卷项_微营销端_代办列表_共富贷产品_客户经理陈平安存在待简易尽调的数据_点击待办列表待尽调的数据_进入尽调页面_信息检验页_点击编辑_点击下一步_进入尽调问卷页_点击 经营情况 模块进入子模块页面_检查子模块存在经营核实tab标签_点击顶部经营核实tab标签_进入经营核实页面_问卷必填信息输入完成后_返回尽调问卷页面_经营核实模块卡片显示已完成4/4
2025-06-07 18:08:05.630 [DBG] 处理分支: 尽调问卷新增问卷项_微营销端_代办列表_共富贷产品_客户经理陈平安存在待财务尽调的数据
2025-06-07 18:08:05.630 [DBG] 处理分支: 尽调问卷新增问卷项_微营销端_代办列表_共富贷产品_客户经理陈平安存在待财务尽调的数据_同简易尽调测试流程
2025-06-07 18:08:05.630 [DBG] 添加测试用例: 尽调问卷新增问卷项_微营销端_代办列表_共富贷产品_客户经理陈平安存在待财务尽调的数据_同简易尽调测试流程
2025-06-07 18:08:05.630 [DBG] 处理分支: 尽调问卷新增问卷项_微营销端_代办列表_共富贷产品_客户经理陈平安存在待亲见的数据
2025-06-07 18:08:05.630 [DBG] 处理分支: 尽调问卷新增问卷项_微营销端_代办列表_共富贷产品_客户经理陈平安存在待亲见的数据_进入问卷页
2025-06-07 18:08:05.630 [DBG] 处理分支: 尽调问卷新增问卷项_微营销端_代办列表_共富贷产品_客户经理陈平安存在待亲见的数据_进入问卷页_显示
2025-06-07 18:08:05.630 [DBG] 处理分支: 尽调问卷新增问卷项_微营销端_代办列表_共富贷产品_客户经理陈平安存在待亲见的数据_进入问卷页_显示_借款人是否是本人实际在经营业务？是否存在代持执照，借用银行账户代走生意流水的情况？
2025-06-07 18:08:05.630 [DBG] 处理分支: 尽调问卷新增问卷项_微营销端_代办列表_共富贷产品_客户经理陈平安存在待亲见的数据_进入问卷页_显示_借款人是否是本人实际在经营业务？是否存在代持执照，借用银行账户代走生意流水的情况？_显示单选框是
2025-06-07 18:08:05.630 [DBG] 处理分支: 尽调问卷新增问卷项_微营销端_代办列表_共富贷产品_客户经理陈平安存在待亲见的数据_进入问卷页_显示_借款人是否是本人实际在经营业务？是否存在代持执照，借用银行账户代走生意流水的情况？_显示单选框是_选中
2025-06-07 18:08:05.630 [DBG] 处理分支: 尽调问卷新增问卷项_微营销端_代办列表_共富贷产品_客户经理陈平安存在待亲见的数据_进入问卷页_显示_借款人是否是本人实际在经营业务？是否存在代持执照，借用银行账户代走生意流水的情况？_显示单选框是_选中_显示问题
2025-06-07 18:08:05.630 [DBG] 处理分支: 尽调问卷新增问卷项_微营销端_代办列表_共富贷产品_客户经理陈平安存在待亲见的数据_进入问卷页_显示_借款人是否是本人实际在经营业务？是否存在代持执照，借用银行账户代走生意流水的情况？_显示单选框是_选中_显示问题_情况说明（请输入文字描述）
2025-06-07 18:08:05.630 [DBG] 处理分支: 尽调问卷新增问卷项_微营销端_代办列表_共富贷产品_客户经理陈平安存在待亲见的数据_进入问卷页_显示_借款人是否是本人实际在经营业务？是否存在代持执照，借用银行账户代走生意流水的情况？_显示单选框是_选中_显示问题_情况说明（请输入文字描述）_多行文本输入
2025-06-07 18:08:05.630 [DBG] 处理分支: 尽调问卷新增问卷项_微营销端_代办列表_共富贷产品_客户经理陈平安存在待亲见的数据_进入问卷页_显示_借款人是否是本人实际在经营业务？是否存在代持执照，借用银行账户代走生意流水的情况？_显示单选框是_选中_显示问题_情况说明（请输入文字描述）_多行文本输入_不输入文本
2025-06-07 18:08:05.630 [DBG] 处理分支: 尽调问卷新增问卷项_微营销端_代办列表_共富贷产品_客户经理陈平安存在待亲见的数据_进入问卷页_显示_借款人是否是本人实际在经营业务？是否存在代持执照，借用银行账户代走生意流水的情况？_显示单选框是_选中_显示问题_情况说明（请输入文字描述）_多行文本输入_不输入文本_提示不能为空
2025-06-07 18:08:05.630 [DBG] 添加测试用例: 尽调问卷新增问卷项_微营销端_代办列表_共富贷产品_客户经理陈平安存在待亲见的数据_进入问卷页_显示_借款人是否是本人实际在经营业务？是否存在代持执照，借用银行账户代走生意流水的情况？_显示单选框是_选中_显示问题_情况说明（请输入文字描述）_多行文本输入_不输入文本_提示不能为空
2025-06-07 18:08:05.630 [DBG] 处理分支: 尽调问卷新增问卷项_微营销端_代办列表_共富贷产品_客户经理陈平安存在待亲见的数据_进入问卷页_显示_借款人是否是本人实际在经营业务？是否存在代持执照，借用银行账户代走生意流水的情况？_显示单选框是_选中_显示问题_情况说明（请输入文字描述）_多行文本输入_输入文本
2025-06-07 18:08:05.630 [DBG] 处理分支: 尽调问卷新增问卷项_微营销端_代办列表_共富贷产品_客户经理陈平安存在待亲见的数据_进入问卷页_显示_借款人是否是本人实际在经营业务？是否存在代持执照，借用银行账户代走生意流水的情况？_显示单选框是_选中_显示问题_情况说明（请输入文字描述）_多行文本输入_输入文本_200
2025-06-07 18:08:05.630 [DBG] 处理分支: 尽调问卷新增问卷项_微营销端_代办列表_共富贷产品_客户经理陈平安存在待亲见的数据_进入问卷页_显示_借款人是否是本人实际在经营业务？是否存在代持执照，借用银行账户代走生意流水的情况？_显示单选框是_选中_显示问题_情况说明（请输入文字描述）_多行文本输入_输入文本_200_不显示错误提示
2025-06-07 18:08:05.630 [DBG] 添加测试用例: 尽调问卷新增问卷项_微营销端_代办列表_共富贷产品_客户经理陈平安存在待亲见的数据_进入问卷页_显示_借款人是否是本人实际在经营业务？是否存在代持执照，借用银行账户代走生意流水的情况？_显示单选框是_选中_显示问题_情况说明（请输入文字描述）_多行文本输入_输入文本_200_不显示错误提示
2025-06-07 18:08:05.630 [DBG] 处理分支: 尽调问卷新增问卷项_微营销端_代办列表_共富贷产品_客户经理陈平安存在待亲见的数据_进入问卷页_显示_借款人是否是本人实际在经营业务？是否存在代持执照，借用银行账户代走生意流水的情况？_显示单选框是_选中_显示问题_情况说明（请输入文字描述）_多行文本输入_输入文本_201
2025-06-07 18:08:05.630 [DBG] 处理分支: 尽调问卷新增问卷项_微营销端_代办列表_共富贷产品_客户经理陈平安存在待亲见的数据_进入问卷页_显示_借款人是否是本人实际在经营业务？是否存在代持执照，借用银行账户代走生意流水的情况？_显示单选框是_选中_显示问题_情况说明（请输入文字描述）_多行文本输入_输入文本_201_提示超过上限
2025-06-07 18:08:05.630 [DBG] 添加测试用例: 尽调问卷新增问卷项_微营销端_代办列表_共富贷产品_客户经理陈平安存在待亲见的数据_进入问卷页_显示_借款人是否是本人实际在经营业务？是否存在代持执照，借用银行账户代走生意流水的情况？_显示单选框是_选中_显示问题_情况说明（请输入文字描述）_多行文本输入_输入文本_201_提示超过上限
2025-06-07 18:08:05.630 [DBG] 处理分支: 尽调问卷新增问卷项_微营销端_代办列表_共富贷产品_客户经理陈平安存在待亲见的数据_进入问卷页_显示_借款人是否是本人实际在经营业务？是否存在代持执照，借用银行账户代走生意流水的情况？_显示单选框否
2025-06-07 18:08:05.631 [DBG] 处理分支: 尽调问卷新增问卷项_微营销端_代办列表_共富贷产品_客户经理陈平安存在待亲见的数据_进入问卷页_显示_借款人是否是本人实际在经营业务？是否存在代持执照，借用银行账户代走生意流水的情况？_显示单选框否_选中
2025-06-07 18:08:05.631 [DBG] 处理分支: 尽调问卷新增问卷项_微营销端_代办列表_共富贷产品_客户经理陈平安存在待亲见的数据_进入问卷页_显示_借款人是否是本人实际在经营业务？是否存在代持执照，借用银行账户代走生意流水的情况？_显示单选框否_选中_不显示问题
2025-06-07 18:08:05.631 [DBG] 添加测试用例: 尽调问卷新增问卷项_微营销端_代办列表_共富贷产品_客户经理陈平安存在待亲见的数据_进入问卷页_显示_借款人是否是本人实际在经营业务？是否存在代持执照，借用银行账户代走生意流水的情况？_显示单选框否_选中_不显示问题
2025-06-07 18:08:05.631 [DBG] 处理分支: 尽调问卷新增问卷项_微营销端_代办列表_共富贷产品_客户经理陈平安存在待亲见的数据_进入问卷页_显示_借款人是否是本人实际在经营业务？是否存在代持执照，借用银行账户代走生意流水的情况？_此问题为问卷最后一个问题
2025-06-07 18:08:05.631 [DBG] 添加测试用例: 尽调问卷新增问卷项_微营销端_代办列表_共富贷产品_客户经理陈平安存在待亲见的数据_进入问卷页_显示_借款人是否是本人实际在经营业务？是否存在代持执照，借用银行账户代走生意流水的情况？_此问题为问卷最后一个问题
2025-06-07 18:08:05.631 [DBG] 处理分支: 尽调问卷新增问卷项_微营销端_代办列表_共富贷经营贷产品
2025-06-07 18:08:05.631 [DBG] 处理分支: 尽调问卷新增问卷项_微营销端_代办列表_共富贷经营贷产品_客户经理陈平安存在待简易尽调的数据
2025-06-07 18:08:05.631 [DBG] 处理分支: 尽调问卷新增问卷项_微营销端_代办列表_共富贷经营贷产品_客户经理陈平安存在待简易尽调的数据_同共富贷产品简易尽调测试流程
2025-06-07 18:08:05.631 [DBG] 添加测试用例: 尽调问卷新增问卷项_微营销端_代办列表_共富贷经营贷产品_客户经理陈平安存在待简易尽调的数据_同共富贷产品简易尽调测试流程
2025-06-07 18:08:05.631 [DBG] 处理分支: 尽调问卷新增问卷项_微营销端_代办列表_共富贷经营贷产品_客户经理陈平安存在待财务尽调的数据
2025-06-07 18:08:05.631 [DBG] 处理分支: 尽调问卷新增问卷项_微营销端_代办列表_共富贷经营贷产品_客户经理陈平安存在待财务尽调的数据_同共富贷产品财务尽调测试流程
2025-06-07 18:08:05.631 [DBG] 添加测试用例: 尽调问卷新增问卷项_微营销端_代办列表_共富贷经营贷产品_客户经理陈平安存在待财务尽调的数据_同共富贷产品财务尽调测试流程
2025-06-07 18:08:05.631 [DBG] 处理分支: 尽调问卷新增问卷项_微营销端_代办列表_共富贷经营贷产品_客户经理陈平安存在待亲见的数据
2025-06-07 18:08:05.631 [DBG] 处理分支: 尽调问卷新增问卷项_微营销端_代办列表_共富贷经营贷产品_客户经理陈平安存在待亲见的数据_同共富贷产品亲见测试流程
2025-06-07 18:08:05.631 [DBG] 添加测试用例: 尽调问卷新增问卷项_微营销端_代办列表_共富贷经营贷产品_客户经理陈平安存在待亲见的数据_同共富贷产品亲见测试流程
2025-06-07 18:08:05.631 [INF] 思维导图处理完成，共生成 26 个测试用例
2025-06-07 18:08:09.427 [INF] 开始解析XMind文件: C:\Users\miaoxu-jwk\Desktop\0522问卷调查新增内容.xmind
2025-06-07 18:08:09.427 [DBG] 接收到的字段值: {"类型":"功能测试","作者":"苗栩","标签":"20250410","优先级":"中","节点路径":"AAA","应用":"Target-LPS"}
2025-06-07 18:08:09.427 [DBG] 从缓存中获取文件内容: C:\Users\miaoxu-jwk\Desktop\0522问卷调查新增内容.xmind
2025-06-07 18:08:09.427 [INF] 开始处理思维导图，根节点标题: 尽调问卷新增问卷项
2025-06-07 18:08:09.428 [DBG] 处理分支: 尽调问卷新增问卷项
2025-06-07 18:08:09.428 [DBG] 处理分支: 尽调问卷新增问卷项_微营销端
2025-06-07 18:08:09.428 [DBG] 处理分支: 尽调问卷新增问卷项_微营销端_代办列表
2025-06-07 18:08:09.428 [DBG] 处理分支: 尽调问卷新增问卷项_微营销端_代办列表_共富贷产品
2025-06-07 18:08:09.428 [DBG] 处理分支: 尽调问卷新增问卷项_微营销端_代办列表_共富贷产品_客户经理陈平安存在待简易尽调的数据
2025-06-07 18:08:09.428 [DBG] 处理分支: 尽调问卷新增问卷项_微营销端_代办列表_共富贷产品_客户经理陈平安存在待简易尽调的数据_点击待办列表待尽调的数据
2025-06-07 18:08:09.428 [DBG] 处理分支: 尽调问卷新增问卷项_微营销端_代办列表_共富贷产品_客户经理陈平安存在待简易尽调的数据_点击待办列表待尽调的数据_进入尽调页面
2025-06-07 18:08:09.428 [DBG] 处理分支: 尽调问卷新增问卷项_微营销端_代办列表_共富贷产品_客户经理陈平安存在待简易尽调的数据_点击待办列表待尽调的数据_进入尽调页面_信息检验页
2025-06-07 18:08:09.428 [DBG] 处理分支: 尽调问卷新增问卷项_微营销端_代办列表_共富贷产品_客户经理陈平安存在待简易尽调的数据_点击待办列表待尽调的数据_进入尽调页面_信息检验页_点击编辑
2025-06-07 18:08:09.428 [DBG] 处理分支: 尽调问卷新增问卷项_微营销端_代办列表_共富贷产品_客户经理陈平安存在待简易尽调的数据_点击待办列表待尽调的数据_进入尽调页面_信息检验页_点击编辑_补充借款人信息
2025-06-07 18:08:09.428 [DBG] 添加测试用例: 尽调问卷新增问卷项_微营销端_代办列表_共富贷产品_客户经理陈平安存在待简易尽调的数据_点击待办列表待尽调的数据_进入尽调页面_信息检验页_点击编辑_补充借款人信息
2025-06-07 18:08:09.428 [DBG] 处理分支: 尽调问卷新增问卷项_微营销端_代办列表_共富贷产品_客户经理陈平安存在待简易尽调的数据_点击待办列表待尽调的数据_进入尽调页面_信息检验页_点击编辑_上传合影
2025-06-07 18:08:09.428 [DBG] 添加测试用例: 尽调问卷新增问卷项_微营销端_代办列表_共富贷产品_客户经理陈平安存在待简易尽调的数据_点击待办列表待尽调的数据_进入尽调页面_信息检验页_点击编辑_上传合影
2025-06-07 18:08:09.428 [DBG] 处理分支: 尽调问卷新增问卷项_微营销端_代办列表_共富贷产品_客户经理陈平安存在待简易尽调的数据_点击待办列表待尽调的数据_进入尽调页面_信息检验页_点击编辑_点击下一步
2025-06-07 18:08:09.428 [DBG] 处理分支: 尽调问卷新增问卷项_微营销端_代办列表_共富贷产品_客户经理陈平安存在待简易尽调的数据_点击待办列表待尽调的数据_进入尽调页面_信息检验页_点击编辑_点击下一步_进入尽调问卷页
2025-06-07 18:08:09.428 [DBG] 处理分支: 尽调问卷新增问卷项_微营销端_代办列表_共富贷产品_客户经理陈平安存在待简易尽调的数据_点击待办列表待尽调的数据_进入尽调页面_信息检验页_点击编辑_点击下一步_进入尽调问卷页_点击 经营情况 模块进入子模块页面
2025-06-07 18:08:09.428 [DBG] 处理分支: 尽调问卷新增问卷项_微营销端_代办列表_共富贷产品_客户经理陈平安存在待简易尽调的数据_点击待办列表待尽调的数据_进入尽调页面_信息检验页_点击编辑_点击下一步_进入尽调问卷页_点击 经营情况 模块进入子模块页面_检查子模块存在经营核实tab标签
2025-06-07 18:08:09.428 [DBG] 处理分支: 尽调问卷新增问卷项_微营销端_代办列表_共富贷产品_客户经理陈平安存在待简易尽调的数据_点击待办列表待尽调的数据_进入尽调页面_信息检验页_点击编辑_点击下一步_进入尽调问卷页_点击 经营情况 模块进入子模块页面_检查子模块存在经营核实tab标签_点击顶部经营核实tab标签
2025-06-07 18:08:09.428 [DBG] 处理分支: 尽调问卷新增问卷项_微营销端_代办列表_共富贷产品_客户经理陈平安存在待简易尽调的数据_点击待办列表待尽调的数据_进入尽调页面_信息检验页_点击编辑_点击下一步_进入尽调问卷页_点击 经营情况 模块进入子模块页面_检查子模块存在经营核实tab标签_点击顶部经营核实tab标签_进入经营核实页面
2025-06-07 18:08:09.428 [DBG] 处理分支: 尽调问卷新增问卷项_微营销端_代办列表_共富贷产品_客户经理陈平安存在待简易尽调的数据_点击待办列表待尽调的数据_进入尽调页面_信息检验页_点击编辑_点击下一步_进入尽调问卷页_点击 经营情况 模块进入子模块页面_检查子模块存在经营核实tab标签_点击顶部经营核实tab标签_进入经营核实页面_显示问题
2025-06-07 18:08:09.428 [DBG] 处理分支: 尽调问卷新增问卷项_微营销端_代办列表_共富贷产品_客户经理陈平安存在待简易尽调的数据_点击待办列表待尽调的数据_进入尽调页面_信息检验页_点击编辑_点击下一步_进入尽调问卷页_点击 经营情况 模块进入子模块页面_检查子模块存在经营核实tab标签_点击顶部经营核实tab标签_进入经营核实页面_显示问题_1.借款人以及共借人担任法人或持股比例50%以上的企业是否有司法风险？
2025-06-07 18:08:09.428 [DBG] 处理分支: 尽调问卷新增问卷项_微营销端_代办列表_共富贷产品_客户经理陈平安存在待简易尽调的数据_点击待办列表待尽调的数据_进入尽调页面_信息检验页_点击编辑_点击下一步_进入尽调问卷页_点击 经营情况 模块进入子模块页面_检查子模块存在经营核实tab标签_点击顶部经营核实tab标签_进入经营核实页面_显示问题_1.借款人以及共借人担任法人或持股比例50%以上的企业是否有司法风险？_显示单选框是
2025-06-07 18:08:09.428 [DBG] 处理分支: 尽调问卷新增问卷项_微营销端_代办列表_共富贷产品_客户经理陈平安存在待简易尽调的数据_点击待办列表待尽调的数据_进入尽调页面_信息检验页_点击编辑_点击下一步_进入尽调问卷页_点击 经营情况 模块进入子模块页面_检查子模块存在经营核实tab标签_点击顶部经营核实tab标签_进入经营核实页面_显示问题_1.借款人以及共借人担任法人或持股比例50%以上的企业是否有司法风险？_显示单选框是_选中
2025-06-07 18:08:09.428 [DBG] 处理分支: 尽调问卷新增问卷项_微营销端_代办列表_共富贷产品_客户经理陈平安存在待简易尽调的数据_点击待办列表待尽调的数据_进入尽调页面_信息检验页_点击编辑_点击下一步_进入尽调问卷页_点击 经营情况 模块进入子模块页面_检查子模块存在经营核实tab标签_点击顶部经营核实tab标签_进入经营核实页面_显示问题_1.借款人以及共借人担任法人或持股比例50%以上的企业是否有司法风险？_显示单选框是_选中_显示1-1问题
2025-06-07 18:08:09.428 [DBG] 处理分支: 尽调问卷新增问卷项_微营销端_代办列表_共富贷产品_客户经理陈平安存在待简易尽调的数据_点击待办列表待尽调的数据_进入尽调页面_信息检验页_点击编辑_点击下一步_进入尽调问卷页_点击 经营情况 模块进入子模块页面_检查子模块存在经营核实tab标签_点击顶部经营核实tab标签_进入经营核实页面_显示问题_1.借款人以及共借人担任法人或持股比例50%以上的企业是否有司法风险？_显示单选框是_选中_显示1-1问题_司法风险说明（请输入文字描述）
2025-06-07 18:08:09.428 [DBG] 处理分支: 尽调问卷新增问卷项_微营销端_代办列表_共富贷产品_客户经理陈平安存在待简易尽调的数据_点击待办列表待尽调的数据_进入尽调页面_信息检验页_点击编辑_点击下一步_进入尽调问卷页_点击 经营情况 模块进入子模块页面_检查子模块存在经营核实tab标签_点击顶部经营核实tab标签_进入经营核实页面_显示问题_1.借款人以及共借人担任法人或持股比例50%以上的企业是否有司法风险？_显示单选框是_选中_显示1-1问题_司法风险说明（请输入文字描述）_多行文本输入
2025-06-07 18:08:09.428 [DBG] 处理分支: 尽调问卷新增问卷项_微营销端_代办列表_共富贷产品_客户经理陈平安存在待简易尽调的数据_点击待办列表待尽调的数据_进入尽调页面_信息检验页_点击编辑_点击下一步_进入尽调问卷页_点击 经营情况 模块进入子模块页面_检查子模块存在经营核实tab标签_点击顶部经营核实tab标签_进入经营核实页面_显示问题_1.借款人以及共借人担任法人或持股比例50%以上的企业是否有司法风险？_显示单选框是_选中_显示1-1问题_司法风险说明（请输入文字描述）_多行文本输入_不输入文本
2025-06-07 18:08:09.428 [DBG] 处理分支: 尽调问卷新增问卷项_微营销端_代办列表_共富贷产品_客户经理陈平安存在待简易尽调的数据_点击待办列表待尽调的数据_进入尽调页面_信息检验页_点击编辑_点击下一步_进入尽调问卷页_点击 经营情况 模块进入子模块页面_检查子模块存在经营核实tab标签_点击顶部经营核实tab标签_进入经营核实页面_显示问题_1.借款人以及共借人担任法人或持股比例50%以上的企业是否有司法风险？_显示单选框是_选中_显示1-1问题_司法风险说明（请输入文字描述）_多行文本输入_不输入文本_提示不能为空
2025-06-07 18:08:09.428 [DBG] 添加测试用例: 尽调问卷新增问卷项_微营销端_代办列表_共富贷产品_客户经理陈平安存在待简易尽调的数据_点击待办列表待尽调的数据_进入尽调页面_信息检验页_点击编辑_点击下一步_进入尽调问卷页_点击 经营情况 模块进入子模块页面_检查子模块存在经营核实tab标签_点击顶部经营核实tab标签_进入经营核实页面_显示问题_1.借款人以及共借人担任法人或持股比例50%以上的企业是否有司法风险？_显示单选框是_选中_显示1-1问题_司法风险说明（请输入文字描述）_多行文本输入_不输入文本_提示不能为空
2025-06-07 18:08:09.428 [DBG] 处理分支: 尽调问卷新增问卷项_微营销端_代办列表_共富贷产品_客户经理陈平安存在待简易尽调的数据_点击待办列表待尽调的数据_进入尽调页面_信息检验页_点击编辑_点击下一步_进入尽调问卷页_点击 经营情况 模块进入子模块页面_检查子模块存在经营核实tab标签_点击顶部经营核实tab标签_进入经营核实页面_显示问题_1.借款人以及共借人担任法人或持股比例50%以上的企业是否有司法风险？_显示单选框是_选中_显示1-1问题_司法风险说明（请输入文字描述）_多行文本输入_输入文本
2025-06-07 18:08:09.428 [DBG] 处理分支: 尽调问卷新增问卷项_微营销端_代办列表_共富贷产品_客户经理陈平安存在待简易尽调的数据_点击待办列表待尽调的数据_进入尽调页面_信息检验页_点击编辑_点击下一步_进入尽调问卷页_点击 经营情况 模块进入子模块页面_检查子模块存在经营核实tab标签_点击顶部经营核实tab标签_进入经营核实页面_显示问题_1.借款人以及共借人担任法人或持股比例50%以上的企业是否有司法风险？_显示单选框是_选中_显示1-1问题_司法风险说明（请输入文字描述）_多行文本输入_输入文本_200
2025-06-07 18:08:09.428 [DBG] 处理分支: 尽调问卷新增问卷项_微营销端_代办列表_共富贷产品_客户经理陈平安存在待简易尽调的数据_点击待办列表待尽调的数据_进入尽调页面_信息检验页_点击编辑_点击下一步_进入尽调问卷页_点击 经营情况 模块进入子模块页面_检查子模块存在经营核实tab标签_点击顶部经营核实tab标签_进入经营核实页面_显示问题_1.借款人以及共借人担任法人或持股比例50%以上的企业是否有司法风险？_显示单选框是_选中_显示1-1问题_司法风险说明（请输入文字描述）_多行文本输入_输入文本_200_不显示错误提示
2025-06-07 18:08:09.428 [DBG] 添加测试用例: 尽调问卷新增问卷项_微营销端_代办列表_共富贷产品_客户经理陈平安存在待简易尽调的数据_点击待办列表待尽调的数据_进入尽调页面_信息检验页_点击编辑_点击下一步_进入尽调问卷页_点击 经营情况 模块进入子模块页面_检查子模块存在经营核实tab标签_点击顶部经营核实tab标签_进入经营核实页面_显示问题_1.借款人以及共借人担任法人或持股比例50%以上的企业是否有司法风险？_显示单选框是_选中_显示1-1问题_司法风险说明（请输入文字描述）_多行文本输入_输入文本_200_不显示错误提示
2025-06-07 18:08:09.428 [DBG] 处理分支: 尽调问卷新增问卷项_微营销端_代办列表_共富贷产品_客户经理陈平安存在待简易尽调的数据_点击待办列表待尽调的数据_进入尽调页面_信息检验页_点击编辑_点击下一步_进入尽调问卷页_点击 经营情况 模块进入子模块页面_检查子模块存在经营核实tab标签_点击顶部经营核实tab标签_进入经营核实页面_显示问题_1.借款人以及共借人担任法人或持股比例50%以上的企业是否有司法风险？_显示单选框是_选中_显示1-1问题_司法风险说明（请输入文字描述）_多行文本输入_输入文本_201
2025-06-07 18:08:09.428 [DBG] 处理分支: 尽调问卷新增问卷项_微营销端_代办列表_共富贷产品_客户经理陈平安存在待简易尽调的数据_点击待办列表待尽调的数据_进入尽调页面_信息检验页_点击编辑_点击下一步_进入尽调问卷页_点击 经营情况 模块进入子模块页面_检查子模块存在经营核实tab标签_点击顶部经营核实tab标签_进入经营核实页面_显示问题_1.借款人以及共借人担任法人或持股比例50%以上的企业是否有司法风险？_显示单选框是_选中_显示1-1问题_司法风险说明（请输入文字描述）_多行文本输入_输入文本_201_提示超过上限
2025-06-07 18:08:09.428 [DBG] 添加测试用例: 尽调问卷新增问卷项_微营销端_代办列表_共富贷产品_客户经理陈平安存在待简易尽调的数据_点击待办列表待尽调的数据_进入尽调页面_信息检验页_点击编辑_点击下一步_进入尽调问卷页_点击 经营情况 模块进入子模块页面_检查子模块存在经营核实tab标签_点击顶部经营核实tab标签_进入经营核实页面_显示问题_1.借款人以及共借人担任法人或持股比例50%以上的企业是否有司法风险？_显示单选框是_选中_显示1-1问题_司法风险说明（请输入文字描述）_多行文本输入_输入文本_201_提示超过上限
2025-06-07 18:08:09.428 [DBG] 处理分支: 尽调问卷新增问卷项_微营销端_代办列表_共富贷产品_客户经理陈平安存在待简易尽调的数据_点击待办列表待尽调的数据_进入尽调页面_信息检验页_点击编辑_点击下一步_进入尽调问卷页_点击 经营情况 模块进入子模块页面_检查子模块存在经营核实tab标签_点击顶部经营核实tab标签_进入经营核实页面_显示问题_1.借款人以及共借人担任法人或持股比例50%以上的企业是否有司法风险？_显示单选框否
2025-06-07 18:08:09.428 [DBG] 处理分支: 尽调问卷新增问卷项_微营销端_代办列表_共富贷产品_客户经理陈平安存在待简易尽调的数据_点击待办列表待尽调的数据_进入尽调页面_信息检验页_点击编辑_点击下一步_进入尽调问卷页_点击 经营情况 模块进入子模块页面_检查子模块存在经营核实tab标签_点击顶部经营核实tab标签_进入经营核实页面_显示问题_1.借款人以及共借人担任法人或持股比例50%以上的企业是否有司法风险？_显示单选框否_选中
2025-06-07 18:08:09.428 [DBG] 处理分支: 尽调问卷新增问卷项_微营销端_代办列表_共富贷产品_客户经理陈平安存在待简易尽调的数据_点击待办列表待尽调的数据_进入尽调页面_信息检验页_点击编辑_点击下一步_进入尽调问卷页_点击 经营情况 模块进入子模块页面_检查子模块存在经营核实tab标签_点击顶部经营核实tab标签_进入经营核实页面_显示问题_1.借款人以及共借人担任法人或持股比例50%以上的企业是否有司法风险？_显示单选框否_选中_不显示1-1问题
2025-06-07 18:08:09.428 [DBG] 添加测试用例: 尽调问卷新增问卷项_微营销端_代办列表_共富贷产品_客户经理陈平安存在待简易尽调的数据_点击待办列表待尽调的数据_进入尽调页面_信息检验页_点击编辑_点击下一步_进入尽调问卷页_点击 经营情况 模块进入子模块页面_检查子模块存在经营核实tab标签_点击顶部经营核实tab标签_进入经营核实页面_显示问题_1.借款人以及共借人担任法人或持股比例50%以上的企业是否有司法风险？_显示单选框否_选中_不显示1-1问题
2025-06-07 18:08:09.428 [DBG] 处理分支: 尽调问卷新增问卷项_微营销端_代办列表_共富贷产品_客户经理陈平安存在待简易尽调的数据_点击待办列表待尽调的数据_进入尽调页面_信息检验页_点击编辑_点击下一步_进入尽调问卷页_点击 经营情况 模块进入子模块页面_检查子模块存在经营核实tab标签_点击顶部经营核实tab标签_进入经营核实页面_显示问题_1.借款人以及共借人担任法人或持股比例50%以上的企业是否有司法风险？_注意问题编号
2025-06-07 18:08:09.428 [DBG] 添加测试用例: 尽调问卷新增问卷项_微营销端_代办列表_共富贷产品_客户经理陈平安存在待简易尽调的数据_点击待办列表待尽调的数据_进入尽调页面_信息检验页_点击编辑_点击下一步_进入尽调问卷页_点击 经营情况 模块进入子模块页面_检查子模块存在经营核实tab标签_点击顶部经营核实tab标签_进入经营核实页面_显示问题_1.借款人以及共借人担任法人或持股比例50%以上的企业是否有司法风险？_注意问题编号
2025-06-07 18:08:09.428 [DBG] 处理分支: 尽调问卷新增问卷项_微营销端_代办列表_共富贷产品_客户经理陈平安存在待简易尽调的数据_点击待办列表待尽调的数据_进入尽调页面_信息检验页_点击编辑_点击下一步_进入尽调问卷页_点击 经营情况 模块进入子模块页面_检查子模块存在经营核实tab标签_点击顶部经营核实tab标签_进入经营核实页面_显示问题_2.借款人是否是本人实际在经营业务？是否存在代持执照，借用银行账户代走生意流水的情况？
2025-06-07 18:08:09.428 [DBG] 处理分支: 尽调问卷新增问卷项_微营销端_代办列表_共富贷产品_客户经理陈平安存在待简易尽调的数据_点击待办列表待尽调的数据_进入尽调页面_信息检验页_点击编辑_点击下一步_进入尽调问卷页_点击 经营情况 模块进入子模块页面_检查子模块存在经营核实tab标签_点击顶部经营核实tab标签_进入经营核实页面_显示问题_2.借款人是否是本人实际在经营业务？是否存在代持执照，借用银行账户代走生意流水的情况？_显示单选框是
2025-06-07 18:08:09.428 [DBG] 处理分支: 尽调问卷新增问卷项_微营销端_代办列表_共富贷产品_客户经理陈平安存在待简易尽调的数据_点击待办列表待尽调的数据_进入尽调页面_信息检验页_点击编辑_点击下一步_进入尽调问卷页_点击 经营情况 模块进入子模块页面_检查子模块存在经营核实tab标签_点击顶部经营核实tab标签_进入经营核实页面_显示问题_2.借款人是否是本人实际在经营业务？是否存在代持执照，借用银行账户代走生意流水的情况？_显示单选框是_选中
2025-06-07 18:08:09.428 [DBG] 处理分支: 尽调问卷新增问卷项_微营销端_代办列表_共富贷产品_客户经理陈平安存在待简易尽调的数据_点击待办列表待尽调的数据_进入尽调页面_信息检验页_点击编辑_点击下一步_进入尽调问卷页_点击 经营情况 模块进入子模块页面_检查子模块存在经营核实tab标签_点击顶部经营核实tab标签_进入经营核实页面_显示问题_2.借款人是否是本人实际在经营业务？是否存在代持执照，借用银行账户代走生意流水的情况？_显示单选框是_选中_显示2-1问题
2025-06-07 18:08:09.428 [DBG] 处理分支: 尽调问卷新增问卷项_微营销端_代办列表_共富贷产品_客户经理陈平安存在待简易尽调的数据_点击待办列表待尽调的数据_进入尽调页面_信息检验页_点击编辑_点击下一步_进入尽调问卷页_点击 经营情况 模块进入子模块页面_检查子模块存在经营核实tab标签_点击顶部经营核实tab标签_进入经营核实页面_显示问题_2.借款人是否是本人实际在经营业务？是否存在代持执照，借用银行账户代走生意流水的情况？_显示单选框是_选中_显示2-1问题_情况说明（请输入文字描述）
2025-06-07 18:08:09.428 [DBG] 处理分支: 尽调问卷新增问卷项_微营销端_代办列表_共富贷产品_客户经理陈平安存在待简易尽调的数据_点击待办列表待尽调的数据_进入尽调页面_信息检验页_点击编辑_点击下一步_进入尽调问卷页_点击 经营情况 模块进入子模块页面_检查子模块存在经营核实tab标签_点击顶部经营核实tab标签_进入经营核实页面_显示问题_2.借款人是否是本人实际在经营业务？是否存在代持执照，借用银行账户代走生意流水的情况？_显示单选框是_选中_显示2-1问题_情况说明（请输入文字描述）_多行文本输入
2025-06-07 18:08:09.428 [DBG] 处理分支: 尽调问卷新增问卷项_微营销端_代办列表_共富贷产品_客户经理陈平安存在待简易尽调的数据_点击待办列表待尽调的数据_进入尽调页面_信息检验页_点击编辑_点击下一步_进入尽调问卷页_点击 经营情况 模块进入子模块页面_检查子模块存在经营核实tab标签_点击顶部经营核实tab标签_进入经营核实页面_显示问题_2.借款人是否是本人实际在经营业务？是否存在代持执照，借用银行账户代走生意流水的情况？_显示单选框是_选中_显示2-1问题_情况说明（请输入文字描述）_多行文本输入_不输入文本
2025-06-07 18:08:09.428 [DBG] 处理分支: 尽调问卷新增问卷项_微营销端_代办列表_共富贷产品_客户经理陈平安存在待简易尽调的数据_点击待办列表待尽调的数据_进入尽调页面_信息检验页_点击编辑_点击下一步_进入尽调问卷页_点击 经营情况 模块进入子模块页面_检查子模块存在经营核实tab标签_点击顶部经营核实tab标签_进入经营核实页面_显示问题_2.借款人是否是本人实际在经营业务？是否存在代持执照，借用银行账户代走生意流水的情况？_显示单选框是_选中_显示2-1问题_情况说明（请输入文字描述）_多行文本输入_不输入文本_提示不能为空
2025-06-07 18:08:09.428 [DBG] 添加测试用例: 尽调问卷新增问卷项_微营销端_代办列表_共富贷产品_客户经理陈平安存在待简易尽调的数据_点击待办列表待尽调的数据_进入尽调页面_信息检验页_点击编辑_点击下一步_进入尽调问卷页_点击 经营情况 模块进入子模块页面_检查子模块存在经营核实tab标签_点击顶部经营核实tab标签_进入经营核实页面_显示问题_2.借款人是否是本人实际在经营业务？是否存在代持执照，借用银行账户代走生意流水的情况？_显示单选框是_选中_显示2-1问题_情况说明（请输入文字描述）_多行文本输入_不输入文本_提示不能为空
2025-06-07 18:08:09.428 [DBG] 处理分支: 尽调问卷新增问卷项_微营销端_代办列表_共富贷产品_客户经理陈平安存在待简易尽调的数据_点击待办列表待尽调的数据_进入尽调页面_信息检验页_点击编辑_点击下一步_进入尽调问卷页_点击 经营情况 模块进入子模块页面_检查子模块存在经营核实tab标签_点击顶部经营核实tab标签_进入经营核实页面_显示问题_2.借款人是否是本人实际在经营业务？是否存在代持执照，借用银行账户代走生意流水的情况？_显示单选框是_选中_显示2-1问题_情况说明（请输入文字描述）_多行文本输入_输入文本
2025-06-07 18:08:09.428 [DBG] 处理分支: 尽调问卷新增问卷项_微营销端_代办列表_共富贷产品_客户经理陈平安存在待简易尽调的数据_点击待办列表待尽调的数据_进入尽调页面_信息检验页_点击编辑_点击下一步_进入尽调问卷页_点击 经营情况 模块进入子模块页面_检查子模块存在经营核实tab标签_点击顶部经营核实tab标签_进入经营核实页面_显示问题_2.借款人是否是本人实际在经营业务？是否存在代持执照，借用银行账户代走生意流水的情况？_显示单选框是_选中_显示2-1问题_情况说明（请输入文字描述）_多行文本输入_输入文本_200
2025-06-07 18:08:09.428 [DBG] 处理分支: 尽调问卷新增问卷项_微营销端_代办列表_共富贷产品_客户经理陈平安存在待简易尽调的数据_点击待办列表待尽调的数据_进入尽调页面_信息检验页_点击编辑_点击下一步_进入尽调问卷页_点击 经营情况 模块进入子模块页面_检查子模块存在经营核实tab标签_点击顶部经营核实tab标签_进入经营核实页面_显示问题_2.借款人是否是本人实际在经营业务？是否存在代持执照，借用银行账户代走生意流水的情况？_显示单选框是_选中_显示2-1问题_情况说明（请输入文字描述）_多行文本输入_输入文本_200_不显示错误提示
2025-06-07 18:08:09.428 [DBG] 添加测试用例: 尽调问卷新增问卷项_微营销端_代办列表_共富贷产品_客户经理陈平安存在待简易尽调的数据_点击待办列表待尽调的数据_进入尽调页面_信息检验页_点击编辑_点击下一步_进入尽调问卷页_点击 经营情况 模块进入子模块页面_检查子模块存在经营核实tab标签_点击顶部经营核实tab标签_进入经营核实页面_显示问题_2.借款人是否是本人实际在经营业务？是否存在代持执照，借用银行账户代走生意流水的情况？_显示单选框是_选中_显示2-1问题_情况说明（请输入文字描述）_多行文本输入_输入文本_200_不显示错误提示
2025-06-07 18:08:09.428 [DBG] 处理分支: 尽调问卷新增问卷项_微营销端_代办列表_共富贷产品_客户经理陈平安存在待简易尽调的数据_点击待办列表待尽调的数据_进入尽调页面_信息检验页_点击编辑_点击下一步_进入尽调问卷页_点击 经营情况 模块进入子模块页面_检查子模块存在经营核实tab标签_点击顶部经营核实tab标签_进入经营核实页面_显示问题_2.借款人是否是本人实际在经营业务？是否存在代持执照，借用银行账户代走生意流水的情况？_显示单选框是_选中_显示2-1问题_情况说明（请输入文字描述）_多行文本输入_输入文本_201
2025-06-07 18:08:09.428 [DBG] 处理分支: 尽调问卷新增问卷项_微营销端_代办列表_共富贷产品_客户经理陈平安存在待简易尽调的数据_点击待办列表待尽调的数据_进入尽调页面_信息检验页_点击编辑_点击下一步_进入尽调问卷页_点击 经营情况 模块进入子模块页面_检查子模块存在经营核实tab标签_点击顶部经营核实tab标签_进入经营核实页面_显示问题_2.借款人是否是本人实际在经营业务？是否存在代持执照，借用银行账户代走生意流水的情况？_显示单选框是_选中_显示2-1问题_情况说明（请输入文字描述）_多行文本输入_输入文本_201_提示超过上限
2025-06-07 18:08:09.428 [DBG] 添加测试用例: 尽调问卷新增问卷项_微营销端_代办列表_共富贷产品_客户经理陈平安存在待简易尽调的数据_点击待办列表待尽调的数据_进入尽调页面_信息检验页_点击编辑_点击下一步_进入尽调问卷页_点击 经营情况 模块进入子模块页面_检查子模块存在经营核实tab标签_点击顶部经营核实tab标签_进入经营核实页面_显示问题_2.借款人是否是本人实际在经营业务？是否存在代持执照，借用银行账户代走生意流水的情况？_显示单选框是_选中_显示2-1问题_情况说明（请输入文字描述）_多行文本输入_输入文本_201_提示超过上限
2025-06-07 18:08:09.428 [DBG] 处理分支: 尽调问卷新增问卷项_微营销端_代办列表_共富贷产品_客户经理陈平安存在待简易尽调的数据_点击待办列表待尽调的数据_进入尽调页面_信息检验页_点击编辑_点击下一步_进入尽调问卷页_点击 经营情况 模块进入子模块页面_检查子模块存在经营核实tab标签_点击顶部经营核实tab标签_进入经营核实页面_显示问题_2.借款人是否是本人实际在经营业务？是否存在代持执照，借用银行账户代走生意流水的情况？_显示单选框否
2025-06-07 18:08:09.428 [DBG] 处理分支: 尽调问卷新增问卷项_微营销端_代办列表_共富贷产品_客户经理陈平安存在待简易尽调的数据_点击待办列表待尽调的数据_进入尽调页面_信息检验页_点击编辑_点击下一步_进入尽调问卷页_点击 经营情况 模块进入子模块页面_检查子模块存在经营核实tab标签_点击顶部经营核实tab标签_进入经营核实页面_显示问题_2.借款人是否是本人实际在经营业务？是否存在代持执照，借用银行账户代走生意流水的情况？_显示单选框否_选中
2025-06-07 18:08:09.428 [DBG] 处理分支: 尽调问卷新增问卷项_微营销端_代办列表_共富贷产品_客户经理陈平安存在待简易尽调的数据_点击待办列表待尽调的数据_进入尽调页面_信息检验页_点击编辑_点击下一步_进入尽调问卷页_点击 经营情况 模块进入子模块页面_检查子模块存在经营核实tab标签_点击顶部经营核实tab标签_进入经营核实页面_显示问题_2.借款人是否是本人实际在经营业务？是否存在代持执照，借用银行账户代走生意流水的情况？_显示单选框否_选中_不显示2-1问题
2025-06-07 18:08:09.428 [DBG] 添加测试用例: 尽调问卷新增问卷项_微营销端_代办列表_共富贷产品_客户经理陈平安存在待简易尽调的数据_点击待办列表待尽调的数据_进入尽调页面_信息检验页_点击编辑_点击下一步_进入尽调问卷页_点击 经营情况 模块进入子模块页面_检查子模块存在经营核实tab标签_点击顶部经营核实tab标签_进入经营核实页面_显示问题_2.借款人是否是本人实际在经营业务？是否存在代持执照，借用银行账户代走生意流水的情况？_显示单选框否_选中_不显示2-1问题
2025-06-07 18:08:09.428 [DBG] 处理分支: 尽调问卷新增问卷项_微营销端_代办列表_共富贷产品_客户经理陈平安存在待简易尽调的数据_点击待办列表待尽调的数据_进入尽调页面_信息检验页_点击编辑_点击下一步_进入尽调问卷页_点击 经营情况 模块进入子模块页面_检查子模块存在经营核实tab标签_点击顶部经营核实tab标签_进入经营核实页面_显示问题_2.借款人是否是本人实际在经营业务？是否存在代持执照，借用银行账户代走生意流水的情况？_注意问题编号
2025-06-07 18:08:09.428 [DBG] 添加测试用例: 尽调问卷新增问卷项_微营销端_代办列表_共富贷产品_客户经理陈平安存在待简易尽调的数据_点击待办列表待尽调的数据_进入尽调页面_信息检验页_点击编辑_点击下一步_进入尽调问卷页_点击 经营情况 模块进入子模块页面_检查子模块存在经营核实tab标签_点击顶部经营核实tab标签_进入经营核实页面_显示问题_2.借款人是否是本人实际在经营业务？是否存在代持执照，借用银行账户代走生意流水的情况？_注意问题编号
2025-06-07 18:08:09.428 [DBG] 处理分支: 尽调问卷新增问卷项_微营销端_代办列表_共富贷产品_客户经理陈平安存在待简易尽调的数据_点击待办列表待尽调的数据_进入尽调页面_信息检验页_点击编辑_点击下一步_进入尽调问卷页_点击 经营情况 模块进入子模块页面_检查子模块存在经营核实tab标签_点击顶部经营核实tab标签_进入经营核实页面_问卷必填信息输入完成后
2025-06-07 18:08:09.428 [DBG] 处理分支: 尽调问卷新增问卷项_微营销端_代办列表_共富贷产品_客户经理陈平安存在待简易尽调的数据_点击待办列表待尽调的数据_进入尽调页面_信息检验页_点击编辑_点击下一步_进入尽调问卷页_点击 经营情况 模块进入子模块页面_检查子模块存在经营核实tab标签_点击顶部经营核实tab标签_进入经营核实页面_问卷必填信息输入完成后_点击暂存按钮
2025-06-07 18:08:09.428 [DBG] 处理分支: 尽调问卷新增问卷项_微营销端_代办列表_共富贷产品_客户经理陈平安存在待简易尽调的数据_点击待办列表待尽调的数据_进入尽调页面_信息检验页_点击编辑_点击下一步_进入尽调问卷页_点击 经营情况 模块进入子模块页面_检查子模块存在经营核实tab标签_点击顶部经营核实tab标签_进入经营核实页面_问卷必填信息输入完成后_点击暂存按钮_返回尽调问卷页面
2025-06-07 18:08:09.428 [DBG] 处理分支: 尽调问卷新增问卷项_微营销端_代办列表_共富贷产品_客户经理陈平安存在待简易尽调的数据_点击待办列表待尽调的数据_进入尽调页面_信息检验页_点击编辑_点击下一步_进入尽调问卷页_点击 经营情况 模块进入子模块页面_检查子模块存在经营核实tab标签_点击顶部经营核实tab标签_进入经营核实页面_问卷必填信息输入完成后_点击暂存按钮_返回尽调问卷页面_再次点击
2025-06-07 18:08:09.428 [DBG] 处理分支: 尽调问卷新增问卷项_微营销端_代办列表_共富贷产品_客户经理陈平安存在待简易尽调的数据_点击待办列表待尽调的数据_进入尽调页面_信息检验页_点击编辑_点击下一步_进入尽调问卷页_点击 经营情况 模块进入子模块页面_检查子模块存在经营核实tab标签_点击顶部经营核实tab标签_进入经营核实页面_问卷必填信息输入完成后_点击暂存按钮_返回尽调问卷页面_再次点击_ 经营情况 模块进入经营核实tab页
2025-06-07 18:08:09.428 [DBG] 处理分支: 尽调问卷新增问卷项_微营销端_代办列表_共富贷产品_客户经理陈平安存在待简易尽调的数据_点击待办列表待尽调的数据_进入尽调页面_信息检验页_点击编辑_点击下一步_进入尽调问卷页_点击 经营情况 模块进入子模块页面_检查子模块存在经营核实tab标签_点击顶部经营核实tab标签_进入经营核实页面_问卷必填信息输入完成后_点击暂存按钮_返回尽调问卷页面_再次点击_ 经营情况 模块进入经营核实tab页_显示上次输入的内容
2025-06-07 18:08:09.428 [DBG] 添加测试用例: 尽调问卷新增问卷项_微营销端_代办列表_共富贷产品_客户经理陈平安存在待简易尽调的数据_点击待办列表待尽调的数据_进入尽调页面_信息检验页_点击编辑_点击下一步_进入尽调问卷页_点击 经营情况 模块进入子模块页面_检查子模块存在经营核实tab标签_点击顶部经营核实tab标签_进入经营核实页面_问卷必填信息输入完成后_点击暂存按钮_返回尽调问卷页面_再次点击_ 经营情况 模块进入经营核实tab页_显示上次输入的内容
2025-06-07 18:08:09.429 [DBG] 处理分支: 尽调问卷新增问卷项_微营销端_代办列表_共富贷产品_客户经理陈平安存在待简易尽调的数据_点击待办列表待尽调的数据_进入尽调页面_信息检验页_点击编辑_点击下一步_进入尽调问卷页_点击 经营情况 模块进入子模块页面_检查子模块存在经营核实tab标签_点击顶部经营核实tab标签_进入经营核实页面_问卷必填信息输入完成后_点击暂存按钮_经营核实tab显示✅ico
2025-06-07 18:08:09.429 [DBG] 添加测试用例: 尽调问卷新增问卷项_微营销端_代办列表_共富贷产品_客户经理陈平安存在待简易尽调的数据_点击待办列表待尽调的数据_进入尽调页面_信息检验页_点击编辑_点击下一步_进入尽调问卷页_点击 经营情况 模块进入子模块页面_检查子模块存在经营核实tab标签_点击顶部经营核实tab标签_进入经营核实页面_问卷必填信息输入完成后_点击暂存按钮_经营核实tab显示✅ico
2025-06-07 18:08:09.429 [DBG] 处理分支: 尽调问卷新增问卷项_微营销端_代办列表_共富贷产品_客户经理陈平安存在待简易尽调的数据_点击待办列表待尽调的数据_进入尽调页面_信息检验页_点击编辑_点击下一步_进入尽调问卷页_点击 经营情况 模块进入子模块页面_检查子模块存在经营核实tab标签_点击顶部经营核实tab标签_进入经营核实页面_问卷必填信息输入完成后_点击保存按钮
2025-06-07 18:08:09.429 [DBG] 处理分支: 尽调问卷新增问卷项_微营销端_代办列表_共富贷产品_客户经理陈平安存在待简易尽调的数据_点击待办列表待尽调的数据_进入尽调页面_信息检验页_点击编辑_点击下一步_进入尽调问卷页_点击 经营情况 模块进入子模块页面_检查子模块存在经营核实tab标签_点击顶部经营核实tab标签_进入经营核实页面_问卷必填信息输入完成后_点击保存按钮_会自动进入下一个问卷tab
2025-06-07 18:08:09.429 [DBG] 添加测试用例: 尽调问卷新增问卷项_微营销端_代办列表_共富贷产品_客户经理陈平安存在待简易尽调的数据_点击待办列表待尽调的数据_进入尽调页面_信息检验页_点击编辑_点击下一步_进入尽调问卷页_点击 经营情况 模块进入子模块页面_检查子模块存在经营核实tab标签_点击顶部经营核实tab标签_进入经营核实页面_问卷必填信息输入完成后_点击保存按钮_会自动进入下一个问卷tab
2025-06-07 18:08:09.429 [DBG] 处理分支: 尽调问卷新增问卷项_微营销端_代办列表_共富贷产品_客户经理陈平安存在待简易尽调的数据_点击待办列表待尽调的数据_进入尽调页面_信息检验页_点击编辑_点击下一步_进入尽调问卷页_点击 经营情况 模块进入子模块页面_检查子模块存在经营核实tab标签_点击顶部经营核实tab标签_进入经营核实页面_问卷必填信息输入完成后_返回尽调问卷页面
2025-06-07 18:08:09.429 [DBG] 处理分支: 尽调问卷新增问卷项_微营销端_代办列表_共富贷产品_客户经理陈平安存在待简易尽调的数据_点击待办列表待尽调的数据_进入尽调页面_信息检验页_点击编辑_点击下一步_进入尽调问卷页_点击 经营情况 模块进入子模块页面_检查子模块存在经营核实tab标签_点击顶部经营核实tab标签_进入经营核实页面_问卷必填信息输入完成后_返回尽调问卷页面_再次点击
2025-06-07 18:08:09.429 [DBG] 处理分支: 尽调问卷新增问卷项_微营销端_代办列表_共富贷产品_客户经理陈平安存在待简易尽调的数据_点击待办列表待尽调的数据_进入尽调页面_信息检验页_点击编辑_点击下一步_进入尽调问卷页_点击 经营情况 模块进入子模块页面_检查子模块存在经营核实tab标签_点击顶部经营核实tab标签_进入经营核实页面_问卷必填信息输入完成后_返回尽调问卷页面_再次点击_ 经营情况 模块进入经营核实tab页
2025-06-07 18:08:09.429 [DBG] 处理分支: 尽调问卷新增问卷项_微营销端_代办列表_共富贷产品_客户经理陈平安存在待简易尽调的数据_点击待办列表待尽调的数据_进入尽调页面_信息检验页_点击编辑_点击下一步_进入尽调问卷页_点击 经营情况 模块进入子模块页面_检查子模块存在经营核实tab标签_点击顶部经营核实tab标签_进入经营核实页面_问卷必填信息输入完成后_返回尽调问卷页面_再次点击_ 经营情况 模块进入经营核实tab页_显示上次输入的内容
2025-06-07 18:08:09.429 [DBG] 添加测试用例: 尽调问卷新增问卷项_微营销端_代办列表_共富贷产品_客户经理陈平安存在待简易尽调的数据_点击待办列表待尽调的数据_进入尽调页面_信息检验页_点击编辑_点击下一步_进入尽调问卷页_点击 经营情况 模块进入子模块页面_检查子模块存在经营核实tab标签_点击顶部经营核实tab标签_进入经营核实页面_问卷必填信息输入完成后_返回尽调问卷页面_再次点击_ 经营情况 模块进入经营核实tab页_显示上次输入的内容
2025-06-07 18:08:09.429 [DBG] 处理分支: 尽调问卷新增问卷项_微营销端_代办列表_共富贷产品_客户经理陈平安存在待简易尽调的数据_点击待办列表待尽调的数据_进入尽调页面_信息检验页_点击编辑_点击下一步_进入尽调问卷页_点击 经营情况 模块进入子模块页面_检查子模块存在经营核实tab标签_点击顶部经营核实tab标签_进入经营核实页面_问卷必填信息输入完成后_返回尽调问卷页面_经营核实模块卡片显示已完成4/4
2025-06-07 18:08:09.429 [DBG] 添加测试用例: 尽调问卷新增问卷项_微营销端_代办列表_共富贷产品_客户经理陈平安存在待简易尽调的数据_点击待办列表待尽调的数据_进入尽调页面_信息检验页_点击编辑_点击下一步_进入尽调问卷页_点击 经营情况 模块进入子模块页面_检查子模块存在经营核实tab标签_点击顶部经营核实tab标签_进入经营核实页面_问卷必填信息输入完成后_返回尽调问卷页面_经营核实模块卡片显示已完成4/4
2025-06-07 18:08:09.429 [DBG] 处理分支: 尽调问卷新增问卷项_微营销端_代办列表_共富贷产品_客户经理陈平安存在待财务尽调的数据
2025-06-07 18:08:09.429 [DBG] 处理分支: 尽调问卷新增问卷项_微营销端_代办列表_共富贷产品_客户经理陈平安存在待财务尽调的数据_同简易尽调测试流程
2025-06-07 18:08:09.429 [DBG] 添加测试用例: 尽调问卷新增问卷项_微营销端_代办列表_共富贷产品_客户经理陈平安存在待财务尽调的数据_同简易尽调测试流程
2025-06-07 18:08:09.429 [DBG] 处理分支: 尽调问卷新增问卷项_微营销端_代办列表_共富贷产品_客户经理陈平安存在待亲见的数据
2025-06-07 18:08:09.429 [DBG] 处理分支: 尽调问卷新增问卷项_微营销端_代办列表_共富贷产品_客户经理陈平安存在待亲见的数据_进入问卷页
2025-06-07 18:08:09.429 [DBG] 处理分支: 尽调问卷新增问卷项_微营销端_代办列表_共富贷产品_客户经理陈平安存在待亲见的数据_进入问卷页_显示
2025-06-07 18:08:09.429 [DBG] 处理分支: 尽调问卷新增问卷项_微营销端_代办列表_共富贷产品_客户经理陈平安存在待亲见的数据_进入问卷页_显示_借款人是否是本人实际在经营业务？是否存在代持执照，借用银行账户代走生意流水的情况？
2025-06-07 18:08:09.429 [DBG] 处理分支: 尽调问卷新增问卷项_微营销端_代办列表_共富贷产品_客户经理陈平安存在待亲见的数据_进入问卷页_显示_借款人是否是本人实际在经营业务？是否存在代持执照，借用银行账户代走生意流水的情况？_显示单选框是
2025-06-07 18:08:09.429 [DBG] 处理分支: 尽调问卷新增问卷项_微营销端_代办列表_共富贷产品_客户经理陈平安存在待亲见的数据_进入问卷页_显示_借款人是否是本人实际在经营业务？是否存在代持执照，借用银行账户代走生意流水的情况？_显示单选框是_选中
2025-06-07 18:08:09.429 [DBG] 处理分支: 尽调问卷新增问卷项_微营销端_代办列表_共富贷产品_客户经理陈平安存在待亲见的数据_进入问卷页_显示_借款人是否是本人实际在经营业务？是否存在代持执照，借用银行账户代走生意流水的情况？_显示单选框是_选中_显示问题
2025-06-07 18:08:09.429 [DBG] 处理分支: 尽调问卷新增问卷项_微营销端_代办列表_共富贷产品_客户经理陈平安存在待亲见的数据_进入问卷页_显示_借款人是否是本人实际在经营业务？是否存在代持执照，借用银行账户代走生意流水的情况？_显示单选框是_选中_显示问题_情况说明（请输入文字描述）
2025-06-07 18:08:09.429 [DBG] 处理分支: 尽调问卷新增问卷项_微营销端_代办列表_共富贷产品_客户经理陈平安存在待亲见的数据_进入问卷页_显示_借款人是否是本人实际在经营业务？是否存在代持执照，借用银行账户代走生意流水的情况？_显示单选框是_选中_显示问题_情况说明（请输入文字描述）_多行文本输入
2025-06-07 18:08:09.429 [DBG] 处理分支: 尽调问卷新增问卷项_微营销端_代办列表_共富贷产品_客户经理陈平安存在待亲见的数据_进入问卷页_显示_借款人是否是本人实际在经营业务？是否存在代持执照，借用银行账户代走生意流水的情况？_显示单选框是_选中_显示问题_情况说明（请输入文字描述）_多行文本输入_不输入文本
2025-06-07 18:08:09.429 [DBG] 处理分支: 尽调问卷新增问卷项_微营销端_代办列表_共富贷产品_客户经理陈平安存在待亲见的数据_进入问卷页_显示_借款人是否是本人实际在经营业务？是否存在代持执照，借用银行账户代走生意流水的情况？_显示单选框是_选中_显示问题_情况说明（请输入文字描述）_多行文本输入_不输入文本_提示不能为空
2025-06-07 18:08:09.429 [DBG] 添加测试用例: 尽调问卷新增问卷项_微营销端_代办列表_共富贷产品_客户经理陈平安存在待亲见的数据_进入问卷页_显示_借款人是否是本人实际在经营业务？是否存在代持执照，借用银行账户代走生意流水的情况？_显示单选框是_选中_显示问题_情况说明（请输入文字描述）_多行文本输入_不输入文本_提示不能为空
2025-06-07 18:08:09.429 [DBG] 处理分支: 尽调问卷新增问卷项_微营销端_代办列表_共富贷产品_客户经理陈平安存在待亲见的数据_进入问卷页_显示_借款人是否是本人实际在经营业务？是否存在代持执照，借用银行账户代走生意流水的情况？_显示单选框是_选中_显示问题_情况说明（请输入文字描述）_多行文本输入_输入文本
2025-06-07 18:08:09.429 [DBG] 处理分支: 尽调问卷新增问卷项_微营销端_代办列表_共富贷产品_客户经理陈平安存在待亲见的数据_进入问卷页_显示_借款人是否是本人实际在经营业务？是否存在代持执照，借用银行账户代走生意流水的情况？_显示单选框是_选中_显示问题_情况说明（请输入文字描述）_多行文本输入_输入文本_200
2025-06-07 18:08:09.429 [DBG] 处理分支: 尽调问卷新增问卷项_微营销端_代办列表_共富贷产品_客户经理陈平安存在待亲见的数据_进入问卷页_显示_借款人是否是本人实际在经营业务？是否存在代持执照，借用银行账户代走生意流水的情况？_显示单选框是_选中_显示问题_情况说明（请输入文字描述）_多行文本输入_输入文本_200_不显示错误提示
2025-06-07 18:08:09.429 [DBG] 添加测试用例: 尽调问卷新增问卷项_微营销端_代办列表_共富贷产品_客户经理陈平安存在待亲见的数据_进入问卷页_显示_借款人是否是本人实际在经营业务？是否存在代持执照，借用银行账户代走生意流水的情况？_显示单选框是_选中_显示问题_情况说明（请输入文字描述）_多行文本输入_输入文本_200_不显示错误提示
2025-06-07 18:08:09.429 [DBG] 处理分支: 尽调问卷新增问卷项_微营销端_代办列表_共富贷产品_客户经理陈平安存在待亲见的数据_进入问卷页_显示_借款人是否是本人实际在经营业务？是否存在代持执照，借用银行账户代走生意流水的情况？_显示单选框是_选中_显示问题_情况说明（请输入文字描述）_多行文本输入_输入文本_201
2025-06-07 18:08:09.429 [DBG] 处理分支: 尽调问卷新增问卷项_微营销端_代办列表_共富贷产品_客户经理陈平安存在待亲见的数据_进入问卷页_显示_借款人是否是本人实际在经营业务？是否存在代持执照，借用银行账户代走生意流水的情况？_显示单选框是_选中_显示问题_情况说明（请输入文字描述）_多行文本输入_输入文本_201_提示超过上限
2025-06-07 18:08:09.429 [DBG] 添加测试用例: 尽调问卷新增问卷项_微营销端_代办列表_共富贷产品_客户经理陈平安存在待亲见的数据_进入问卷页_显示_借款人是否是本人实际在经营业务？是否存在代持执照，借用银行账户代走生意流水的情况？_显示单选框是_选中_显示问题_情况说明（请输入文字描述）_多行文本输入_输入文本_201_提示超过上限
2025-06-07 18:08:09.429 [DBG] 处理分支: 尽调问卷新增问卷项_微营销端_代办列表_共富贷产品_客户经理陈平安存在待亲见的数据_进入问卷页_显示_借款人是否是本人实际在经营业务？是否存在代持执照，借用银行账户代走生意流水的情况？_显示单选框否
2025-06-07 18:08:09.429 [DBG] 处理分支: 尽调问卷新增问卷项_微营销端_代办列表_共富贷产品_客户经理陈平安存在待亲见的数据_进入问卷页_显示_借款人是否是本人实际在经营业务？是否存在代持执照，借用银行账户代走生意流水的情况？_显示单选框否_选中
2025-06-07 18:08:09.429 [DBG] 处理分支: 尽调问卷新增问卷项_微营销端_代办列表_共富贷产品_客户经理陈平安存在待亲见的数据_进入问卷页_显示_借款人是否是本人实际在经营业务？是否存在代持执照，借用银行账户代走生意流水的情况？_显示单选框否_选中_不显示问题
2025-06-07 18:08:09.429 [DBG] 添加测试用例: 尽调问卷新增问卷项_微营销端_代办列表_共富贷产品_客户经理陈平安存在待亲见的数据_进入问卷页_显示_借款人是否是本人实际在经营业务？是否存在代持执照，借用银行账户代走生意流水的情况？_显示单选框否_选中_不显示问题
2025-06-07 18:08:09.429 [DBG] 处理分支: 尽调问卷新增问卷项_微营销端_代办列表_共富贷产品_客户经理陈平安存在待亲见的数据_进入问卷页_显示_借款人是否是本人实际在经营业务？是否存在代持执照，借用银行账户代走生意流水的情况？_此问题为问卷最后一个问题
2025-06-07 18:08:09.429 [DBG] 添加测试用例: 尽调问卷新增问卷项_微营销端_代办列表_共富贷产品_客户经理陈平安存在待亲见的数据_进入问卷页_显示_借款人是否是本人实际在经营业务？是否存在代持执照，借用银行账户代走生意流水的情况？_此问题为问卷最后一个问题
2025-06-07 18:08:09.429 [DBG] 处理分支: 尽调问卷新增问卷项_微营销端_代办列表_共富贷经营贷产品
2025-06-07 18:08:09.429 [DBG] 处理分支: 尽调问卷新增问卷项_微营销端_代办列表_共富贷经营贷产品_客户经理陈平安存在待简易尽调的数据
2025-06-07 18:08:09.429 [DBG] 处理分支: 尽调问卷新增问卷项_微营销端_代办列表_共富贷经营贷产品_客户经理陈平安存在待简易尽调的数据_同共富贷产品简易尽调测试流程
2025-06-07 18:08:09.429 [DBG] 添加测试用例: 尽调问卷新增问卷项_微营销端_代办列表_共富贷经营贷产品_客户经理陈平安存在待简易尽调的数据_同共富贷产品简易尽调测试流程
2025-06-07 18:08:09.429 [DBG] 处理分支: 尽调问卷新增问卷项_微营销端_代办列表_共富贷经营贷产品_客户经理陈平安存在待财务尽调的数据
2025-06-07 18:08:09.429 [DBG] 处理分支: 尽调问卷新增问卷项_微营销端_代办列表_共富贷经营贷产品_客户经理陈平安存在待财务尽调的数据_同共富贷产品财务尽调测试流程
2025-06-07 18:08:09.429 [DBG] 添加测试用例: 尽调问卷新增问卷项_微营销端_代办列表_共富贷经营贷产品_客户经理陈平安存在待财务尽调的数据_同共富贷产品财务尽调测试流程
2025-06-07 18:08:09.429 [DBG] 处理分支: 尽调问卷新增问卷项_微营销端_代办列表_共富贷经营贷产品_客户经理陈平安存在待亲见的数据
2025-06-07 18:08:09.429 [DBG] 处理分支: 尽调问卷新增问卷项_微营销端_代办列表_共富贷经营贷产品_客户经理陈平安存在待亲见的数据_同共富贷产品亲见测试流程
2025-06-07 18:08:09.429 [DBG] 添加测试用例: 尽调问卷新增问卷项_微营销端_代办列表_共富贷经营贷产品_客户经理陈平安存在待亲见的数据_同共富贷产品亲见测试流程
2025-06-07 18:08:09.429 [INF] 思维导图处理完成，共生成 26 个测试用例
